   Compiling canic-host v0.110.16 (/home/adam/projects/canic/crates/canic-host)
   Compiling canic-cli v0.110.16 (/home/adam/projects/canic/crates/canic-cli)
    Finished `test` profile [optimized + debuginfo] target(s) in 1m 19s
     Running unittests src/lib.rs (target/debug/deps/canic_cli-ee986c852760fbba)

running 105 tests
test apps::tests::app_check_rejects_an_environment_that_excludes_required_roles ... ok
test apps::tests::app_config_dispatch_preserves_list_error ... ok
test apps::tests::app_create_dispatch_preserves_scaffold_error ... ok
test apps::tests::app_role_usage_lists_current_subcommands ... ok
test apps::tests::app_usage_lists_only_current_subcommands ... ok
test apps::tests::confirm_delete_app_requires_exact_name ... ok
test apps::tests::leaf_usage_covers_current_arguments ... ok
test apps::tests::parses_app_options ... ok
test apps::tests::parses_check_app ... ok
test apps::tests::parses_delete_app_dry_run_option ... ok
test apps::tests::parses_delete_app_options ... ok
test apps::tests::parses_role_attach_app_role_and_component_spec ... ok
test apps::tests::parses_role_attach_dry_run_option ... ok
test apps::tests::parses_role_attach_kind ... ok
test apps::tests::parses_role_declare_app_role_and_package ... ok
test apps::tests::parses_role_declare_dry_run_option ... ok
test apps::tests::parses_role_inspect_app_and_role ... ok
test apps::tests::parses_role_list_app ... ok
test apps::tests::parses_role_rename_app_old_role_and_new_role ... ok
test apps::tests::parses_role_rename_dry_run_option ... ok
test apps::tests::rejects_unknown_check_option ... ok
test apps::tests::renders_app_list_table ... ok
test apps::tests::renders_declared_only_role_inspection ... ok
test apps::tests::renders_planned_delete_output ... ok
test apps::tests::renders_role_lifecycle_table ... ok
test apps::tests::renders_role_mutation_outputs ... ok
test auth::tests::icp_io_failure_keeps_usage_exit_class ... ok
test apps::tests::delete_target_resolves_config_parent ... ok
test auth::tests::top_level_forwards_auth_global_icp_and_environment ... ok
test backup::render::inspect::tests::backup_inspect_report_json_uses_fleet_identity_field ... ok
test backup::render::inspect::tests::render_backup_inspect_report_shows_layout_sections ... ok
test blob_storage::tests::top_level_forwards_global_icp_and_environment ... ok
test cli::defaults::tests::default_icp_is_icp ... ok
test cli::globals::tests::fleet_accepts_global_icp_and_environment ... ok
test cli::globals::tests::info_subnets_accepts_global_icp_and_environment ... ok
test cli::globals::tests::restore_runner_and_status_accept_global_icp_and_environment ... ok
test cycles::convert::options::tests::rejects_missing_icp_amount ... ok
test frontend::tests::sync_context_rejects_another_environment_or_asset ... ok
test frontend::tests::uploaded_verification_requires_independent_digest_and_exact_target ... ok
test inspect::management::tests::partial_status_stays_unavailable_and_wrong_target_rejects ... ok
test inspect::tests::failing_runtime_status_maps_to_status_exit ... ok
test build::tests::build_resolves_named_ic_build_network_from_icp_yaml ... ok
test inspect::tests::fleet_json_report_uses_fleet_identity ... ok
test inspect::tests::invalid_response_bytes_hex_is_rejected ... ok
test inspect::tests::json_report_labels_runtime_observed_payload ... ok
test inspect::tests::parses_direct_canister_target ... ok
test inspect::tests::parses_fleet_role_target ... ok
test inspect::tests::rejects_ambiguous_target_form ... ok
test inspect::tests::rejects_broad_fleet_fanout ... ok
test inspect::tests::decodes_runtime_status_from_response_bytes ... ok
test inspect::tests::rejects_endpoint_mode_flags_in_first_slice ... ok
test inspect::tests::rejects_fleet_without_role ... ok
test inspect::tests::response_without_response_bytes_is_rejected ... ok
test inspect::tests::text_report_labels_runtime_observed_payload ... ok
test inspect::tests::rejects_unsupported_readiness_schema ... ok
test inspect::tests::rejects_unsupported_runtime_schema ... ok
test inspect::tests::usage_binds_fleet_inspection_to_terminal_current_ensure ... ok
test list::tests::list_preserves_icp_root_resolution_causes ... ok
test medic::admission::tests::medic_distinguishes_converged_active_and_stale_admission ... ok
test medic::role_contract::tests::cargo_evidence_failure_recommends_cache_preparation_and_retains_cause ... ok
test medic::tests::aggregate_status_follows_report_contract ... ok
test medic::tests::auth_renewal_medic_error_check_classifies_invalid_issuer ... ok
test medic::tests::blob_storage_medic_error_check_classifies_target_errors ... ok
test medic::tests::failed_medic_report_suppresses_cli_stderr ... ok
test medic::tests::blob_storage_passive_detection_rejects_partial_or_unrelated_candid ... ok
test medic::tests::fleet_environment_selection_prefers_explicit_environment ... ok
test medic::tests::fleet_report_includes_effective_environment ... ok
test medic::tests::icp_cli_error_check_distinguishes_missing_cli ... ok
test medic::tests::icp_identity_session_cache_hint_is_informational ... ok
test medic::tests::medic_cli_errors_map_to_designed_exit_codes ... ok
test medic::tests::medic_subcommand_help_requests_are_not_targets ... ok
test medic::tests::medic_usage_and_internal_errors_render_cli_stderr ... ok
test medic::tests::orders_checks_by_category ... ok
test medic::tests::medic_usage_includes_top_level_examples ... ok
test medic::tests::parses_bare_workspace_medic_options ... ok
test medic::tests::parses_fleet_auth_renewal_medic_target ... ok
test medic::tests::parses_fleet_blob_storage_medic_target ... ok
test medic::tests::parses_fleet_medic_options ... ok
test medic::tests::rejects_removed_project_medic_subcommand ... ok
test medic::tests::renders_auth_renewal_medic_summary ... ok
test medic::tests::renders_blob_storage_medic_summary ... ok
test medic::tests::renders_medic_ci_report_with_actionable_rows_and_consistent_counts ... ok
test medic::tests::renders_medic_ci_report_without_failures ... ok
test medic::tests::renders_medic_ci_state_audit_result ... ok
test medic::tests::renders_medic_json_report ... ok
test medic::tests::renders_medic_text_report ... ok
test medic::tests::workspace_environment_selection_check_is_workspace_only ... ok
test medic::tests::workspace_medic_summarizes_state_audit_status ... ok
test medic::tests::wraps_long_medic_report_fields ... ok
test medic::tests::wraps_unbroken_long_medic_report_fields ... ok
test replica::tests::replica_status_json_exposes_stale_icp_status ... ok
test restore::tests::options::parses_uploaded_snapshot_id_from_icp_output ... ok
test support::icp_target::tests::parsed_target_builds_one_exact_project_command_context ... ok
test medic::tests::passive_blob_storage_hint_uses_local_candid_only ... ok
test tests::icp_backed_command_rejects_unparseable_icp_before_effects ... ok
test backup::tests::inspect::backup_inspect_rejects_manifest_layout_missing_execution_journal ... ok
test backup::tests::inspect::backup_inspect_reads_dry_run_details ... ok
test medic::tests::workspace_config_quality_checks_reject_package_feature_forwarding ... ok
test medic::tests::workspace_config_quality_checks_reject_workspace_canic_features ... ok
test medic::tests::workspace_config_quality_checks_fail_on_missing_or_mismatched_package_metadata ... ok
test medic::tests::workspace_config_quality_checks_accept_required_canic_features ... ok
test medic::tests::workspace_config_quality_checks_reject_surplus_crypto_features ... ok
test medic::tests::workspace_config_quality_checks_report_missing_required_canic_features ... ok
test medic::tests::workspace_config_quality_checks_validate_role_package_metadata ... ok
test medic::tests::fleet_missing_points_to_current_ensure_plan ... ok

test result: ok. 105 passed; 0 failed; 0 ignored; 0 measured; 378 filtered out; finished in 28.37s

     Running unittests src/lib.rs (target/debug/deps/canic_host-a5a6e1e222a0ffb3)

running 82 tests
test canister_build::tests::build_context_distinguishes_environment_from_build_network ... ok
test canister_build::tests::build_context_applies_exact_child_build_network ... ok
test canister_build::tests::unqualified_artifacts_keep_the_local_icp_build_surface ... ok
test canister_build::tests::unqualified_build_context_removes_an_ambient_release_build_id ... ok
test frontend::tests::generated_bindings_are_valid_javascript_and_reject_unbound_imports ... ignored, requires Node.js; run explicitly for frontend consumer qualification
test frontend::tests::independent_sdk_consumer_verifies_canonical_bundle_and_rejects_tampering ... ignored, requires the pinned Node.js consumer dependencies; run explicitly for frontend qualification
test frontend::tests::admission_origin_is_required_for_nonempty_fleet_admission ... ok
test frontend::tests::alternative_origins_follow_the_current_ii_bound_and_asset_binding ... ok
test frontend::tests::input_does_not_accept_operator_authority_fields ... ok
test frontend::tests::origin_validation_preserves_the_principal_namespace ... ok
test icp::balance::tests::decodes_icp_cli_one_five_balance_json_goldens ... ok
test icp::balance::tests::parses_exact_cycles_ledger_amounts ... ok
test icp::balance::tests::parses_exact_icp_amounts_into_e8s ... ok
test canister_build::tests::remove_stale_icp_candid_sidecars_keeps_primary_role_did ... ok
test icp::canister::binary_args_tests::binary_query_command_keeps_file_format_and_query_mode ... ok
test icp::diagnostic::tests::classifies_foreign_local_replica_owner ... ok
test icp::diagnostic::tests::classifies_supported_icp_diagnostics ... ok
test icp::diagnostic::tests::leaves_unknown_diagnostics_unclassified ... ok
test icp::identity::tests::account_resolution_selects_the_exact_ledger_representation ... ok
test icp::identity::tests::identity_resolution_uses_the_active_identity_without_network_selection ... ok
test icp::management::tests::explicit_local_replica_owns_management_network_resolution ... ok
test icp::management::tests::management_status_routes_through_the_target_effective_canister_id ... ok
test icp::response::tests::decodes_plain_typed_response_bytes ... ok
test icp::response::tests::decodes_successful_typed_result_response_bytes ... ok
test icp::response::tests::preserves_typed_canister_rejection ... ok
test icp::response::tests::rejects_invalid_hex_and_candid ... ok
test icp::response::tests::requires_top_level_string_response_bytes ... ok
test fleet_ensure::ops::platform::tests::icp_1_5_public_non_controller_status_is_typed_unavailable_evidence ... ok
test icp::tests::current_visibility_and_query_statistics_preserve_viewers_without_controller_authority ... ok
test icp::tests::icp_1_5_floor_rejects_every_earlier_minor ... ok
test icp::tests::icp_cli_version_range_requires_1_5_or_newer_within_major_one ... ok
test icp::tests::incomplete_query_statistics_are_not_reported_as_zero ... ok
test icp::tests::parses_canister_status_report_json ... ok
test icp::tests::parses_icp_cli_versions_from_common_output ... ok
test icp::tests::parses_public_non_controller_canister_status_report_json ... ok
test icp::tests::parses_snapshot_inventory_json ... ok
test icp::tests::parses_snapshot_json ... ok
test icp::tests::relays_identity_password_file_without_reading_secret_material ... ok
test icp::tests::renders_argument_query_call_with_local_candid ... ok
test icp::tests::renders_argument_update_call_with_local_candid ... ok
test icp::tests::renders_canister_top_up ... ok
test icp::tests::renders_project_root_override_for_rooted_context ... ok
test icp::tests::root_deletion_burns_only_the_bounded_reserve_without_installing_a_recovery_shim ... ok
test icp_config::tests::defaults_local_gateway_port_without_network_config ... ok
test icp_config::tests::build_network_resolution_rejects_incomplete_config ... ok
test icp_config::tests::icp_config_preserves_workspace_discovery_cause ... ok
test icp_config::tests::ignores_nested_networks_keys_when_reading_local_gateway_port ... ok
test icp::tests::command_runner_rejects_unparseable_icp_cli_before_running_command ... ok
test fleet_ensure::ops::platform::tests::versionless_icp_status_uses_exact_typed_management_version ... ok
test icp_config::tests::membership_distinguishes_omitted_empty_and_selected_canisters ... ok
test frontend::tests::payload_inventory_is_content_bound_and_enforces_explicit_limits ... ok
test icp_config::tests::local_projection_rejects_unresolved_or_ambiguous_authority ... ok
test icp_config::tests::resolves_declared_nonmainnet_networks_as_local_builds ... ok
test replica_query::transport::tests::local_replica_endpoint_defaults_to_icp_cli_port ... ok
test icp_config::tests::structured_yaml_resolves_reordered_flow_and_default_environments ... ok
test icp_config::tests::reads_local_gateway_port_from_network_config ... ok
test frontend::tests::invalid_prepared_bundle_never_publishes_a_manifest ... ok
test icp_config::tests::resolves_named_environment_from_declared_backing_network ... ok
test icp::tests::failed_version_qualification_is_retried_without_running_the_command ... ok
test icp::tests::command_output_retries_a_transient_executable_busy_race ... ok
test frontend::tests::payload_inventory_rejects_symlinks_and_special_files_without_reading_them ... ok
test icp_config::tests::readiness_reports_roles_excluded_by_the_app_environment ... ok
test icp_config::tests::icp_inspection_preserves_invalid_app_config_cause ... ok
test icp_config::tests::icp_inspection_rejects_missing_app_configs ... ok
test icp_config::tests::malformed_config_cannot_hide_behind_an_implicit_environment ... ok
test icp_config::tests::reports_missing_icp_yaml_as_incomplete ... ok
test workspace_discovery::tests::icp_discovery_rejects_non_file_project_config ... ok
test icp_config::tests::nested_commands_discover_outer_project_root_with_apps ... ok
test icp::tests::successful_version_qualification_is_shared_only_within_one_context ... ok
test icp_config::tests::outer_project_root_wins_over_nested_apps ... ok
test workspace_discovery::tests::icp_discovery_accepts_file_symlinks_and_rejects_dangling_markers ... ok
test icp_config::tests::resolves_implicit_build_networks_without_project_config ... ok
test icp::tests::inherited_status_runner_retries_a_transient_executable_busy_race ... ok
test icp::tests::resolves_existing_local_canister_candid_path ... ok
test icp_config::tests::app_filter_limits_inspected_project_spec ... ok
test icp_config::tests::discovers_root_app_configs_for_icp_inspection ... ok
test icp_config::tests::inspects_icp_yaml_without_mutating_it ... ok
test icp::identity::tests::bound_identity_survives_default_change_for_clones_and_later_calls ... ok
test frontend::tests::uploaded::readback_rejects_changed_target_or_content_and_repeats_without_effects ... ok
test frontend::tests::tampered_files_and_conflicting_publication_do_not_replace_browser_assets ... ok
test frontend::tests::complete_bundle_and_interrupted_publication_have_identical_verified_bytes ... ok
test icp::command::tests::configured_descriptor_lives_through_command_descendants_only ... ok

test result: ok. 80 passed; 0 failed; 2 ignored; 0 measured; 592 filtered out; finished in 0.22s

==> leaving Cargo build artifacts intact
==> clearing invocation-owned test scratch: test-runtime.OxxSwb
