workspace test inventory guard passed (39 targets: 30 parallel, 9 serial PocketIC)
==> compiler cache start: requests=368 hits=0 misses=201
PocketIC version alignment passed (16.0.0)
==> using pinned PocketIC server binary: /home/adam/.cache/canic/pocket-ic-server-16.0.0/pocket-ic
==> prefetching locked dependency graph for offline metadata checks
==> shared PocketIC server ready: http://127.0.0.1:39461/
==> targeted canic-testing-internal PocketIC proof
   Compiling canic-control-plane v0.110.7 (/home/adam/projects/canic/crates/canic-control-plane)
   Compiling canic-host v0.110.7 (/home/adam/projects/canic/crates/canic-host)
   Compiling canic-testing-internal v0.110.7 (/home/adam/projects/canic/crates/canic-testing-internal)
    Finished `test` profile [optimized + debuginfo] target(s) in 32.24s
     Running unittests src/lib.rs (target/debug/deps/canic_testing_internal-df76281e9aadb3a1)

running 1 test
test pic::fleet_registry::baseline::tests::auth_free_root_preserves_ordinary_fleet_activation ... [WASM]       SIZE   fleet_coordinator/candidate.wasm  code=3.90 MiB (4084309 B)  headroom=6.10 MiB (6401451 B)
[WASM]       SIZE   wasm_store/candidate.wasm  code=2.52 MiB (2642163 B)  headroom=7.48 MiB (7843597 B)
[WASM]       SIZE   app/candidate.wasm  code=2.54 MiB (2660234 B)  headroom=7.46 MiB (7825526 B)
[WASM]       SIZE   root/candidate.wasm  code=7.61 MiB (7979653 B)  headroom=2.39 MiB (2506107 B)
[FLEET]      DONE   literal-zero release artifacts (16)                  47.47s
[FLEET]      RUN    starting PocketIC instance
[FLEET]      READY  PocketIC instance
[FLEET]      RUN    building bootstrap wasm_store artifact
[WASM]       DONE   bootstrap Store artifact                             52.35s
[FLEET]      RUN    building PIC root wasm artifact
[WASM]       RUN    delegation_root_stub (1/1)
[WASM]       DONE   delegation_root_stub                                 25.62s
[FLEET]      RUN    finished PIC wasm build
initial Root activation: diagnostics=1 total=10.873659ms; label="Root" elapsed=10.872057ms canister=dmkut-c3777-77776-qaaaq-cai status_sender=2vxsx-fae status=ok(state=Running version=385 controllers=1 module_hash_bytes=32 memory_bytes=485_281_036 cycles=179_932_018_084_457) log_sender=2vxsx-fae logs=[5@1620328630000000023]="\u{1b}[34mINFO \u{1b}[0m|    ...     | [Memory] 💾 memory.registry: bootstrapped", [6@1620328630000000023]="\u{1b}[34mINFO \u{1b}[0m|    ...     | [Init] build network: local", [7@1620328630000000043]="\u{1b}[34mINFO \u{1b}[0m|    root    | [Init] ws: adopted sibling Store dfj7p-ut777-77776-qaaba-cai present", [8@1620328630000000043]="\u{1b}[34mINFO \u{1b}[0m|    root    | [Wasm] publication cost guard reserved command_kind=wasm_store.bootstrap_publish.v1 reservation_id=2 quota_subject=dmkut-c3777-77776-qaaaq-cai payer=dmkut-c3777-77776-qaaaq-cai", [9@1620328630000000043]="\u{1b}[34mINFO \u{1b}[0m|    root    | [Wasm] ws.transition kind=pin_publication_binding gen=1 at=1620328630 old_a=- old_d=- old_r=- new_a=dfj7p-ut777-77776-qaaba-cai new_d=- new_r=-", [10@1620328630000000047]="\u{1b}[32m OK  \u{1b}[0m|    root    | [CanisterLifecycle] upload_chunk: dfj7p-ut777-77776-qaaba-cai (771.378 KB)", [11@1620328630000000052]="\u{1b}[32m OK  \u{1b}[0m|    root    | [CanisterLifecycle] 🗑\u{fe0f} uninstall_code: dciz3-zl777-77776-qaabq-cai", [12@1620328630000000059]="\u{1b}[32m OK  \u{1b}[0m|    root    | [CanisterLifecycle] 🗑\u{fe0f} uninstall_code: dxpiw-yd777-77776-qaaca-cai", [13@1620328638000000081]="\u{1b}[32m OK  \u{1b}[0m|    root    | [CanisterLifecycle] install_chunked_code: dciz3-zl777-77776-qaabq-cai store=dfj7p-ut777-77776-qaaba-cai chunks=1", [14@1620328649000000081]="\u{1b}[33mWARN \u{1b}[0m|    root    | [Fleet] Root Component provisioning retry: operation_id=[114, 114, 114, 114, 114, 114, 114, 114, 114, 114, 114, 114, 114, 114, 114, 114, 114, 114, 114, 114, 114, 114, 114, 114, 114, 114, 114, 114, 114, 114, 114, 114] phase=Published activated_components=0/1 diagnostic=E140", [15@1620328655000000081]="\u{1b}[34mINFO \u{1b}[0m|    root    | [Init] bootstrap (root:init) start", [16@1620328655000000081]="\u{1b}[34mINFO \u{1b}[0m|    root    | [Topology] root subnet identity initialized from lifecycle env: dmkut-c3777-77776-qaaaq-cai", [17@1620328655000000081]="\u{1b}[34mINFO \u{1b}[0m|    root    | [Init] bootstrap (root:init) prepared managed inventory for Fleet activation", [18@1620328655000000081]="Panicked at 'Root delegation state requires its compile-time capability', crates/canic-core/src/storage/stable/auth/mod.rs:100:5", [19@1620328655000000081]="[TRAP]: Panicked at 'Root delegation state requires its compile-time capability', crates/canic-core/src/storage/stable/auth/mod.rs:100:5", [20@1620328655000000081]="[ic-cdk-timers] timer failed (code 5): IC0503: Error from Canister dmkut-c3777-77776-qaaaq-cai: Canister called `ic0.trap` with message: 'Panicked at 'Root delegation state requires its compile-time capability', crates/canic-core/src/storage/stable/auth/mod.rs:100:5'.\nConsider gracefully handling failures from this canister or altering the canister to handle exceptions. See documentation: https://docs.internetcomputer.org/references/execution-errors#trapped-explicitly"

thread 'pic::fleet_registry::baseline::tests::auth_free_root_preserves_ordinary_fleet_activation' (55704) panicked at crates/canic-testing-internal/src/pic/fleet_registry/baseline.rs:3762:17:
initial Root activation did not converge: Some(FleetComponentProvisioningStatusResponse { operation_id: [114, 114, 114, 114, 114, 114, 114, 114, 114, 114, 114, 114, 114, 114, 114, 114, 114, 114, 114, 114, 114, 114, 114, 114, 114, 114, 114, 114, 114, 114, 114, 114], plan_hash: [237, 120, 191, 70, 11, 108, 181, 193, 26, 246, 239, 16, 111, 248, 201, 253, 165, 96, 163, 81, 166, 172, 194, 152, 193, 149, 58, 241, 179, 152, 137, 108], fleet_registry: FleetRegistryVersion { authority: FleetRegistryAuthority { binding: FleetCoordinatorBinding { fleet: FleetBinding { fleet: FleetKey { canonical_network_id: CanonicalNetworkId([64, 43, 54, 129, 69, 63, 185, 207, 163, 86, 182, 234, 122, 189, 226, 222, 83, 204, 76, 102, 92, 170, 244, 56, 83, 91, 221, 193, 225, 103, 159, 96]), fleet_id: FleetId([66, 66, 66, 66, 66, 66, 66, 66, 66, 66, 66, 66, 66, 66, 66, 66, 66, 66, 66, 66, 66, 66, 66, 66, 66, 66, 66, 66, 66, 66, 66, 66]) }, app: AppId("standalone") }, coordinator_subnet: SubnetId(Principal { len: 29, bytes: [197, 198, 72, 151, 217, 137, 49, 204, 46, 97, 230, 175, 139, 62, 239, 167, 108, 188, 228, 156, 4, 181, 86, 129, 32, 162, 1, 201, 2] }), coordinator: Principal { len: 10, bytes: [127, 255, 255, 255, 255, 208, 0, 0, 1, 1, 0, 0, 0, 0, 0, 0, 0, 0, 0, 0, 0, 0, 0, 0, 0, 0, 0, 0, 0] } }, epoch: 1 }, revision: 3, content_hash: [92, 64, 77, 35, 53, 12, 251, 34, 106, 108, 226, 167, 51, 115, 31, 194, 65, 28, 167, 220, 52, 250, 102, 236, 83, 89, 187, 187, 16, 235, 30, 108] }, configuration_digest: ComponentDeploymentConfigurationDigest([159, 128, 165, 7, 95, 47, 213, 249, 151, 93, 66, 26, 172, 110, 222, 240, 53, 153, 161, 214, 26, 1, 157, 173, 217, 80, 16, 130, 67, 65, 48, 250]), operation: FreshInstall, phase: ActivatingRuntimes, directory_confirmation_root_count: 1, root_batch_count: 1, accepted_root_count: 1, acceptance_in_flight_root: None, provisioned_root_count: 1, current_root: None, provisioning_in_flight_root: None, directory_confirmed_root_count: 1, current_synchronization: None, current_publication: None, publication_in_flight_root: None, runtime_activated_root_count: 0, current_activation: Some(FleetComponentActivationRootProgress { fleet_subnet_root: Principal { len: 10, bytes: [127, 255, 255, 255, 255, 208, 0, 1, 1, 1, 0, 0, 0, 0, 0, 0, 0, 0, 0, 0, 0, 0, 0, 0, 0, 0, 0, 0, 0] }, component_count: 1, activated_component_count: 1, root_runtime_active: false }), activation_in_flight_root: Some(Principal { len: 10, bytes: [127, 255, 255, 255, 255, 208, 0, 1, 1, 1, 0, 0, 0, 0, 0, 0, 0, 0, 0, 0, 0, 0, 0, 0, 0, 0, 0, 0, 0] }), pending_root_failure: Some(FleetComponentProvisioningRootFailure { fleet_subnet_root: Principal { len: 10, bytes: [127, 255, 255, 255, 255, 208, 0, 1, 1, 1, 0, 0, 0, 0, 0, 0, 0, 0, 0, 0, 0, 0, 0, 0, 0, 0, 0, 0, 0] }, stage: RuntimeActivation, diagnostic_code: 132, failed_at_ns: 1620328869000000081 }), estate_funding_required: None, group_placement_count: 1, component_count: 1, planned_at_ns: 1620328630000000081, roots_accepted_at_ns: Some(1620328631000000081), components_provisioned_at_ns: Some(1620328646000000081), published_fleet_registry: Some(FleetRegistryVersion { authority: FleetRegistryAuthority { binding: FleetCoordinatorBinding { fleet: FleetBinding { fleet: FleetKey { canonical_network_id: CanonicalNetworkId([64, 43, 54, 129, 69, 63, 185, 207, 163, 86, 182, 234, 122, 189, 226, 222, 83, 204, 76, 102, 92, 170, 244, 56, 83, 91, 221, 193, 225, 103, 159, 96]), fleet_id: FleetId([66, 66, 66, 66, 66, 66, 66, 66, 66, 66, 66, 66, 66, 66, 66, 66, 66, 66, 66, 66, 66, 66, 66, 66, 66, 66, 66, 66, 66, 66, 66, 66]) }, app: AppId("standalone") }, coordinator_subnet: SubnetId(Principal { len: 29, bytes: [197, 198, 72, 151, 217, 137, 49, 204, 46, 97, 230, 175, 139, 62, 239, 167, 108, 188, 228, 156, 4, 181, 86, 129, 32, 162, 1, 201, 2] }), coordinator: Principal { len: 10, bytes: [127, 255, 255, 255, 255, 208, 0, 0, 1, 1, 0, 0, 0, 0, 0, 0, 0, 0, 0, 0, 0, 0, 0, 0, 0, 0, 0, 0, 0] } }, epoch: 1 }, revision: 3, content_hash: [92, 64, 77, 35, 53, 12, 251, 34, 106, 108, 226, 167, 51, 115, 31, 194, 65, 28, 167, 220, 52, 250, 102, 236, 83, 89, 187, 187, 16, 235, 30, 108] }), service_topology_published_at_ns: Some(1620328647000000081), directories_confirmed_at_ns: Some(1620328649000000081), runtimes_activated_at_ns: None })
note: run with `RUST_BACKTRACE=1` environment variable to display a backtrace
FAILED

failures:

failures:
    pic::fleet_registry::baseline::tests::auth_free_root_preserves_ordinary_fleet_activation

test result: FAILED. 0 passed; 1 failed; 0 ignored; 0 measured; 50 filtered out; finished in 149.10s

error: test failed, to rerun pass `-p canic-testing-internal --lib`
error: 1 target failed:
    `-p canic-testing-internal --lib`
==> shared PocketIC resources after targeted canic-testing-internal PocketIC proof: rss=353208 kB high_water=366600 kB threads=19
==> targeted canic-testing-internal PocketIC proof failed in 182s (exit 101)
==> shared PocketIC server stderr (last 40 lines)
2021-05-06 19:17:10.000000012 UTC: [Canister dfj7p-ut777-77776-qaaba-cai] [34mINFO [0m|    ...     | [Init] 🏁 init: wasm_store
2021-05-06 19:17:10.000000012 UTC: [Canister dfj7p-ut777-77776-qaaba-cai] [34mINFO [0m|    ...     | [Memory] 💾 memory.registry: bootstrapped
2021-05-06 19:17:10.000000023 UTC: [Canister dmkut-c3777-77776-qaaaq-cai] 
2021-05-06 19:17:10.000000023 UTC: [Canister dmkut-c3777-77776-qaaaq-cai] 
2021-05-06 19:17:10.000000023 UTC: [Canister dmkut-c3777-77776-qaaaq-cai] 
2021-05-06 19:17:10.000000023 UTC: [Canister dmkut-c3777-77776-qaaaq-cai] [34mINFO [0m|    ...     | [Init] 🔧 --------------------- canic v0.110.7 -----------------------
2021-05-06 19:17:10.000000023 UTC: [Canister dmkut-c3777-77776-qaaaq-cai] [34mINFO [0m|    ...     | [Init] 🏁 init: root (FleetSubnetRootInitArgs { authority: FleetSubnetRootAuthority { binding: FleetSubnetRootBinding { authority: FleetRegistryAuthority { binding: FleetCoordinatorBinding { fleet: FleetBinding { fleet: FleetKey { canonical_network_id: CanonicalNetworkId([64, 43, 54, 129, 69, 63, 185, 207, 163, 86, 182, 234, 122, 189, 226, 222, 83, 204, 76, 102, 92, 170, 244, 56, 83, 91, 221, 193, 225, 103, 159, 96]), fleet_id: FleetId([66, 66, 66, 66, 66, 66, 66, 66, 66, 66, 66, 66, 66, 66, 66, 66, 66, 66, 66, 66, 66, 66, 66, 66, 66, 66, 66, 66, 66, 66, 66, 66]) }, app: AppId("standalone") }, coordinator_subnet: SubnetId(Principal { len: 29, bytes: [197, 198, 72, 151, 217, 137, 49, 204, 46, 97, 230, 175, 139, 62, 239, 167, 108, 188, 228, 156, 4, 181, 86, 129, 32, 162, 1, 201, 2] }), coordinator: Principal { len: 10, bytes: [127, 255, 255, 255, 255, 208, 0, 0, 1, 1, 0, 0, 0, 0, 0, 0, 0, 0, 0, 0, 0, 0, 0, 0, 0, 0, 0, 0, 0] } }, epoch: 1 }, placement_subnet: SubnetId(Principal { len: 29, bytes: [197, 198, 72, 151, 217, 137, 49, 204, 46, 97, 230, 175, 139, 62, 239, 167, 108, 188, 228, 156, 4, 181, 86, 129, 32, 162, 1, 201, 2] }), fleet_subnet_root: Principal { len: 10, bytes: [127, 255, 255, 255, 255, 208, 0, 1, 1, 1, 0, 0, 0, 0, 0, 0, 0, 0, 0, 0, 0, 0, 0, 0, 0, 0, 0, 0, 0] }, component_admissions: [ComponentSpecAdmission { component_spec: ComponentSpecId("default"), spec_hash: [177, 195, 128, 142, 186, 136, 181, 94, 142, 250, 223, 188, 133, 130, 160, 193, 212, 170, 136, 99, 39, 254, 242, 84, 162, 188, 11, 241, 155, 8, 218, 161], maximum_root_instances: 1 }], component_topology_digest: ComponentTopologyDigest([111, 10, 224, 44, 212, 11, 183, 230, 155, 133, 235, 183, 223, 230, 16, 59, 253, 243, 85, 202, 177, 79, 219, 104, 181, 0, 6, 166, 196, 60, 61, 95]), limits: FleetSubnetRootLimits { maximum_component_instances: 4096, maximum_registry_bytes: 16777216, maximum_wasm_store_bytes: 536870912, canister_pool: FleetSubnetCanisterPoolConfig { minimum_size: 1, maximum_size: 2, canister_cycles: Cycles(5000000000000), creation_execution_margin: Cycles(1000000000000) }, cycles_funding: CyclesFundingBudget { window_secs: 3600, maximum_cycles: Cycles(1000000000000000) }, maximum_group_placements: 16 }, funding: FleetSubnetRootFundingAuthority { root_funding: FleetSubnetRootFundingPolicy { funding_profile: SingleSubnet, request_threshold: Cycles(10000000000000), target_balance: Cycles(30000000000000), cooldown_secs: 2592000, budget: CyclesFundingBudget { window_secs: 7776000, maximum_cycles: Cycles(30000000000000) }, maximum_automatic_grants: 4, maximum_automatic_cycles: Cycles(120000000000000) }, icp_refill: None } }, initial_release_set: FleetSubnetRootReleaseSet { release_build_id: ReleaseBuildId([164, 193, 40, 114, 132, 18, 241, 24, 55, 183, 156, 232, 86, 46, 49, 21, 69, 29, 179, 135, 225, 115, 97, 183, 155, 79, 21, 208, 44, 187, 54, 174]), manifest_digest: ReleaseSetDigest([228, 32, 206, 112, 14, 68, 228, 193, 77, 95, 10, 236, 173, 119, 232, 209, 103, 176, 78, 64, 44, 139, 3, 146, 220, 102, 236, 66, 145, 46, 97, 101]) }, expected_module_hash: [103, 72, 165, 233, 205, 121, 200, 156, 28, 100, 167, 160, 117, 38, 215, 108, 184, 32, 13, 242, 18, 88, 242, 41, 183, 252, 74, 205, 130, 163, 225, 182], wasm_store_authority: FleetSubnetWasmStoreAuthority { authority: FleetRegistryAuthority { binding: FleetCoordinatorBinding { fleet: FleetBinding { fleet: FleetKey { canonical_network_id: CanonicalNetworkId([64, 43, 54, 129, 69, 63, 185, 207, 163, 86, 182, 234, 122, 189, 226, 222, 83, 204, 76, 102, 92, 170, 244, 56, 83, 91, 221, 193, 225, 103, 159, 96]), fleet_id: FleetId([66, 66, 66, 66, 66, 66, 66, 66, 66, 66, 66, 66, 66, 66, 66, 66, 66, 66, 66, 66, 66, 66, 66, 66, 66, 66, 66, 66, 66, 66, 66, 66]) }, app: AppId("standalone") }, coordinator_subnet: SubnetId(Principal { len: 29, bytes: [197, 198, 72, 151, 217, 137, 49, 204, 46, 97, 230, 175, 139, 62, 239, 167, 108, 188, 228, 156, 4, 181, 86, 129, 32, 162, 1, 201, 2] }), coordinator: Principal { len: 10, bytes: [127, 255, 255, 255, 255, 208, 0, 0, 1, 1, 0, 0, 0, 0, 0, 0, 0, 0, 0, 0, 0, 0, 0, 0, 0, 0, 0, 0, 0] } }, epoch: 1 }, placement_subnet: SubnetId(Principal { len: 29, bytes: [197, 198, 72, 151, 217, 137, 49, 204, 46, 97, 230, 175, 139, 62, 239, 167, 108, 188, 228, 156, 4, 181, 86, 129, 32, 162, 1, 201, 2] }), fleet_subnet_root: Principal { len: 10, bytes: [127, 255, 255, 255, 255, 208, 0, 1, 1, 1, 0, 0, 0, 0, 0, 0, 0, 0, 0, 0, 0, 0, 0, 0, 0, 0, 0, 0, 0] }, wasm_store: Principal { len: 10, bytes: [127, 255, 255, 255, 255, 208, 0, 2, 1, 1, 0, 0, 0, 0, 0, 0, 0, 0, 0, 0, 0, 0, 0, 0, 0, 0, 0, 0, 0] }, installation_controller: Principal { len: 29, bytes: [70, 70, 70, 70, 70, 70, 70, 70, 70, 70, 70, 70, 70, 70, 70, 70, 70, 70, 70, 70, 70, 70, 70, 70, 70, 70, 70, 70, 70] }, release_build_id: ReleaseBuildId([164, 193, 40, 114, 132, 18, 241, 24, 55, 183, 156, 232, 86, 46, 49, 21, 69, 29, 179, 135, 225, 115, 97, 183, 155, 79, 21, 208, 44, 187, 54, 174]), wasm_module_hash: [127, 186, 105, 115, 76, 245, 165, 139, 210, 238, 99, 164, 134, 77, 252, 108, 135, 76, 27, 80, 147, 198, 0, 83, 45, 220, 100, 53, 224, 7, 130, 161] } }, install_id: [67, 67, 67, 67, 67, 67, 67, 67, 67, 67, 67, 67, 67, 67, 67, 67, 67, 67, 67, 67, 67, 67, 67, 67, 67, 67, 67, 67, 67, 67, 67, 67], wasm_store_activation: FleetSubnetWasmStoreActivationAuthority { fleet: FleetBinding { fleet: FleetKey { canonical_network_id: CanonicalNetworkId([64, 43, 54, 129, 69, 63, 185, 207, 163, 86, 182, 234, 122, 189, 226, 222, 83, 204, 76, 102, 92, 170, 244, 56, 83, 91, 221, 193, 225, 103, 159, 96]), fleet_id: FleetId([66, 66, 66, 66, 66, 66, 66, 66, 66, 66, 66, 66, 66, 66, 66, 66, 66, 66, 66, 66, 66, 66, 66, 66, 66, 66, 66, 66, 66, 66, 66, 66]) }, app: AppId("standalone") }, operation_id: [71, 71, 71, 71, 71, 71, 71, 71, 71, 71, 71, 71, 71, 71, 71, 71, 71, 71, 71, 71, 71, 71, 71, 71, 71, 71, 71, 71, 71, 71, 71, 71], fleet_subnet_root: Principal { len: 10, bytes: [127, 255, 255, 255, 255, 208, 0, 1, 1, 1, 0, 0, 0, 0, 0, 0, 0, 0, 0, 0, 0, 0, 0, 0, 0, 0, 0, 0, 0] }, wasm_store: Principal { len: 10, bytes: [127, 255, 255, 255, 255, 208, 0, 2, 1, 1, 0, 0, 0, 0, 0, 0, 0, 0, 0, 0, 0, 0, 0, 0, 0, 0, 0, 0, 0] }, release_build_id: ReleaseBuildId([164, 193, 40, 114, 132, 18, 241, 24, 55, 183, 156, 232, 86, 46, 49, 21, 69, 29, 179, 135, 225, 115, 97, 183, 155, 79, 21, 208, 44, 187, 54, 174]), component_topology_digest: ComponentTopologyDigest([111, 10, 224, 44, 212, 11, 183, 230, 155, 133, 235, 183, 223, 230, 16, 59, 253, 243, 85, 202, 177, 79, 219, 104, 181, 0, 6, 166, 196, 60, 61, 95]), controllers: [Principal { len: 10, bytes: [127, 255, 255, 255, 255, 208, 0, 1, 1, 1, 0, 0, 0, 0, 0, 0, 0, 0, 0, 0, 0, 0, 0, 0, 0, 0, 0, 0, 0] }, Principal { len: 29, bytes: [70, 70, 70, 70, 70, 70, 70, 70, 70, 70, 70, 70, 70, 70, 70, 70, 70, 70, 70, 70, 70, 70, 70, 70, 70, 70, 70, 70, 70] }], manifest_digest: ReleaseSetDigest([228, 32, 206, 112, 14, 68, 228, 193, 77, 95, 10, 236, 173, 119, 232, 209, 103, 176, 78, 64, 44, 139, 3, 146, 220, 102, 236, 66, 145, 46, 97, 101]) }, canister_pool_imports: [Principal { len: 10, bytes: [127, 255, 255, 255, 255, 208, 0, 3, 1, 1, 0, 0, 0, 0, 0, 0, 0, 0, 0, 0, 0, 0, 0, 0, 0, 0, 0, 0, 0] }, Principal { len: 10, bytes: [127, 255, 255, 255, 255, 208, 0, 4, 1, 1, 0, 0, 0, 0, 0, 0, 0, 0, 0, 0, 0, 0, 0, 0, 0, 0, 0, 0, 0] }] })
2021-05-06 19:17:10.000000023 UTC: [Canister dmkut-c3777-77776-qaaaq-cai] [34mINFO [0m|    ...     | [Memory] 💾 memory.registry: bootstrapped
2021-05-06 19:17:10.000000023 UTC: [Canister dmkut-c3777-77776-qaaaq-cai] [34mINFO [0m|    ...     | [Init] build network: local
2021-05-06 19:17:10.000000043 UTC: [Canister dmkut-c3777-77776-qaaaq-cai] [34mINFO [0m|    root    | [Init] ws: adopted sibling Store dfj7p-ut777-77776-qaaba-cai present
2021-05-06 19:17:10.000000043 UTC: [Canister dmkut-c3777-77776-qaaaq-cai] [34mINFO [0m|    root    | [Wasm] publication cost guard reserved command_kind=wasm_store.bootstrap_publish.v1 reservation_id=2 quota_subject=dmkut-c3777-77776-qaaaq-cai payer=dmkut-c3777-77776-qaaaq-cai
2021-05-06 19:17:10.000000043 UTC: [Canister dmkut-c3777-77776-qaaaq-cai] [34mINFO [0m|    root    | [Wasm] ws.transition kind=pin_publication_binding gen=1 at=1620328630 old_a=- old_d=- old_r=- new_a=dfj7p-ut777-77776-qaaba-cai new_d=- new_r=-
2021-05-06 19:17:10.000000047 UTC: [Canister dmkut-c3777-77776-qaaaq-cai] [32m OK  [0m|    root    | [CanisterLifecycle] upload_chunk: dfj7p-ut777-77776-qaaba-cai (771.378 KB)
2021-05-06 19:17:10.000000052 UTC: [Canister dmkut-c3777-77776-qaaaq-cai] [32m OK  [0m|    root    | [CanisterLifecycle] 🗑️ uninstall_code: dciz3-zl777-77776-qaabq-cai
2021-05-06 19:17:10.000000059 UTC: [Canister dmkut-c3777-77776-qaaaq-cai] [32m OK  [0m|    root    | [CanisterLifecycle] 🗑️ uninstall_code: dxpiw-yd777-77776-qaaca-cai
2021-05-06 19:17:17.000000081 UTC: [Canister dciz3-zl777-77776-qaabq-cai] [34mINFO [0m|    ...     | [Init] 🏁 init: app
2021-05-06 19:17:17.000000081 UTC: [Canister dciz3-zl777-77776-qaabq-cai] [34mINFO [0m|    ...     | [Memory] 💾 memory.registry: bootstrapped
2021-05-06 19:17:18.000000081 UTC: [Canister dmkut-c3777-77776-qaaaq-cai] [32m OK  [0m|    root    | [CanisterLifecycle] install_chunked_code: dciz3-zl777-77776-qaabq-cai store=dfj7p-ut777-77776-qaaba-cai chunks=1
2021-05-06 19:17:28.000000081 UTC: [Canister dciz3-zl777-77776-qaabq-cai] [34mINFO [0m|    app     | [Init] bootstrap (nonroot): init start
2021-05-06 19:17:28.000000081 UTC: [Canister dciz3-zl777-77776-qaabq-cai] [34mINFO [0m|    app     | [Init] bootstrap (nonroot): init complete
2021-05-06 19:17:28.000000081 UTC: [Canister dciz3-zl777-77776-qaabq-cai] [34mINFO [0m|    app     | [Init] canister marked READY
2021-05-06 19:17:29.000000081 UTC: [Canister dmkut-c3777-77776-qaaaq-cai] [33mWARN [0m|    root    | [Fleet] Root Component provisioning retry: operation_id=[114, 114, 114, 114, 114, 114, 114, 114, 114, 114, 114, 114, 114, 114, 114, 114, 114, 114, 114, 114, 114, 114, 114, 114, 114, 114, 114, 114, 114, 114, 114, 114] phase=Published activated_components=0/1 diagnostic=E140
2021-05-06 19:17:35.000000081 UTC: [Canister dmkut-c3777-77776-qaaaq-cai] [34mINFO [0m|    root    | [Init] bootstrap (root:init) start
2021-05-06 19:17:35.000000081 UTC: [Canister dmkut-c3777-77776-qaaaq-cai] [34mINFO [0m|    root    | [Topology] root subnet identity initialized from lifecycle env: dmkut-c3777-77776-qaaaq-cai
2021-05-06 19:17:35.000000081 UTC: [Canister dmkut-c3777-77776-qaaaq-cai] [34mINFO [0m|    root    | [Init] bootstrap (root:init) prepared managed inventory for Fleet activation
2021-05-06 19:17:35.000000081 UTC: [Canister dmkut-c3777-77776-qaaaq-cai] Panicked at 'Root delegation state requires its compile-time capability', crates/canic-core/src/storage/stable/auth/mod.rs:100:5
2021-05-06 19:17:35.000000081 UTC: [Canister dmkut-c3777-77776-qaaaq-cai] [ic-cdk-timers] timer failed (code 5): IC0503: Error from Canister dmkut-c3777-77776-qaaaq-cai: Canister called `ic0.trap` with message: 'Panicked at 'Root delegation state requires its compile-time capability', crates/canic-core/src/storage/stable/auth/mod.rs:100:5'.
Consider gracefully handling failures from this canister or altering the canister to handle exceptions. See documentation: https://docs.internetcomputer.org/references/execution-errors#trapped-explicitly
==> shared PocketIC server stdout (last 40 lines)
2026-09-05T15:36:36.937739Z  INFO pocket_ic_server: The PocketIC server is listening on port 39461
==> compiler cache delta: requests=23 hits=0 misses=7

==> workspace timing summary
kind             elapsed  result label
----             -------  ------ -----
pocketic-serial  182s     FAIL   targeted canic-testing-internal PocketIC proof
workspace runner wall time: 182s
WORKSPACE TESTS FAILED: targeted canic-testing-internal PocketIC proof
==> leaving Cargo build artifacts intact
==> clearing invocation-owned test scratch: test-runtime.T641rc
