workspace test inventory guard passed (39 targets: 30 parallel, 9 serial PocketIC)
PocketIC version alignment passed (16.0.0)
==> using pinned PocketIC server binary: /home/adam/.cache/canic/pocket-ic-server-16.0.0/pocket-ic
==> prefetching locked dependency graph for offline metadata checks
==> shared PocketIC server ready: http://127.0.0.1:37657/
==> targeted canic-testing-internal PocketIC proof
   Compiling canic-cycle-custody v0.110.7 (/home/adam/projects/canic/crates/canic-cycle-custody)
   Compiling canic-testing-internal v0.110.7 (/home/adam/projects/canic/crates/canic-testing-internal)
    Finished `test` profile [optimized + debuginfo] target(s) in 12.78s
     Running unittests src/lib.rs (target/debug/deps/canic_testing_internal-ce4a723ee40051b1)

running 1 test
test pic::cycle_custody::custody_conserves_native_and_ledger_cycles_and_replays_after_restore ...    Compiling canic-cycle-custody v0.110.7 (/home/adam/projects/canic/crates/canic-cycle-custody)
    Finished `fast` profile [optimized] target(s) in 2.20s
ok

test result: ok. 1 passed; 0 failed; 0 ignored; 0 measured; 59 filtered out; finished in 5.65s

==> shared PocketIC resources after targeted canic-testing-internal PocketIC proof: rss=295272 kB high_water=295272 kB threads=19
==> targeted canic-testing-internal PocketIC proof done in 18s

==> workspace timing summary
kind             elapsed  result label
----             -------  ------ -----
pocketic-serial  18s      PASS   targeted canic-testing-internal PocketIC proof
workspace runner wall time: 19s
WORKSPACE TESTS PASSED: all requested suites succeeded.
==> leaving Cargo build artifacts intact
==> clearing invocation-owned test scratch: test-runtime.UfVDb1
