workspace test inventory guard passed (39 targets: 30 parallel, 9 serial PocketIC)
PocketIC version alignment passed (16.0.0)
==> using pinned PocketIC server binary: /home/adam/.cache/canic/pocket-ic-server-16.0.0/pocket-ic
==> prefetching locked dependency graph for offline metadata checks
==> shared PocketIC server ready: http://127.0.0.1:44131/
==> targeted canic-testing-internal PocketIC proof
   Compiling quote v1.0.47
   Compiling proc-macro2 v1.0.107
   Compiling unicode-ident v1.0.24
   Compiling libc v0.2.189
   Compiling cfg-if v1.0.4
   Compiling version_check v0.9.5
   Compiling subtle v2.6.1
   Compiling typenum v1.20.1
   Compiling serde_core v1.0.229
   Compiling find-msvc-tools v0.1.11
   Compiling shlex v2.0.1
   Compiling serde v1.0.229
   Compiling const-oid v0.9.6
   Compiling memchr v2.8.3
   Compiling autocfg v1.5.1
   Compiling pin-project-lite v0.2.17
   Compiling smallvec v1.16.0
   Compiling once_cell v1.21.4
   Compiling crc32fast v1.5.1
   Compiling rand_core v0.10.1
   Compiling either v1.18.0
   Compiling object v0.39.1
   Compiling parking_lot_core v0.9.12
   Compiling thiserror v1.0.69
   Compiling cpufeatures v0.2.17
   Compiling itoa v1.0.18
   Compiling anyhow v1.0.104
   Compiling futures-core v0.3.34
   Compiling stable_deref_trait v1.2.1
   Compiling binrw v0.15.2
   Compiling lazy_static v1.5.0
   Compiling binrw_derive v0.15.2
   Compiling bytes v1.12.1
   Compiling paste v1.0.15
   Compiling zerocopy v0.8.56
   Compiling thiserror v2.0.18
   Compiling byteorder v1.5.0
   Compiling pkg-config v0.3.34
   Compiling cmov v0.5.4
   Compiling rustversion v1.0.23
   Compiling fs_extra v1.3.0
   Compiling strsim v0.11.1
   Compiling dunce v1.0.5
   Compiling ident_case v1.0.1
   Compiling futures-sink v0.3.34
   Compiling scopeguard v1.2.0
   Compiling equivalent v1.0.2
   Compiling rangemap v1.8.0
   Compiling data-encoding v2.11.1
   Compiling arbitrary v1.4.2
   Compiling slab v0.4.12
   Compiling base64ct v1.8.3
   Compiling zmij v1.0.23
   Compiling litemap v0.8.3
   Compiling const-oid v0.10.2
   Compiling hashbrown v0.17.1
   Compiling aws-lc-rs v1.18.1
   Compiling bitflags v2.13.1
   Compiling serde_json v1.0.151
   Compiling writeable v0.6.4
   Compiling lock_api v0.4.14
   Compiling tracing-core v0.1.36
   Compiling futures-channel v0.3.34
   Compiling typed-arena v2.0.2
   Compiling crossbeam-utils v0.8.22
   Compiling arrayvec v0.5.2
   Compiling bytemuck v1.25.2
   Compiling array-init v2.1.0
   Compiling icu_properties_data v2.3.0
   Compiling utf8_iter v1.0.4
   Compiling futures-task v0.3.34
   Compiling unicode-width v0.2.2
   Compiling futures-io v0.3.34
   Compiling icu_normalizer_data v2.3.0
   Compiling generic-array v0.14.9
   Compiling ctutils v0.4.2
   Compiling log v0.4.34
   Compiling rustix v1.1.4
   Compiling leb128 v0.2.7
   Compiling percent-encoding v2.3.2
   Compiling rustls v0.23.43
   Compiling ipnet v2.12.1
   Compiling fnv v1.0.7
   Compiling linux-raw-sys v0.12.1
   Compiling untrusted v0.9.0
   Compiling cpubits v0.1.1
   Compiling pem-rfc7468 v0.7.0
   Compiling num-traits v0.2.19
   Compiling httparse v1.10.1
   Compiling slotmap v1.1.1
   Compiling ff v0.14.0
   Compiling ic-cdk-executor v2.0.0
   Compiling try-lock v0.2.5
   Compiling regex-syntax v0.8.11
   Compiling pretty v0.12.5
   Compiling base64 v0.22.1
   Compiling http v1.5.0
   Compiling tower-service v0.3.3
   Compiling atomic-waker v1.1.2
   Compiling want v0.3.1
   Compiling cpufeatures v0.3.1
   Compiling hex v0.4.3
   Compiling heck v0.5.0
   Compiling unicase v2.9.0
   Compiling getrandom v0.4.3
   Compiling group v0.14.0
   Compiling form_urlencoded v1.2.2
   Compiling indexmap v2.14.1
   Compiling sync_wrapper v1.0.2
   Compiling num-conv v0.2.2
   Compiling ic0 v1.1.0
   Compiling deranged v0.5.8
   Compiling base16ct v1.0.0
   Compiling tower-layer v0.3.3
   Compiling semver v1.0.28
   Compiling powerfmt v0.2.0
   Compiling openssl-probe v0.2.1
   Compiling time-core v0.1.9
   Compiling base16ct v0.2.0
   Compiling aho-corasick v1.1.5
   Compiling half v1.8.3
   Compiling crunchy v0.2.4
   Compiling winnow v1.0.4
   Compiling io-lifetimes v2.0.4
   Compiling fastrand v2.5.0
   Compiling io-lifetimes v3.0.1
   Compiling mime v0.3.17
   Compiling siphasher v1.0.3
   Compiling ucd-trie v0.1.7
   Compiling ciborium-io v0.2.2
   Compiling mime_guess v2.0.5
   Compiling io-extras v0.19.0
   Compiling ic-cdk-timers v1.0.0
   Compiling winnow v0.7.15
   Compiling rustc_version v0.4.1
   Compiling toml_writer v1.1.2+spec-1.1.0
   Compiling tiny-keccak v2.0.2
   Compiling parking v2.2.1
   Compiling ahash v0.8.12
   Compiling fixedbitset v0.4.2
   Compiling bit-vec v0.6.3
   Compiling phf_shared v0.11.3
   Compiling backon v1.6.0
   Compiling keccak v0.1.6
   Compiling pest v2.9.0
   Compiling same-file v1.0.6
   Compiling adler2 v2.0.1
   Compiling new_debug_unreachable v1.0.6
   Compiling event-listener v5.4.2
   Compiling cap-primitives v4.0.3
   Compiling link-section v0.19.3
   Compiling simd-adler32 v0.3.10
   Compiling linktime-proc-macro v0.2.3
   Compiling precomputed-hash v0.1.1
   Compiling slog v2.8.2
   Compiling sharded-slab v0.1.7
   Compiling tracing-log v0.2.0
   Compiling itertools v0.11.0
   Compiling toml_parser v1.1.3+spec-1.1.0
   Compiling ena v0.14.4
   Compiling bit-set v0.5.3
   Compiling walkdir v2.5.0
   Compiling http-body v1.1.0
   Compiling thread_local v1.1.10
   Compiling subtle-ng v2.5.0
   Compiling cap-std v4.0.3
   Compiling nu-ansi-term v0.50.3
   Compiling block-buffer v0.10.4
   Compiling crypto-common v0.1.6
   Compiling curve25519-dalek v4.1.3
   Compiling concurrent-queue v2.5.0
   Compiling event-listener-strategy v0.5.4
   Compiling miniz_oxide v0.9.1
   Compiling http-body-util v0.1.5
   Compiling maybe-owned v0.3.4
   Compiling foldhash v0.1.5
   Compiling pico-args v0.5.0
   Compiling allocator-api2 v0.2.21
   Compiling syn v2.0.119
   Compiling syn v3.0.4
   Compiling digest v0.10.7
   Compiling beef v0.5.2
   Compiling ambient-authority v0.0.2
   Compiling num-integer v0.1.47
   Compiling opaque-debug v0.3.1
   Compiling event-listener v2.5.3
   Compiling jobserver v0.1.35
   Compiling dirs-sys-next v0.1.2
   Compiling getrandom v0.2.17
   Compiling errno v0.3.14
   Compiling socket2 v0.6.5
   Compiling mio v1.2.3
   Compiling unicode-xid v0.2.6
   Compiling schemars v0.8.22
   Compiling crossbeam-channel v0.5.16
   Compiling chacha20 v0.10.2
   Compiling pem v3.0.6
   Compiling itertools v0.14.0
   Compiling cap-fs-ext v4.0.3
   Compiling sha2 v0.10.9
   Compiling async-channel v1.9.0
   Compiling num-modular v0.6.5
   Compiling web-time v1.1.0
   Compiling symlink v0.1.0
   Compiling cc v1.4.4
   Compiling signal-hook-registry v1.4.8
   Compiling time v0.3.55
   Compiling dirs-next v2.0.0
   Compiling rand_core v0.6.4
   Compiling parking_lot v0.12.5
   Compiling hashbrown v0.15.5
   Compiling dyn-clone v1.0.20
   Compiling hex-literal v0.4.1
   Compiling stop-token v0.7.0
   Compiling async-lock v3.4.2
   Compiling term v0.7.0
   Compiling async-channel v2.5.0
   Compiling arc-swap v1.9.2
   Compiling flate2 v1.1.10
   Compiling rand v0.10.2
   Compiling termcolor v1.4.1
   Compiling base64 v0.13.1
   Compiling unicode-width v0.1.14
   Compiling unicode-segmentation v1.13.3
   Compiling fs2 v0.4.3
   Compiling canic v0.110.6 (/home/adam/projects/canic/.tmp/canic134-predecessor-source/crates/canic)
   Compiling lalrpop-util v0.20.2
   Compiling ctor v1.0.13
   Compiling regex-automata v0.4.18
   Compiling ff v0.13.1
   Compiling string_cache v0.8.9
   Compiling group v0.13.0
   Compiling petgraph v0.6.5
   Compiling codespan-reporting v0.11.1
   Compiling ascii-canvas v3.0.0
   Compiling pairing v0.23.0
   Compiling convert_case v0.6.0
   Compiling num-order v1.2.0
   Compiling pest_meta v2.9.0
   Compiling serde_bytes v0.11.19
   Compiling serde_spanned v1.1.1
   Compiling toml_datetime v1.1.1+spec-1.1.0
   Compiling serde_path_to_error v0.1.20
   Compiling toml_datetime v0.7.5+spec-1.1.0
   Compiling cmake v0.1.58
   Compiling toml v1.1.5+spec-1.1.0
   Compiling toml v0.9.12+spec-1.1.0
   Compiling stacker v0.1.25
   Compiling aws-lc-sys v0.45.0
   Compiling ar_archive_writer v0.5.3
   Compiling rustix-linux-procfs v0.1.1
   Compiling fs-set-times v0.20.3
   Compiling tempfile v3.27.0
   Compiling regex v1.13.1
   Compiling matchers v0.2.0
   Compiling lalrpop v0.20.2
   Compiling psm v0.1.32
   Compiling synstructure v0.13.2
   Compiling darling_core v0.23.0
   Compiling darling_core v0.20.11
   Compiling serde_derive_internals v0.29.1
   Compiling logos-codegen v0.14.4
   Compiling pest_generator v2.9.0
   Compiling serde_derive v1.0.229
   Compiling zerovec-derive v0.11.6
   Compiling displaydoc v0.2.7
   Compiling tokio-macros v2.7.2
   Compiling futures-macro v0.3.34
   Compiling serde_repr v0.1.21
   Compiling async-trait v0.1.92
   Compiling remain v0.2.16
   Compiling canic-macros v0.110.6 (/home/adam/projects/canic/.tmp/canic134-predecessor-source/crates/canic-macros)
   Compiling zeroize_derive v1.5.0
   Compiling thiserror-impl v1.0.69
   Compiling zerofrom-derive v0.1.7
   Compiling yoke-derive v0.8.2
   Compiling thiserror-impl v2.0.18
   Compiling zerocopy-derive v0.8.56
   Compiling candid_derive v0.10.35
   Compiling tracing-attributes v0.1.31
   Compiling strum_macros v0.26.4
   Compiling curve25519-dalek-derive v0.1.1
   Compiling schemars_derive v0.8.22
   Compiling prost-derive v0.14.4
   Compiling pest_derive v2.9.0
   Compiling tokio v1.53.1
   Compiling futures-util v0.3.34
   Compiling logos-derive v0.14.4
   Compiling zeroize v1.9.0
   Compiling hybrid-array v0.4.14
   Compiling der v0.7.10
   Compiling rustls-pki-types v1.15.1
   Compiling der v0.8.1
   Compiling merlin v3.0.0
   Compiling zerofrom v0.1.8
   Compiling yoke v0.8.3
   Compiling logos v0.14.4
   Compiling tracing v0.1.44
   Compiling rustls-native-certs v0.8.4
   Compiling zerovec v0.11.8
   Compiling zerotrie v0.2.5
   Compiling ic-timers v0.7.0
   Compiling crypto-common v0.2.2
   Compiling block-buffer v0.12.1
   Compiling crypto-bigint v0.7.5
   Compiling darling_macro v0.20.11
   Compiling crypto-bigint v0.5.5
   Compiling digest v0.9.0
   Compiling block-buffer v0.9.0
   Compiling prost v0.14.4
   Compiling curve25519-dalek-ng v4.1.1
   Compiling sha2 v0.9.9
   Compiling darling_macro v0.23.0
   Compiling strum v0.26.3
   Compiling sec1 v0.8.1
   Compiling hmac v0.12.1
   Compiling signature v2.2.0
   Compiling ic_bls12_381 v0.10.1
   Compiling rfc6979 v0.4.0
   Compiling hkdf v0.12.4
   Compiling darling v0.20.11
   Compiling tinystr v0.8.4
   Compiling potential_utf v0.1.6
   Compiling derive_builder_core v0.20.2
   Compiling spki v0.7.3
   Compiling darling v0.23.0
   Compiling digest v0.11.3
   Compiling icu_collections v2.3.0
   Compiling icu_locale_core v2.3.0
   Compiling pkcs8 v0.10.2
   Compiling hmac v0.13.0
   Compiling signature v3.0.0
   Compiling sha2 v0.11.0
   Compiling sec1 v0.7.3
   Compiling ed25519 v2.2.3
   Compiling derive_builder_macro v0.20.2
   Compiling elliptic-curve v0.13.8
   Compiling ed25519-dalek v2.2.0
   Compiling num-bigint v0.4.8
   Compiling ic_principal v0.1.5
   Compiling serde_cbor v0.11.2
   Compiling ic-error-types v0.2.0
   Compiling tracing-serde v0.2.0
   Compiling erased-serde v0.3.31
   Compiling toml_datetime v0.6.11
   Compiling serde_spanned v0.6.9
   Compiling ecdsa v0.16.9
   Compiling primeorder v0.13.6
   Compiling derive_builder v0.20.2
   Compiling tracing-subscriber v0.3.23
   Compiling icu_provider v2.3.1
   Compiling ic-stable-structures v0.7.2
   Compiling toml_edit v0.22.27
   Compiling handlebars v6.4.4
   Compiling ic-certification v3.2.0
   Compiling ed25519-consensus v2.1.0
   Compiling icu_normalizer v2.3.0
   Compiling icu_properties v2.3.0
   Compiling k256 v0.13.4
   Compiling p256 v0.13.2
   Compiling futures-executor v0.3.34
   Compiling futures v0.3.34
   Compiling elliptic-curve v0.14.1
   Compiling primefield v0.14.0
   Compiling rfc6979 v0.6.0
   Compiling wnaf v0.14.1
   Compiling candid v0.10.35
   Compiling ecdsa v0.17.0
   Compiling primeorder v0.14.0
   Compiling idna_adapter v1.2.2
   Compiling k256 v0.14.0
   Compiling idna v1.1.0
   Compiling tracing-appender v0.2.5
   Compiling url v2.5.8
   Compiling toml v0.8.23
   Compiling candid_parser v0.4.1
   Compiling ppv-lite86 v0.2.21
   Compiling half v2.7.1
   Compiling tokio-util v0.7.19
   Compiling tower v0.5.3
   Compiling cached v0.56.0
   Compiling ciborium-ll v0.2.2
   Compiling rand_chacha v0.3.1
   Compiling ciborium v0.2.2
   Compiling tower-http v0.6.11
   Compiling rand v0.8.8
   Compiling h2 v0.4.19
   Compiling ic-cdk-macros v0.20.2
   Compiling canic-core v0.110.6 (/home/adam/projects/canic/.tmp/canic134-predecessor-source/crates/canic-core)
   Compiling ic-transport-types v0.49.2
   Compiling ic-management-canister-types v0.8.0
   Compiling ic-memory v0.12.3
   Compiling ic-cdk v0.20.2
   Compiling ic-ed25519 v0.6.0
   Compiling ic-verify-bls-signature v0.6.0
   Compiling hyper v1.11.1
   Compiling hyper-util v0.1.20
   Compiling rustls-webpki v0.103.15
   Compiling tokio-rustls v0.26.4
   Compiling rustls-platform-verifier v0.7.0
   Compiling hyper-rustls v0.27.9
   Compiling reqwest v0.13.4
   Compiling pocket-ic v16.0.0
   Compiling ic-agent v0.49.2
   Compiling ic-query v0.42.0
   Compiling ic-testkit v0.9.0
   Compiling canic-control-plane v0.110.6 (/home/adam/projects/canic/.tmp/canic134-predecessor-source/crates/canic-control-plane)
   Compiling canic-host v0.110.6 (/home/adam/projects/canic/.tmp/canic134-predecessor-source/crates/canic-host)
   Compiling canic-testing-internal v0.110.6 (/home/adam/projects/canic/.tmp/canic134-predecessor-source/crates/canic-testing-internal)
    Finished `test` profile [optimized + debuginfo] target(s) in 1m 37s
     Running unittests src/lib.rs (target/debug/deps/canic_testing_internal-1ae55837dd007822)

running 1 test
test pic::fleet_registry::baseline::tests::published_draining_root_autonomously_reaches_external_deletion_readiness ... [FLEET]      RUN    building bootstrap wasm_store artifact
[WASM]       DONE   bootstrap Store artifact                             1m 44s
[FLEET]      RUN    building PIC root wasm artifact
[WASM]       RUN    delegation_root_stub (1/1)
[WASM]       DONE   delegation_root_stub                                 52.63s
[FLEET]      RUN    finished PIC wasm build
[FLEET]      DONE   root artifacts ready                                 2m 38s
[WASM]       DONE   Fleet Coordinator artifact                           44.60s
[FLEET]      DONE   Coordinator artifact ready                           45.04s
[WASM]       RUN    delegation_issuer_stub (1/1)
[WASM]       DONE   delegation_issuer_stub                               35.44s
[FLEET]      DONE   Store and Component artifacts ready                  36.62s
[FLEET]      RUN    starting PocketIC instance
[FLEET]      READY  PocketIC instance
[FLEET]      DONE   PocketIC topology ready                               0.19s
[FLEET]      DONE   Root and Store installed                              4.25s
[FLEET]      DONE   Coordinator installed                                 1.38s
[FLEET]      DONE   Root joined and synchronized                          0.12s
[FLEET]      DONE   Component Registry activated                          2.90s
[FLEET]      DONE   fresh Fleet validated                                 0.02s
[FLEET]      DONE   fresh Fleet setup complete                           4m 09s
ok

test result: ok. 1 passed; 0 failed; 0 ignored; 0 measured; 47 filtered out; finished in 252.21s

==> shared PocketIC resources after targeted canic-testing-internal PocketIC proof: rss=367844 kB high_water=382740 kB threads=19
==> targeted canic-testing-internal PocketIC proof done in 350s

==> workspace timing summary
kind             elapsed  result label
----             -------  ------ -----
pocketic-serial  350s     PASS   targeted canic-testing-internal PocketIC proof
workspace runner wall time: 351s
WORKSPACE TESTS PASSED: all requested suites succeeded.
==> leaving Cargo build artifacts intact
==> clearing invocation-owned test scratch: test-runtime.eYcvvX
