workspace test inventory guard passed (39 targets: 30 parallel, 9 serial PocketIC)
PocketIC version alignment passed (16.0.0)
==> using pinned PocketIC server binary: /home/adam/.cache/canic/pocket-ic-server-16.0.0/pocket-ic
==> prefetching locked dependency graph for offline metadata checks
==> shared PocketIC server ready: http://127.0.0.1:35325/
==> targeted canic-testing-internal PocketIC proof
    Finished `test` profile [optimized + debuginfo] target(s) in 0.30s
     Running unittests src/lib.rs (target/debug/deps/canic_testing_internal-8278b312dcbd5dba)

running 1 test
test pic::cycle_custody::custody_conserves_native_and_ledger_cycles_and_replays_after_restore ...     Finished `fast` profile [optimized] target(s) in 0.18s
ok

test result: ok. 1 passed; 0 failed; 0 ignored; 0 measured; 60 filtered out; finished in 3.67s

==> shared PocketIC resources after targeted canic-testing-internal PocketIC proof: rss=304144 kB high_water=304144 kB threads=19
==> targeted canic-testing-internal PocketIC proof done in 4s

==> workspace timing summary
kind             elapsed  result label
----             -------  ------ -----
pocketic-serial  4s       PASS   targeted canic-testing-internal PocketIC proof
workspace runner wall time: 5s
WORKSPACE TESTS PASSED: all requested suites succeeded.
==> leaving Cargo build artifacts intact
==> clearing invocation-owned test scratch: test-runtime.e9a0ND
