     Locking 536 packages to latest compatible versions
      Adding generic-array v0.14.7 (available: v0.14.9)
      Adding icydb v0.252.1 (available: v0.253.0)
      Adding sha2 v0.10.9 (available: v0.11.0)
      Adding thiserror v2.0.18 (available: v2.0.20)
      Adding thiserror-impl v2.0.18 (available: v2.0.20)
   Compiling find-msvc-tools v0.1.12
   Compiling generic-array v0.14.7
   Compiling indexmap v2.14.2
   Compiling syn v3.0.5
   Compiling cc v1.4.5
   Compiling petgraph v0.6.5
   Compiling block-buffer v0.10.4
   Compiling crypto-common v0.1.7
   Compiling sec1 v0.7.3
   Compiling crypto-bigint v0.5.5
   Compiling digest v0.9.0
   Compiling block-buffer v0.9.0
   Compiling digest v0.10.7
   Compiling curve25519-dalek-ng v4.1.1
   Compiling sha2 v0.9.9
   Compiling sha2 v0.10.9
   Compiling signature v2.2.0
   Compiling hmac v0.12.1
   Compiling curve25519-dalek v4.1.3
   Compiling ic_bls12_381 v0.10.1
   Compiling ed25519 v2.2.3
   Compiling cmake v0.1.58
   Compiling rfc6979 v0.4.0
   Compiling hkdf v0.12.4
   Compiling psm v0.1.32
   Compiling stacker v0.1.25
   Compiling aws-lc-sys v0.45.0
   Compiling lalrpop v0.20.2
   Compiling elliptic-curve v0.13.8
   Compiling ed25519-dalek v2.2.0
   Compiling ecdsa v0.16.9
   Compiling primeorder v0.13.6
   Compiling k256 v0.13.4
   Compiling p256 v0.13.2
   Compiling serde_derive v1.0.229
   Compiling zerovec-derive v0.11.6
   Compiling displaydoc v0.2.7
   Compiling tokio-macros v2.7.2
   Compiling futures-macro v0.3.34
   Compiling async-trait v0.1.92
   Compiling serde_repr v0.1.21
   Compiling remain v0.2.16
   Compiling clap_derive v4.6.4
   Compiling canic-macros v0.110.6 (/home/adam/projects/canic/.tmp/canic134-predecessor-owner-source/crates/canic-macros)
   Compiling tokio v1.53.1
   Compiling zerotrie v0.2.5
   Compiling futures-util v0.3.34
   Compiling zerovec v0.11.8
   Compiling clap v4.6.6
   Compiling tinystr v0.8.4
   Compiling potential_utf v0.1.6
   Compiling icu_collections v2.3.0
   Compiling icu_locale_core v2.3.0
   Compiling serde v1.0.229
   Compiling icu_provider v2.3.1
   Compiling icu_properties v2.3.0
   Compiling icu_normalizer v2.3.0
   Compiling ic_principal v0.1.5
   Compiling hex v0.4.3
   Compiling num-bigint v0.4.8
   Compiling ic-error-types v0.2.0
   Compiling ciborium v0.2.2
   Compiling serde_cbor v0.11.2
   Compiling serde_spanned v0.6.9
   Compiling toml_datetime v0.6.11
   Compiling tracing-serde v0.2.0
   Compiling handlebars v6.4.4
   Compiling erased-serde v0.3.31
   Compiling schemars v0.8.22
   Compiling tracing-subscriber v0.3.23
   Compiling ic-stable-structures v0.7.2
   Compiling ic-ed25519 v0.6.0
   Compiling toml_edit v0.22.27
   Compiling ic-certification v3.2.0
   Compiling ed25519-consensus v2.1.0
   Compiling ic-verify-bls-signature v0.6.0
   Compiling slog v2.8.2
   Compiling futures-executor v0.3.34
   Compiling futures v0.3.34
   Compiling ic-memory v0.12.3
   Compiling idna_adapter v1.2.2
   Compiling idna v1.1.0
   Compiling candid v0.10.35
   Compiling url v2.5.8
   Compiling candid_parser v0.4.1
   Compiling tracing-appender v0.2.5
   Compiling toml v0.8.23
   Compiling tokio-util v0.7.19
   Compiling tower v0.5.3
   Compiling tower-http v0.6.11
   Compiling h2 v0.4.19
   Compiling ic-cdk-macros v0.20.2
   Compiling canic-core v0.110.6 (/home/adam/projects/canic/.tmp/canic134-predecessor-owner-source/crates/canic-core)
   Compiling canic-core v0.110.7 (/home/adam/projects/canic/crates/canic-core)
   Compiling ic-transport-types v0.49.2
   Compiling ic-management-canister-types v0.8.0
   Compiling ic-cdk v0.20.2
   Compiling hyper v1.11.1
   Compiling hyper-util v0.1.20
   Compiling aws-lc-rs v1.18.1
   Compiling rustls v0.23.43
   Compiling rustls-webpki v0.103.15
   Compiling tokio-rustls v0.26.5
   Compiling rustls-platform-verifier v0.7.0
   Compiling hyper-rustls v0.27.9
   Compiling reqwest v0.13.4
   Compiling ic-agent v0.49.2
   Compiling pocket-ic v16.0.0
   Compiling ic-query v0.42.0
   Compiling ic-testkit v0.9.0
   Compiling canic-control-plane v0.110.7 (/home/adam/projects/canic/crates/canic-control-plane)
   Compiling canic-control-plane v0.110.6 (/home/adam/projects/canic/.tmp/canic134-predecessor-owner-source/crates/canic-control-plane)
   Compiling canic v0.110.6 (/home/adam/projects/canic/.tmp/canic134-predecessor-owner-source/crates/canic)
   Compiling canic-host v0.110.7 (/home/adam/projects/canic/crates/canic-host)
   Compiling canic-host v0.110.6 (/home/adam/projects/canic/.tmp/canic134-predecessor-owner-source/crates/canic-host)
   Compiling canic-cycle-custody v0.110.7 (/home/adam/projects/canic/crates/canic-cycle-custody)
   Compiling canic-testing-internal v0.110.6 (/home/adam/projects/canic/.tmp/canic134-predecessor-owner-source/crates/canic-testing-internal)
    Finished `dev` profile [optimized + debuginfo] target(s) in 1m 45s
    Finished `fast` profile [optimized] target(s) in 0.54s
workspace test inventory guard passed (39 targets: 30 parallel, 9 serial PocketIC)
PocketIC version alignment passed (16.0.0)
==> using pinned PocketIC server binary: /home/adam/.cache/canic/pocket-ic-server-16.0.0/pocket-ic
==> prefetching locked dependency graph for offline metadata checks
==> shared PocketIC server ready: http://127.0.0.1:33403/
==> targeted canic-testing-internal PocketIC proof
   Compiling canic-testing-internal v0.110.6 (/home/adam/projects/canic/.tmp/canic134-predecessor-owner-source/crates/canic-testing-internal)
    Finished `test` profile [optimized + debuginfo] target(s) in 13.39s
     Running unittests src/lib.rs (/home/adam/projects/canic/target/canic134-predecessor-owner/debug/deps/canic_testing_internal-2d957919476f54c2)

running 1 test
test predecessor_retirement::tests::pinned_owner_retires_and_seals_genuine_predecessor ... [FLEET]      RUN    building bootstrap wasm_store artifact
[WASM]       DONE   bootstrap Store artifact                             1m 44s
[FLEET]      RUN    building PIC root wasm artifact
[WASM]       RUN    delegation_root_stub (1/1)
[WASM]       DONE   delegation_root_stub                                 52.92s
[FLEET]      RUN    finished PIC wasm build
[FLEET]      DONE   root artifacts ready                                 2m 39s
[WASM]       DONE   Fleet Coordinator artifact                           45.38s
[FLEET]      DONE   Coordinator artifact ready                           45.85s
[WASM]       RUN    delegation_issuer_stub (1/1)
[WASM]       DONE   delegation_issuer_stub                               34.00s
[FLEET]      DONE   Store and Component artifacts ready                  35.38s
[FLEET]      RUN    starting PocketIC instance
[FLEET]      READY  PocketIC instance
[FLEET]      DONE   PocketIC topology ready                               0.15s
[FLEET]      DONE   Root and Store installed                              4.27s
[FLEET]      DONE   Coordinator installed                                 1.31s
[FLEET]      DONE   Root joined and synchronized                          0.14s
[FLEET]      DONE   Component Registry activated                          3.14s
[FLEET]      DONE   fresh Fleet validated                                 0.02s
[FLEET]      DONE   fresh Fleet setup complete                           4m 09s
CANIC134 capture begins
CANIC134 HTTP verify
CANIC134 HTTP funding_idle
CANIC134 HTTP removal_request
CANIC134 HTTP pool
CANIC134 HTTP root_status
CANIC134 HTTP observe
CANIC134 HTTP observe
CANIC134 HTTP observe
CANIC134 HTTP observe
CANIC134 HTTP observe
CANIC134 HTTP observe
CANIC134 HTTP observe
CANIC134 HTTP observe
CANIC134 HTTP observe
CANIC134 HTTP observe
CANIC134 HTTP observe
CANIC134 HTTP observe
CANIC134 HTTP observe
CANIC134 HTTP ledger
CANIC134 HTTP root_status
CANIC134 HTTP pool
CANIC134 HTTP removal_request
CANIC134 HTTP funding_idle
CANIC134 HTTP verify
CANIC134 HTTP verify
CANIC134 HTTP funding_idle
CANIC134 HTTP pool
CANIC134 HTTP removal_request
CANIC134 HTTP ledger
CANIC134 HTTP observe
CANIC134 HTTP observe
CANIC134 HTTP observe
CANIC134 HTTP observe
CANIC134 HTTP observe
CANIC134 HTTP observe
CANIC134 HTTP observe
CANIC134 HTTP observe
CANIC134 HTTP observe
CANIC134 HTTP observe
CANIC134 HTTP observe
CANIC134 HTTP observe
CANIC134 HTTP observe
CANIC134 HTTP verify
CANIC134 HTTP removal_status
CANIC134 HTTP removal_status
CANIC134 HTTP removal_status
CANIC134 HTTP removal_status
CANIC134 HTTP removal_status
CANIC134 HTTP removal_status
CANIC134 HTTP removal_status
CANIC134 HTTP removal_status
CANIC134 HTTP removal_status
CANIC134 HTTP removal_status
CANIC134 HTTP removal_status
CANIC134 HTTP removal_status
CANIC134 HTTP removal_status
CANIC134 HTTP removal_status
CANIC134 HTTP root_status
CANIC134 HTTP root_info
CANIC134 HTTP verify
CANIC134 HTTP root_status
CANIC134 HTTP root_info
CANIC134 HTTP pool
CANIC134 HTTP observe
CANIC134 HTTP observe
CANIC134 HTTP observe
CANIC134 HTTP observe
CANIC134 HTTP observe
CANIC134 HTTP observe
CANIC134 HTTP observe
CANIC134 HTTP observe
CANIC134 HTTP observe
CANIC134 HTTP observe
CANIC134 HTTP observe
CANIC134 HTTP observe
CANIC134 HTTP ledger
CANIC134 pinned owner: assets=10, final_native=2019347485132995, operator_ledger=7999800000000, fees=200000000, retirement_debit=10837168524, custody_burn=92369698789, Store_residual=425891567021
ok

test result: ok. 1 passed; 0 failed; 0 ignored; 0 measured; 48 filtered out; finished in 324.42s

==> shared PocketIC resources after targeted canic-testing-internal PocketIC proof: rss=424456 kB high_water=457480 kB threads=20
==> targeted canic-testing-internal PocketIC proof done in 338s

==> workspace timing summary
kind             elapsed  result label
----             -------  ------ -----
pocketic-serial  338s     PASS   targeted canic-testing-internal PocketIC proof
workspace runner wall time: 339s
WORKSPACE TESTS PASSED: all requested suites succeeded.
==> leaving Cargo build artifacts intact
==> clearing invocation-owned test scratch: test-runtime.Q2vrb5
