workspace test inventory guard passed (39 targets: 30 parallel, 9 serial PocketIC)
PocketIC version alignment passed (16.0.0)
==> using pinned PocketIC server binary: /home/adam/.cache/canic/pocket-ic-server-16.0.0/pocket-ic
==> prefetching locked dependency graph for offline metadata checks
==> shared PocketIC server ready: http://127.0.0.1:43301/
==> targeted canic-testing-internal PocketIC proof
   Compiling canic-testing-internal v0.110.7 (/home/adam/projects/canic/crates/canic-testing-internal)
    Finished `test` profile [optimized + debuginfo] target(s) in 11.30s
     Running unittests src/lib.rs (target/debug/deps/canic_testing_internal-df76281e9aadb3a1)

running 1 test
test pic::fleet_registry::baseline::tests::four_workloads_refill_four_ready_with_lost_funding_and_creation_responses ... [WASM]       SIZE   fleet_coordinator/candidate.wasm  code=3.88 MiB (4070557 B)  headroom=6.12 MiB (6415203 B)
[WASM]       SIZE   wasm_store/candidate.wasm  code=2.52 MiB (2637920 B)  headroom=7.48 MiB (7847840 B)
[WASM]       SIZE   app/candidate.wasm  code=2.53 MiB (2652006 B)  headroom=7.47 MiB (7833754 B)
[WASM]       SIZE   root/candidate.wasm  code=7.58 MiB (7951071 B)  headroom=2.42 MiB (2534689 B)
[FLEET]      DONE   literal-zero release artifacts (16)                  1m 52s
[WASM]       RUN    cycles_ledger_stub (1/1)
[WASM]       CACHE  cycles_ledger_stub                                    0.39s
[FLEET]      RUN    starting management-agent PocketIC instance
[FLEET]      READY  management-agent PocketIC instance
[FLEET]      RUN    planning literal-zero infrastructure
[FLEET]      DONE   literal-zero infrastructure replay complete          1m 59s

thread 'pic::fleet_registry::baseline::tests::four_workloads_refill_four_ready_with_lost_funding_and_creation_responses' (33410) panicked at crates/canic-testing-internal/src/pic/fleet_registry/baseline.rs:5139:13:
recover funding receipt and autonomous creation: JournalIntegrity; pool: CanisterPoolResponse { config: FleetSubnetCanisterPoolConfig { minimum_size: 4, maximum_size: 8, canister_cycles: Cycles(1900000000000), creation_execution_margin: Cycles(1000000000000) }, tracked: 9, store: 1, store_deletion_pending: 0, pooled: 4, workload: 4, surplus: 0, ready: 4, pending_reset: 0, claimed: 0, recycling: 0, handing_off: 0, failed: 0, completed_handoffs: 0, pending_creation: None, pending_handoff: None, entries: [CanisterPoolAsset { canister_id: Principal { len: 10, bytes: [127, 255, 255, 255, 255, 192, 0, 2, 1, 1, 0, 0, 0, 0, 0, 0, 0, 0, 0, 0, 0, 0, 0, 0, 0, 0, 0, 0, 0] }, creation_receipt: None, cycles: Cycles(0), origin: InfrastructureStore, status: Store, added_at_ns: 1788635210806912694, updated_at_ns: 1788635210806912694 }, CanisterPoolAsset { canister_id: Principal { len: 10, bytes: [127, 255, 255, 255, 255, 192, 0, 3, 1, 1, 0, 0, 0, 0, 0, 0, 0, 0, 0, 0, 0, 0, 0, 0, 0, 0, 0, 0, 0] }, creation_receipt: None, cycles: Cycles(4899995361602), origin: Imported, status: Workload { claim: CanisterPoolClaim { component: ComponentInstanceId([114, 255, 77, 234, 194, 114, 37, 122, 31, 89, 48, 36, 212, 136, 208, 84, 76, 153, 163, 40, 230, 108, 50, 1, 168, 233, 229, 27, 188, 108, 102, 58]), operation_id: [26, 164, 140, 228, 74, 82, 183, 60, 71, 44, 136, 74, 37, 118, 107, 167, 223, 106, 244, 33, 61, 56, 83, 117, 224, 198, 11, 27, 217, 175, 3, 190] } }, added_at_ns: 1788635210806912694, updated_at_ns: 1788635363459188989 }, CanisterPoolAsset { canister_id: Principal { len: 10, bytes: [127, 255, 255, 255, 255, 192, 0, 4, 1, 1, 0, 0, 0, 0, 0, 0, 0, 0, 0, 0, 0, 0, 0, 0, 0, 0, 0, 0, 0] }, creation_receipt: None, cycles: Cycles(4899995261565), origin: Imported, status: Workload { claim: CanisterPoolClaim { component: ComponentInstanceId([188, 253, 22, 19, 209, 58, 184, 127, 250, 19, 38, 141, 165, 66, 23, 32, 122, 119, 169, 226, 28, 125, 88, 152, 254, 62, 133, 15, 209, 227, 241, 225]), operation_id: [220, 226, 75, 166, 166, 2, 195, 88, 255, 122, 235, 227, 128, 121, 189, 136, 104, 155, 202, 103, 16, 192, 64, 126, 223, 169, 120, 56, 199, 254, 92, 155] } }, added_at_ns: 1788635210806912694, updated_at_ns: 1788635363326658190 }, CanisterPoolAsset { canister_id: Principal { len: 10, bytes: [127, 255, 255, 255, 255, 192, 0, 5, 1, 1, 0, 0, 0, 0, 0, 0, 0, 0, 0, 0, 0, 0, 0, 0, 0, 0, 0, 0, 0] }, creation_receipt: None, cycles: Cycles(4899995161528), origin: Imported, status: Workload { claim: CanisterPoolClaim { component: ComponentInstanceId([48, 169, 154, 118, 109, 41, 80, 77, 58, 167, 61, 144, 154, 111, 120, 210, 11, 118, 170, 216, 253, 118, 9, 243, 250, 1, 181, 160, 54, 71, 253, 146]), operation_id: [8, 160, 43, 112, 211, 224, 66, 203, 206, 79, 252, 123, 11, 55, 217, 98, 35, 18, 125, 199, 255, 231, 76, 47, 32, 149, 243, 230, 80, 21, 231, 185] } }, added_at_ns: 1788635210806912694, updated_at_ns: 1788635363052357447 }, CanisterPoolAsset { canister_id: Principal { len: 10, bytes: [127, 255, 255, 255, 255, 192, 0, 6, 1, 1, 0, 0, 0, 0, 0, 0, 0, 0, 0, 0, 0, 0, 0, 0, 0, 0, 0, 0, 0] }, creation_receipt: None, cycles: Cycles(4899995161528), origin: Imported, status: Workload { claim: CanisterPoolClaim { component: ComponentInstanceId([249, 134, 93, 215, 28, 225, 174, 50, 244, 212, 119, 226, 152, 224, 244, 130, 238, 147, 90, 55, 233, 17, 10, 223, 44, 218, 64, 30, 63, 44, 48, 72]), operation_id: [67, 201, 141, 182, 81, 92, 147, 21, 208, 238, 103, 53, 29, 92, 200, 211, 178, 66, 81, 179, 129, 67, 247, 120, 157, 230, 140, 5, 17, 57, 158, 53] } }, added_at_ns: 1788635210806912694, updated_at_ns: 1788635363197786371 }, CanisterPoolAsset { canister_id: Principal { len: 10, bytes: [127, 255, 255, 255, 255, 192, 0, 7, 1, 1, 0, 0, 0, 0, 0, 0, 0, 0, 0, 0, 0, 0, 0, 0, 0, 0, 0, 0, 0] }, creation_receipt: Some(CanisterPoolCreationReceipt { block_index: 8, operation_id: [7, 100, 134, 182, 237, 55, 57, 46, 185, 237, 60, 57, 7, 116, 239, 140, 42, 170, 194, 111, 167, 162, 126, 151, 15, 182, 14, 167, 82, 208, 180, 18], cycles_ledger: Principal { len: 10, bytes: [0, 0, 0, 0, 2, 16, 0, 2, 1, 1, 0, 0, 0, 0, 0, 0, 0, 0, 0, 0, 0, 0, 0, 0, 0, 0, 0, 0, 0] }, ledger_amount: Cycles(3400000000000), ledger_fee: Cycles(100000000), readiness_floor: Cycles(1900000000000), creation_execution_margin: Cycles(1000000000000), management_creation_fee: Cycles(500000000000), first_observed_cycles: Some(Cycles(2899997569121)) }), cycles: Cycles(2899997569121), origin: Created, status: Ready, added_at_ns: 1788635441102145354, updated_at_ns: 1788635443603244696 }, CanisterPoolAsset { canister_id: Principal { len: 10, bytes: [127, 255, 255, 255, 255, 192, 0, 8, 1, 1, 0, 0, 0, 0, 0, 0, 0, 0, 0, 0, 0, 0, 0, 0, 0, 0, 0, 0, 0] }, creation_receipt: Some(CanisterPoolCreationReceipt { block_index: 9, operation_id: [106, 37, 112, 210, 213, 14, 42, 118, 171, 7, 1, 168, 130, 125, 253, 213, 245, 228, 85, 224, 116, 7, 74, 98, 78, 179, 245, 81, 166, 210, 186, 36], cycles_ledger: Principal { len: 10, bytes: [0, 0, 0, 0, 2, 16, 0, 2, 1, 1, 0, 0, 0, 0, 0, 0, 0, 0, 0, 0, 0, 0, 0, 0, 0, 0, 0, 0, 0] }, ledger_amount: Cycles(3400000000000), ledger_fee: Cycles(100000000), readiness_floor: Cycles(1900000000000), creation_execution_margin: Cycles(1000000000000), management_creation_fee: Cycles(500000000000), first_observed_cycles: Some(Cycles(2899997469085)) }), cycles: Cycles(2899997469085), origin: Created, status: Ready, added_at_ns: 1788635445780060133, updated_at_ns: 1788635448281642035 }, CanisterPoolAsset { canister_id: Principal { len: 10, bytes: [127, 255, 255, 255, 255, 192, 0, 9, 1, 1, 0, 0, 0, 0, 0, 0, 0, 0, 0, 0, 0, 0, 0, 0, 0, 0, 0, 0, 0] }, creation_receipt: Some(CanisterPoolCreationReceipt { block_index: 10, operation_id: [24, 182, 60, 67, 138, 115, 229, 3, 75, 166, 193, 41, 103, 79, 21, 180, 109, 107, 252, 197, 148, 201, 74, 117, 88, 244, 116, 105, 34, 69, 136, 86], cycles_ledger: Principal { len: 10, bytes: [0, 0, 0, 0, 2, 16, 0, 2, 1, 1, 0, 0, 0, 0, 0, 0, 0, 0, 0, 0, 0, 0, 0, 0, 0, 0, 0, 0, 0] }, ledger_amount: Cycles(3400000000000), ledger_fee: Cycles(100000000), readiness_floor: Cycles(1900000000000), creation_execution_margin: Cycles(1000000000000), management_creation_fee: Cycles(500000000000), first_observed_cycles: Some(Cycles(2899997469085)) }), cycles: Cycles(2899997469085), origin: Created, status: Ready, added_at_ns: 1788635450569467252, updated_at_ns: 1788635453103747823 }, CanisterPoolAsset { canister_id: Principal { len: 10, bytes: [127, 255, 255, 255, 255, 192, 0, 10, 1, 1, 0, 0, 0, 0, 0, 0, 0, 0, 0, 0, 0, 0, 0, 0, 0, 0, 0, 0, 0] }, creation_receipt: Some(CanisterPoolCreationReceipt { block_index: 11, operation_id: [97, 90, 7, 8, 111, 90, 135, 191, 152, 52, 13, 219, 15, 153, 247, 190, 170, 1, 128, 224, 222, 120, 202, 51, 3, 231, 68, 132, 247, 57, 132, 101], cycles_ledger: Principal { len: 10, bytes: [0, 0, 0, 0, 2, 16, 0, 2, 1, 1, 0, 0, 0, 0, 0, 0, 0, 0, 0, 0, 0, 0, 0, 0, 0, 0, 0, 0, 0] }, ledger_amount: Cycles(3400000000000), ledger_fee: Cycles(100000000), readiness_floor: Cycles(1900000000000), creation_execution_margin: Cycles(1000000000000), management_creation_fee: Cycles(500000000000), first_observed_cycles: Some(Cycles(2899997369048)) }), cycles: Cycles(2899997369048), origin: Created, status: Ready, added_at_ns: 1788635455386291677, updated_at_ns: 1788635457888243192 }], next_start_after: None }
note: run with `RUST_BACKTRACE=1` environment variable to display a backtrace
FAILED

failures:

failures:
    pic::fleet_registry::baseline::tests::four_workloads_refill_four_ready_with_lost_funding_and_creation_responses

test result: FAILED. 0 passed; 1 failed; 0 ignored; 0 measured; 57 filtered out; finished in 421.98s

error: test failed, to rerun pass `-p canic-testing-internal --lib`
error: 1 target failed:
    `-p canic-testing-internal --lib`
==> shared PocketIC resources after targeted canic-testing-internal PocketIC proof: rss=417892 kB high_water=436636 kB threads=20
==> targeted canic-testing-internal PocketIC proof failed in 433s (exit 101)
==> shared PocketIC server stderr (last 40 lines)
2026-09-05 19:09:24.830925180 UTC: [Canister pp254-cl777-77776-aaaaq-cai] [32m OK  [0m|    root    | [CanisterLifecycle] install_chunked_code: pt6hn-vl777-77776-aaacq-cai store=pgzwa-ud777-77776-aaaba-cai chunks=1
2026-09-05 19:09:25.782303961 UTC: [Canister p25mr-dd777-77776-aaada-cai] [34mINFO [0m|    ...     | [Init] 🏁 init: app
2026-09-05 19:09:25.782303961 UTC: [Canister p25mr-dd777-77776-aaada-cai] [34mINFO [0m|    ...     | [Memory] 💾 memory.registry: bootstrapped
2026-09-05 19:09:25.901649931 UTC: [Canister pp254-cl777-77776-aaaaq-cai] [32m OK  [0m|    root    | [CanisterLifecycle] install_chunked_code: p25mr-dd777-77776-aaada-cai store=pgzwa-ud777-77776-aaaba-cai chunks=1
2026-09-05 19:09:26.638697970 UTC: [Canister pu7bz-yt777-77776-aaaca-cai] [34mINFO [0m|    ...     | [Init] 🏁 init: app
2026-09-05 19:09:26.638697970 UTC: [Canister pu7bz-yt777-77776-aaaca-cai] [34mINFO [0m|    ...     | [Memory] 💾 memory.registry: bootstrapped
2026-09-05 19:09:26.759119166 UTC: [Canister pp254-cl777-77776-aaaaq-cai] [32m OK  [0m|    root    | [CanisterLifecycle] install_chunked_code: pu7bz-yt777-77776-aaaca-cai store=pgzwa-ud777-77776-aaaba-cai chunks=1
2026-09-05 19:09:27.498909756 UTC: [Canister pbyqu-z3777-77776-aaabq-cai] [34mINFO [0m|    ...     | [Init] 🏁 init: app
2026-09-05 19:09:27.498909756 UTC: [Canister pbyqu-z3777-77776-aaabq-cai] [34mINFO [0m|    ...     | [Memory] 💾 memory.registry: bootstrapped
2026-09-05 19:09:27.619166753 UTC: [Canister pp254-cl777-77776-aaaaq-cai] [32m OK  [0m|    root    | [CanisterLifecycle] install_chunked_code: pbyqu-z3777-77776-aaabq-cai store=pgzwa-ud777-77776-aaaba-cai chunks=1
2026-09-05 19:09:29.599634356 UTC: [Canister pp254-cl777-77776-aaaaq-cai] [33mWARN [0m|    root    | [Fleet] Root Component provisioning retry: operation_id=[191, 22, 129, 181, 254, 35, 80, 76, 235, 38, 205, 190, 182, 10, 122, 203, 243, 65, 48, 2, 80, 44, 171, 242, 196, 21, 169, 205, 221, 143, 47, 182] phase=Provisioned activated_components=0/4 diagnostic=E140
2026-09-05 19:09:30.846744476 UTC: [Canister pt6hn-vl777-77776-aaacq-cai] [34mINFO [0m|    app     | [Init] bootstrap (nonroot): init start
2026-09-05 19:09:30.846744476 UTC: [Canister pt6hn-vl777-77776-aaacq-cai] [34mINFO [0m|    app     | [Init] bootstrap (nonroot): init complete
2026-09-05 19:09:30.846744476 UTC: [Canister pt6hn-vl777-77776-aaacq-cai] [34mINFO [0m|    app     | [Init] canister marked READY
2026-09-05 19:09:31.040399870 UTC: [Canister p25mr-dd777-77776-aaada-cai] [34mINFO [0m|    app     | [Init] bootstrap (nonroot): init start
2026-09-05 19:09:31.040399870 UTC: [Canister p25mr-dd777-77776-aaada-cai] [34mINFO [0m|    app     | [Init] bootstrap (nonroot): init complete
2026-09-05 19:09:31.040399870 UTC: [Canister p25mr-dd777-77776-aaada-cai] [34mINFO [0m|    app     | [Init] canister marked READY
2026-09-05 19:09:31.245988593 UTC: [Canister pu7bz-yt777-77776-aaaca-cai] [34mINFO [0m|    app     | [Init] bootstrap (nonroot): init start
2026-09-05 19:09:31.245988593 UTC: [Canister pu7bz-yt777-77776-aaaca-cai] [34mINFO [0m|    app     | [Init] bootstrap (nonroot): init complete
2026-09-05 19:09:31.245988593 UTC: [Canister pu7bz-yt777-77776-aaaca-cai] [34mINFO [0m|    app     | [Init] canister marked READY
2026-09-05 19:09:31.464048059 UTC: [Canister pbyqu-z3777-77776-aaabq-cai] [34mINFO [0m|    app     | [Init] bootstrap (nonroot): init start
2026-09-05 19:09:31.464048059 UTC: [Canister pbyqu-z3777-77776-aaabq-cai] [34mINFO [0m|    app     | [Init] bootstrap (nonroot): init complete
2026-09-05 19:09:31.464048059 UTC: [Canister pbyqu-z3777-77776-aaabq-cai] [34mINFO [0m|    app     | [Init] canister marked READY
2026-09-05 19:09:31.643317408 UTC: [Canister pp254-cl777-77776-aaaaq-cai] [33mWARN [0m|    root    | [Fleet] Root Component provisioning retry: operation_id=[191, 22, 129, 181, 254, 35, 80, 76, 235, 38, 205, 190, 182, 10, 122, 203, 243, 65, 48, 2, 80, 44, 171, 242, 196, 21, 169, 205, 221, 143, 47, 182] phase=Published activated_components=0/4 diagnostic=E140
2026-09-05 19:09:35.889016734 UTC: [Canister pp254-cl777-77776-aaaaq-cai] [34mINFO [0m|    root    | [Init] bootstrap (root:init) start
2026-09-05 19:09:36.065956280 UTC: [Canister pp254-cl777-77776-aaaaq-cai] [34mINFO [0m|    root    | [Topology] try_get_current_subnet_pid: 753q6-ah42a-rm7md-yb6nn-3egqb-e2tyy-zdjgf-ind25-haovq-fe74w-pqe
2026-09-05 19:09:36.065956280 UTC: [Canister pp254-cl777-77776-aaaaq-cai] [34mINFO [0m|    root    | [Init] bootstrap (root:init) prepared managed inventory for Fleet activation
2026-09-05 19:09:36.065956280 UTC: [Canister pp254-cl777-77776-aaaaq-cai] [34mINFO [0m|    root    | [Sync] sync.state: root cascade start snapshot=[fs]
2026-09-05 19:09:36.065956280 UTC: [Canister pgzwa-ud777-77776-aaaba-cai] [34mINFO [0m| wasm_store | [Sync] sync.state: non-root cascade start snapshot=[fs]
2026-09-05 19:09:37.284474612 UTC: [Canister pp254-cl777-77776-aaaaq-cai] [34mINFO [0m|    root    | [Init] bootstrap (root:init) start
2026-09-05 19:09:37.448254995 UTC: [Canister pp254-cl777-77776-aaaaq-cai] [34mINFO [0m|    root    | [Topology] try_get_current_subnet_pid: 753q6-ah42a-rm7md-yb6nn-3egqb-e2tyy-zdjgf-ind25-haovq-fe74w-pqe
2026-09-05 19:09:37.448254995 UTC: [Canister pp254-cl777-77776-aaaaq-cai] [34mINFO [0m|    root    | [Init] bootstrap (root:init) complete
2026-09-05 19:09:37.448254995 UTC: [Canister pp254-cl777-77776-aaaaq-cai] [34mINFO [0m|    root    | [Init] canister marked READY
2026-09-05 19:09:37.448254995 UTC: [Canister pgzwa-ud777-77776-aaaba-cai] [34mINFO [0m| wasm_store | [Init] bootstrap (nonroot): init start
2026-09-05 19:09:37.448254995 UTC: [Canister pgzwa-ud777-77776-aaaba-cai] [34mINFO [0m| wasm_store | [Init] bootstrap (nonroot): init complete
2026-09-05 19:09:37.448254995 UTC: [Canister pgzwa-ud777-77776-aaaba-cai] [34mINFO [0m| wasm_store | [Init] canister marked READY
2026-09-05 19:10:43.382771290 UTC: [Canister pp254-cl777-77776-aaaaq-cai] [32m OK  [0m|    root    | [CanisterLifecycle] 🗑️ uninstall_code: p54kf-o3777-77776-aaadq-cai
2026-09-05 19:10:48.061831258 UTC: [Canister pp254-cl777-77776-aaaaq-cai] [32m OK  [0m|    root    | [CanisterLifecycle] 🗑️ uninstall_code: oqsol-bt777-77776-aaaea-cai
2026-09-05 19:10:52.886041565 UTC: [Canister pp254-cl777-77776-aaaaq-cai] [32m OK  [0m|    root    | [CanisterLifecycle] 🗑️ uninstall_code: oxti7-ml777-77776-aaaeq-cai
2026-09-05 19:10:57.667708498 UTC: [Canister pp254-cl777-77776-aaaaq-cai] [32m OK  [0m|    root    | [CanisterLifecycle] 🗑️ uninstall_code: o6qdd-2d777-77776-aaafa-cai
==> shared PocketIC server stdout (last 40 lines)
2026-09-05T19:04:09.325489Z  INFO pocket_ic_server: The PocketIC server is listening on port 43301

==> workspace timing summary
kind             elapsed  result label
----             -------  ------ -----
pocketic-serial  433s     FAIL   targeted canic-testing-internal PocketIC proof
workspace runner wall time: 434s
WORKSPACE TESTS FAILED: targeted canic-testing-internal PocketIC proof
==> leaving Cargo build artifacts intact
==> clearing invocation-owned test scratch: test-runtime.y6hsMd
