workspace test inventory guard passed (39 targets: 30 parallel, 9 serial PocketIC)
PocketIC version alignment passed (16.0.0)
==> using pinned PocketIC server binary: /home/adam/.cache/canic/pocket-ic-server-16.0.0/pocket-ic
==> prefetching locked dependency graph for offline metadata checks
==> shared PocketIC server ready: http://127.0.0.1:37251/
==> targeted canic-testing-internal PocketIC proof
   Compiling canic-control-plane v0.110.7 (/home/adam/projects/canic/crates/canic-control-plane)
   Compiling canic-host v0.110.7 (/home/adam/projects/canic/crates/canic-host)
   Compiling canic-testing-internal v0.110.7 (/home/adam/projects/canic/crates/canic-testing-internal)
    Finished `test` profile [optimized + debuginfo] target(s) in 38.50s
     Running unittests src/lib.rs (target/debug/deps/canic_testing_internal-df76281e9aadb3a1)

running 1 test
test pic::fleet_registry::baseline::tests::four_initial_shards_preserve_sealed_root_activation ... [WASM]       SIZE   fleet_coordinator/candidate.wasm  code=3.90 MiB (4084309 B)  headroom=6.10 MiB (6401451 B)
[WASM]       SIZE   wasm_store/candidate.wasm  code=2.52 MiB (2641818 B)  headroom=7.48 MiB (7843942 B)
[WASM]       SIZE   user_hub/candidate.wasm  code=2.85 MiB (2991720 B)  headroom=7.15 MiB (7494040 B)
[WASM]       SIZE   user_shard/candidate.wasm  code=3.13 MiB (3283518 B)  headroom=6.87 MiB (7202242 B)
[WASM]       SIZE   root/candidate.wasm  code=8.30 MiB (8700487 B)  headroom=1.70 MiB (1785273 B)
[FLEET]      DONE   literal-zero release artifacts (19)                  1m 16s
[FLEET]      RUN    starting PocketIC instance
[FLEET]      READY  PocketIC instance
[FLEET]      RUN    building bootstrap wasm_store artifact
[WASM]       DONE   bootstrap Store artifact                             40.38s
[FLEET]      RUN    building PIC root wasm artifact
[WASM]       RUN    delegation_root_stub (1/1)
[WASM]       DONE   delegation_root_stub                                 46.74s
[FLEET]      RUN    finished PIC wasm build
four-initial-Shard Root activation: diagnostics=1 total=7.957591ms; label="Root" elapsed=7.956328ms canister=dmkut-c3777-77776-qaaaq-cai status_sender=2vxsx-fae status=ok(state=Running version=1623 controllers=1 module_hash_bytes=32 memory_bytes=495_026_420 cycles=179_895_153_629_677) log_sender=2vxsx-fae logs=[384@1620328858000000156]="\u{1b}[31mERROR\u{1b}[0m|    root    | [Fleet] Root initial inventory failed stage=runtime_plan diagnostic=E137", [385@1620328858000000156]="\u{1b}[31mERROR\u{1b}[0m|    root    | [Fleet] Root initial inventory failed stage=component_convergence diagnostic=E137", [386@1620328858000000156]="\u{1b}[31mERROR\u{1b}[0m|    root    | [Fleet] Root activation resume failed stage=component_inventory diagnostic=E137", [387@1620328858000000156]="\u{1b}[31mERROR\u{1b}[0m|    root    | [Fleet] Root runtime activation failed stage=resume diagnostic=E137", [388@1620328858000000156]="\u{1b}[33mWARN \u{1b}[0m|    root    | [Fleet] Root Component provisioning retry: operation_id=[114, 114, 114, 114, 114, 114, 114, 114, 114, 114, 114, 114, 114, 114, 114, 114, 114, 114, 114, 114, 114, 114, 114, 114, 114, 114, 114, 114, 114, 114, 114, 114] phase=Published activated_components=1/1 diagnostic=E137", [389@1620328861000000156]="\u{1b}[31mERROR\u{1b}[0m|    root    | [Fleet] Root initial inventory failed stage=runtime_plan diagnostic=E137", [390@1620328861000000156]="\u{1b}[31mERROR\u{1b}[0m|    root    | [Fleet] Root initial inventory failed stage=component_convergence diagnostic=E137", [391@1620328861000000156]="\u{1b}[31mERROR\u{1b}[0m|    root    | [Fleet] Root activation resume failed stage=component_inventory diagnostic=E137", [392@1620328861000000156]="\u{1b}[31mERROR\u{1b}[0m|    root    | [Fleet] Root runtime activation failed stage=resume diagnostic=E137", [393@1620328861000000156]="\u{1b}[33mWARN \u{1b}[0m|    root    | [Fleet] Root Component provisioning retry: operation_id=[114, 114, 114, 114, 114, 114, 114, 114, 114, 114, 114, 114, 114, 114, 114, 114, 114, 114, 114, 114, 114, 114, 114, 114, 114, 114, 114, 114, 114, 114, 114, 114] phase=Published activated_components=1/1 diagnostic=E137", [394@1620328864000000156]="\u{1b}[31mERROR\u{1b}[0m|    root    | [Fleet] Root initial inventory failed stage=runtime_plan diagnostic=E137", [395@1620328864000000156]="\u{1b}[31mERROR\u{1b}[0m|    root    | [Fleet] Root initial inventory failed stage=component_convergence diagnostic=E137", [396@1620328864000000156]="\u{1b}[31mERROR\u{1b}[0m|    root    | [Fleet] Root activation resume failed stage=component_inventory diagnostic=E137", [397@1620328864000000156]="\u{1b}[31mERROR\u{1b}[0m|    root    | [Fleet] Root runtime activation failed stage=resume diagnostic=E137", [398@1620328864000000156]="\u{1b}[33mWARN \u{1b}[0m|    root    | [Fleet] Root Component provisioning retry: operation_id=[114, 114, 114, 114, 114, 114, 114, 114, 114, 114, 114, 114, 114, 114, 114, 114, 114, 114, 114, 114, 114, 114, 114, 114, 114, 114, 114, 114, 114, 114, 114, 114] phase=Published activated_components=1/1 diagnostic=E137", [399@1620328867000000156]="\u{1b}[31mERROR\u{1b}[0m|    root    | [Fleet] Root initial inventory failed stage=runtime_plan diagnostic=E137", [400@1620328867000000156]="\u{1b}[31mERROR\u{1b}[0m|    root    | [Fleet] Root initial inventory failed stage=component_convergence diagnostic=E137", [401@1620328867000000156]="\u{1b}[31mERROR\u{1b}[0m|    root    | [Fleet] Root activation resume failed stage=component_inventory diagnostic=E137", [402@1620328867000000156]="\u{1b}[31mERROR\u{1b}[0m|    root    | [Fleet] Root runtime activation failed stage=resume diagnostic=E137", [403@1620328867000000156]="\u{1b}[33mWARN \u{1b}[0m|    root    | [Fleet] Root Component provisioning retry: operation_id=[114, 114, 114, 114, 114, 114, 114, 114, 114, 114, 114, 114, 114, 114, 114, 114, 114, 114, 114, 114, 114, 114, 114, 114, 114, 114, 114, 114, 114, 114, 114, 114] phase=Published activated_components=1/1 diagnostic=E137", [404@1620328870000000156]="\u{1b}[31mERROR\u{1b}[0m|    root    | [Fleet] Root initial inventory failed stage=runtime_plan diagnostic=E137", [405@1620328870000000156]="\u{1b}[31mERROR\u{1b}[0m|    root    | [Fleet] Root initial inventory failed stage=component_convergence diagnostic=E137", [406@1620328870000000156]="\u{1b}[31mERROR\u{1b}[0m|    root    | [Fleet] Root activation resume failed stage=component_inventory diagnostic=E137", [407@1620328870000000156]="\u{1b}[31mERROR\u{1b}[0m|    root    | [Fleet] Root runtime activation failed stage=resume diagnostic=E137", [408@1620328870000000156]="\u{1b}[33mWARN \u{1b}[0m|    root    | [Fleet] Root Component provisioning retry: operation_id=[114, 114, 114, 114, 114, 114, 114, 114, 114, 114, 114, 114, 114, 114, 114, 114, 114, 114, 114, 114, 114, 114, 114, 114, 114, 114, 114, 114, 114, 114, 114, 114] phase=Published activated_components=1/1 diagnostic=E137"

thread 'pic::fleet_registry::baseline::tests::four_initial_shards_preserve_sealed_root_activation' (6624) panicked at crates/canic-testing-internal/src/pic/fleet_registry/baseline.rs:3743:17:
four-Shard activation did not converge: Some(FleetComponentProvisioningStatusResponse { operation_id: [114, 114, 114, 114, 114, 114, 114, 114, 114, 114, 114, 114, 114, 114, 114, 114, 114, 114, 114, 114, 114, 114, 114, 114, 114, 114, 114, 114, 114, 114, 114, 114], plan_hash: [74, 194, 225, 78, 122, 88, 82, 158, 236, 134, 148, 19, 100, 28, 180, 181, 138, 43, 218, 143, 131, 182, 83, 189, 32, 11, 150, 246, 17, 95, 136, 223], fleet_registry: FleetRegistryVersion { authority: FleetRegistryAuthority { binding: FleetCoordinatorBinding { fleet: FleetBinding { fleet: FleetKey { canonical_network_id: CanonicalNetworkId([64, 43, 54, 129, 69, 63, 185, 207, 163, 86, 182, 234, 122, 189, 226, 222, 83, 204, 76, 102, 92, 170, 244, 56, 83, 91, 221, 193, 225, 103, 159, 96]), fleet_id: FleetId([66, 66, 66, 66, 66, 66, 66, 66, 66, 66, 66, 66, 66, 66, 66, 66, 66, 66, 66, 66, 66, 66, 66, 66, 66, 66, 66, 66, 66, 66, 66, 66]) }, app: AppId("test") }, coordinator_subnet: SubnetId(Principal { len: 29, bytes: [197, 198, 72, 151, 217, 137, 49, 204, 46, 97, 230, 175, 139, 62, 239, 167, 108, 188, 228, 156, 4, 181, 86, 129, 32, 162, 1, 201, 2] }), coordinator: Principal { len: 10, bytes: [127, 255, 255, 255, 255, 208, 0, 0, 1, 1, 0, 0, 0, 0, 0, 0, 0, 0, 0, 0, 0, 0, 0, 0, 0, 0, 0, 0, 0] } }, epoch: 1 }, revision: 3, content_hash: [58, 51, 96, 63, 210, 65, 217, 161, 206, 19, 38, 147, 127, 207, 115, 206, 185, 105, 17, 97, 218, 13, 232, 140, 66, 18, 141, 224, 116, 107, 96, 230] }, configuration_digest: ComponentDeploymentConfigurationDigest([9, 228, 46, 63, 217, 135, 138, 124, 12, 104, 53, 133, 187, 187, 248, 52, 250, 102, 106, 28, 57, 2, 141, 178, 31, 100, 113, 33, 242, 168, 128, 245]), operation: FreshInstall, phase: ActivatingRuntimes, directory_confirmation_root_count: 1, root_batch_count: 1, accepted_root_count: 1, acceptance_in_flight_root: None, provisioned_root_count: 1, current_root: None, provisioning_in_flight_root: None, directory_confirmed_root_count: 1, current_synchronization: None, current_publication: None, publication_in_flight_root: None, runtime_activated_root_count: 0, current_activation: Some(FleetComponentActivationRootProgress { fleet_subnet_root: Principal { len: 10, bytes: [127, 255, 255, 255, 255, 208, 0, 1, 1, 1, 0, 0, 0, 0, 0, 0, 0, 0, 0, 0, 0, 0, 0, 0, 0, 0, 0, 0, 0] }, component_count: 1, activated_component_count: 1, root_runtime_active: false }), activation_in_flight_root: Some(Principal { len: 10, bytes: [127, 255, 255, 255, 255, 208, 0, 1, 1, 1, 0, 0, 0, 0, 0, 0, 0, 0, 0, 0, 0, 0, 0, 0, 0, 0, 0, 0, 0] }), pending_root_failure: Some(FleetComponentProvisioningRootFailure { fleet_subnet_root: Principal { len: 10, bytes: [127, 255, 255, 255, 255, 208, 0, 1, 1, 1, 0, 0, 0, 0, 0, 0, 0, 0, 0, 0, 0, 0, 0, 0, 0, 0, 0, 0, 0] }, stage: RuntimeActivation, diagnostic_code: 132, failed_at_ns: 1620328869000000156 }), estate_funding_required: None, group_placement_count: 1, component_count: 1, planned_at_ns: 1620328630000000156, roots_accepted_at_ns: Some(1620328631000000156), components_provisioned_at_ns: Some(1620328646000000156), published_fleet_registry: Some(FleetRegistryVersion { authority: FleetRegistryAuthority { binding: FleetCoordinatorBinding { fleet: FleetBinding { fleet: FleetKey { canonical_network_id: CanonicalNetworkId([64, 43, 54, 129, 69, 63, 185, 207, 163, 86, 182, 234, 122, 189, 226, 222, 83, 204, 76, 102, 92, 170, 244, 56, 83, 91, 221, 193, 225, 103, 159, 96]), fleet_id: FleetId([66, 66, 66, 66, 66, 66, 66, 66, 66, 66, 66, 66, 66, 66, 66, 66, 66, 66, 66, 66, 66, 66, 66, 66, 66, 66, 66, 66, 66, 66, 66, 66]) }, app: AppId("test") }, coordinator_subnet: SubnetId(Principal { len: 29, bytes: [197, 198, 72, 151, 217, 137, 49, 204, 46, 97, 230, 175, 139, 62, 239, 167, 108, 188, 228, 156, 4, 181, 86, 129, 32, 162, 1, 201, 2] }), coordinator: Principal { len: 10, bytes: [127, 255, 255, 255, 255, 208, 0, 0, 1, 1, 0, 0, 0, 0, 0, 0, 0, 0, 0, 0, 0, 0, 0, 0, 0, 0, 0, 0, 0] } }, epoch: 1 }, revision: 3, content_hash: [58, 51, 96, 63, 210, 65, 217, 161, 206, 19, 38, 147, 127, 207, 115, 206, 185, 105, 17, 97, 218, 13, 232, 140, 66, 18, 141, 224, 116, 107, 96, 230] }), service_topology_published_at_ns: Some(1620328647000000156), directories_confirmed_at_ns: Some(1620328649000000156), runtimes_activated_at_ns: None })
note: run with `RUST_BACKTRACE=1` environment variable to display a backtrace
FAILED

failures:

failures:
    pic::fleet_registry::baseline::tests::four_initial_shards_preserve_sealed_root_activation

test result: FAILED. 0 passed; 1 failed; 0 ignored; 0 measured; 49 filtered out; finished in 195.83s

error: test failed, to rerun pass `-p canic-testing-internal --lib`
error: 1 target failed:
    `-p canic-testing-internal --lib`
==> shared PocketIC resources after targeted canic-testing-internal PocketIC proof: rss=393224 kB high_water=410908 kB threads=19
==> targeted canic-testing-internal PocketIC proof failed in 235s (exit 101)
==> shared PocketIC server stderr (last 40 lines)
2021-05-06 19:20:49.000000156 UTC: [Canister dmkut-c3777-77776-qaaaq-cai] [31mERROR[0m|    root    | [Fleet] Root initial inventory failed stage=runtime_plan diagnostic=E137
2021-05-06 19:20:49.000000156 UTC: [Canister dmkut-c3777-77776-qaaaq-cai] [31mERROR[0m|    root    | [Fleet] Root initial inventory failed stage=component_convergence diagnostic=E137
2021-05-06 19:20:49.000000156 UTC: [Canister dmkut-c3777-77776-qaaaq-cai] [31mERROR[0m|    root    | [Fleet] Root activation resume failed stage=component_inventory diagnostic=E137
2021-05-06 19:20:49.000000156 UTC: [Canister dmkut-c3777-77776-qaaaq-cai] [31mERROR[0m|    root    | [Fleet] Root runtime activation failed stage=resume diagnostic=E137
2021-05-06 19:20:49.000000156 UTC: [Canister dmkut-c3777-77776-qaaaq-cai] [33mWARN [0m|    root    | [Fleet] Root Component provisioning retry: operation_id=[114, 114, 114, 114, 114, 114, 114, 114, 114, 114, 114, 114, 114, 114, 114, 114, 114, 114, 114, 114, 114, 114, 114, 114, 114, 114, 114, 114, 114, 114, 114, 114] phase=Published activated_components=1/1 diagnostic=E137
2021-05-06 19:20:52.000000156 UTC: [Canister dmkut-c3777-77776-qaaaq-cai] [31mERROR[0m|    root    | [Fleet] Root initial inventory failed stage=runtime_plan diagnostic=E137
2021-05-06 19:20:52.000000156 UTC: [Canister dmkut-c3777-77776-qaaaq-cai] [31mERROR[0m|    root    | [Fleet] Root initial inventory failed stage=component_convergence diagnostic=E137
2021-05-06 19:20:52.000000156 UTC: [Canister dmkut-c3777-77776-qaaaq-cai] [31mERROR[0m|    root    | [Fleet] Root activation resume failed stage=component_inventory diagnostic=E137
2021-05-06 19:20:52.000000156 UTC: [Canister dmkut-c3777-77776-qaaaq-cai] [31mERROR[0m|    root    | [Fleet] Root runtime activation failed stage=resume diagnostic=E137
2021-05-06 19:20:52.000000156 UTC: [Canister dmkut-c3777-77776-qaaaq-cai] [33mWARN [0m|    root    | [Fleet] Root Component provisioning retry: operation_id=[114, 114, 114, 114, 114, 114, 114, 114, 114, 114, 114, 114, 114, 114, 114, 114, 114, 114, 114, 114, 114, 114, 114, 114, 114, 114, 114, 114, 114, 114, 114, 114] phase=Published activated_components=1/1 diagnostic=E137
2021-05-06 19:20:55.000000156 UTC: [Canister dmkut-c3777-77776-qaaaq-cai] [31mERROR[0m|    root    | [Fleet] Root initial inventory failed stage=runtime_plan diagnostic=E137
2021-05-06 19:20:55.000000156 UTC: [Canister dmkut-c3777-77776-qaaaq-cai] [31mERROR[0m|    root    | [Fleet] Root initial inventory failed stage=component_convergence diagnostic=E137
2021-05-06 19:20:55.000000156 UTC: [Canister dmkut-c3777-77776-qaaaq-cai] [31mERROR[0m|    root    | [Fleet] Root activation resume failed stage=component_inventory diagnostic=E137
2021-05-06 19:20:55.000000156 UTC: [Canister dmkut-c3777-77776-qaaaq-cai] [31mERROR[0m|    root    | [Fleet] Root runtime activation failed stage=resume diagnostic=E137
2021-05-06 19:20:55.000000156 UTC: [Canister dmkut-c3777-77776-qaaaq-cai] [33mWARN [0m|    root    | [Fleet] Root Component provisioning retry: operation_id=[114, 114, 114, 114, 114, 114, 114, 114, 114, 114, 114, 114, 114, 114, 114, 114, 114, 114, 114, 114, 114, 114, 114, 114, 114, 114, 114, 114, 114, 114, 114, 114] phase=Published activated_components=1/1 diagnostic=E137
2021-05-06 19:20:58.000000156 UTC: [Canister dmkut-c3777-77776-qaaaq-cai] [31mERROR[0m|    root    | [Fleet] Root initial inventory failed stage=runtime_plan diagnostic=E137
2021-05-06 19:20:58.000000156 UTC: [Canister dmkut-c3777-77776-qaaaq-cai] [31mERROR[0m|    root    | [Fleet] Root initial inventory failed stage=component_convergence diagnostic=E137
2021-05-06 19:20:58.000000156 UTC: [Canister dmkut-c3777-77776-qaaaq-cai] [31mERROR[0m|    root    | [Fleet] Root activation resume failed stage=component_inventory diagnostic=E137
2021-05-06 19:20:58.000000156 UTC: [Canister dmkut-c3777-77776-qaaaq-cai] [31mERROR[0m|    root    | [Fleet] Root runtime activation failed stage=resume diagnostic=E137
2021-05-06 19:20:58.000000156 UTC: [Canister dmkut-c3777-77776-qaaaq-cai] [33mWARN [0m|    root    | [Fleet] Root Component provisioning retry: operation_id=[114, 114, 114, 114, 114, 114, 114, 114, 114, 114, 114, 114, 114, 114, 114, 114, 114, 114, 114, 114, 114, 114, 114, 114, 114, 114, 114, 114, 114, 114, 114, 114] phase=Published activated_components=1/1 diagnostic=E137
2021-05-06 19:21:01.000000156 UTC: [Canister dmkut-c3777-77776-qaaaq-cai] [31mERROR[0m|    root    | [Fleet] Root initial inventory failed stage=runtime_plan diagnostic=E137
2021-05-06 19:21:01.000000156 UTC: [Canister dmkut-c3777-77776-qaaaq-cai] [31mERROR[0m|    root    | [Fleet] Root initial inventory failed stage=component_convergence diagnostic=E137
2021-05-06 19:21:01.000000156 UTC: [Canister dmkut-c3777-77776-qaaaq-cai] [31mERROR[0m|    root    | [Fleet] Root activation resume failed stage=component_inventory diagnostic=E137
2021-05-06 19:21:01.000000156 UTC: [Canister dmkut-c3777-77776-qaaaq-cai] [31mERROR[0m|    root    | [Fleet] Root runtime activation failed stage=resume diagnostic=E137
2021-05-06 19:21:01.000000156 UTC: [Canister dmkut-c3777-77776-qaaaq-cai] [33mWARN [0m|    root    | [Fleet] Root Component provisioning retry: operation_id=[114, 114, 114, 114, 114, 114, 114, 114, 114, 114, 114, 114, 114, 114, 114, 114, 114, 114, 114, 114, 114, 114, 114, 114, 114, 114, 114, 114, 114, 114, 114, 114] phase=Published activated_components=1/1 diagnostic=E137
2021-05-06 19:21:04.000000156 UTC: [Canister dmkut-c3777-77776-qaaaq-cai] [31mERROR[0m|    root    | [Fleet] Root initial inventory failed stage=runtime_plan diagnostic=E137
2021-05-06 19:21:04.000000156 UTC: [Canister dmkut-c3777-77776-qaaaq-cai] [31mERROR[0m|    root    | [Fleet] Root initial inventory failed stage=component_convergence diagnostic=E137
2021-05-06 19:21:04.000000156 UTC: [Canister dmkut-c3777-77776-qaaaq-cai] [31mERROR[0m|    root    | [Fleet] Root activation resume failed stage=component_inventory diagnostic=E137
2021-05-06 19:21:04.000000156 UTC: [Canister dmkut-c3777-77776-qaaaq-cai] [31mERROR[0m|    root    | [Fleet] Root runtime activation failed stage=resume diagnostic=E137
2021-05-06 19:21:04.000000156 UTC: [Canister dmkut-c3777-77776-qaaaq-cai] [33mWARN [0m|    root    | [Fleet] Root Component provisioning retry: operation_id=[114, 114, 114, 114, 114, 114, 114, 114, 114, 114, 114, 114, 114, 114, 114, 114, 114, 114, 114, 114, 114, 114, 114, 114, 114, 114, 114, 114, 114, 114, 114, 114] phase=Published activated_components=1/1 diagnostic=E137
2021-05-06 19:21:07.000000156 UTC: [Canister dmkut-c3777-77776-qaaaq-cai] [31mERROR[0m|    root    | [Fleet] Root initial inventory failed stage=runtime_plan diagnostic=E137
2021-05-06 19:21:07.000000156 UTC: [Canister dmkut-c3777-77776-qaaaq-cai] [31mERROR[0m|    root    | [Fleet] Root initial inventory failed stage=component_convergence diagnostic=E137
2021-05-06 19:21:07.000000156 UTC: [Canister dmkut-c3777-77776-qaaaq-cai] [31mERROR[0m|    root    | [Fleet] Root activation resume failed stage=component_inventory diagnostic=E137
2021-05-06 19:21:07.000000156 UTC: [Canister dmkut-c3777-77776-qaaaq-cai] [31mERROR[0m|    root    | [Fleet] Root runtime activation failed stage=resume diagnostic=E137
2021-05-06 19:21:07.000000156 UTC: [Canister dmkut-c3777-77776-qaaaq-cai] [33mWARN [0m|    root    | [Fleet] Root Component provisioning retry: operation_id=[114, 114, 114, 114, 114, 114, 114, 114, 114, 114, 114, 114, 114, 114, 114, 114, 114, 114, 114, 114, 114, 114, 114, 114, 114, 114, 114, 114, 114, 114, 114, 114] phase=Published activated_components=1/1 diagnostic=E137
2021-05-06 19:21:10.000000156 UTC: [Canister dmkut-c3777-77776-qaaaq-cai] [31mERROR[0m|    root    | [Fleet] Root initial inventory failed stage=runtime_plan diagnostic=E137
2021-05-06 19:21:10.000000156 UTC: [Canister dmkut-c3777-77776-qaaaq-cai] [31mERROR[0m|    root    | [Fleet] Root initial inventory failed stage=component_convergence diagnostic=E137
2021-05-06 19:21:10.000000156 UTC: [Canister dmkut-c3777-77776-qaaaq-cai] [31mERROR[0m|    root    | [Fleet] Root activation resume failed stage=component_inventory diagnostic=E137
2021-05-06 19:21:10.000000156 UTC: [Canister dmkut-c3777-77776-qaaaq-cai] [31mERROR[0m|    root    | [Fleet] Root runtime activation failed stage=resume diagnostic=E137
2021-05-06 19:21:10.000000156 UTC: [Canister dmkut-c3777-77776-qaaaq-cai] [33mWARN [0m|    root    | [Fleet] Root Component provisioning retry: operation_id=[114, 114, 114, 114, 114, 114, 114, 114, 114, 114, 114, 114, 114, 114, 114, 114, 114, 114, 114, 114, 114, 114, 114, 114, 114, 114, 114, 114, 114, 114, 114, 114] phase=Published activated_components=1/1 diagnostic=E137
==> shared PocketIC server stdout (last 40 lines)
2026-09-05T15:06:22.906791Z  INFO pocket_ic_server: The PocketIC server is listening on port 37251

==> workspace timing summary
kind             elapsed  result label
----             -------  ------ -----
pocketic-serial  235s     FAIL   targeted canic-testing-internal PocketIC proof
workspace runner wall time: 235s
WORKSPACE TESTS FAILED: targeted canic-testing-internal PocketIC proof
==> leaving Cargo build artifacts intact
==> clearing invocation-owned test scratch: test-runtime.iVZQld
