workspace test inventory guard passed (39 targets: 30 parallel, 9 serial PocketIC)
PocketIC version alignment passed (16.0.0)
==> using pinned PocketIC server binary: /home/adam/.cache/canic/pocket-ic-server-16.0.0/pocket-ic
==> prefetching locked dependency graph for offline metadata checks
==> shared PocketIC server ready: http://127.0.0.1:35979/
==> targeted canic-testing-internal PocketIC proof
   Compiling canic-host v0.110.7 (/home/adam/projects/canic/crates/canic-host)
   Compiling canic-testing-internal v0.110.7 (/home/adam/projects/canic/crates/canic-testing-internal)
    Finished `test` profile [optimized + debuginfo] target(s) in 32.36s
     Running unittests src/lib.rs (target/debug/deps/canic_testing_internal-df76281e9aadb3a1)

running 1 test
test pic::fleet_registry::baseline::tests::funded_estate_recovers_transfer_and_autonomous_creation_responses ... [WASM]       SIZE   fleet_coordinator/candidate.wasm  code=3.88 MiB (4070557 B)  headroom=6.12 MiB (6415203 B)
[WASM]       SIZE   wasm_store/candidate.wasm  code=2.52 MiB (2637919 B)  headroom=7.48 MiB (7847841 B)
[WASM]       SIZE   app/candidate.wasm  code=2.53 MiB (2652007 B)  headroom=7.47 MiB (7833753 B)
[WASM]       SIZE   root/candidate.wasm  code=7.58 MiB (7951069 B)  headroom=2.42 MiB (2534691 B)
[FLEET]      DONE   literal-zero release artifacts (16)                  29.69s
[WASM]       RUN    cycles_ledger_stub (1/1)
[WASM]       DONE   cycles_ledger_stub                                    2.54s
[FLEET]      RUN    starting management-agent PocketIC instance
[FLEET]      READY  management-agent PocketIC instance
[FLEET]      RUN    planning literal-zero infrastructure
[FLEET]      DONE   literal-zero infrastructure replay complete          1m 06s

thread 'pic::fleet_registry::baseline::tests::funded_estate_recovers_transfer_and_autonomous_creation_responses' (51234) panicked at crates/canic-testing-internal/src/pic/fleet_registry/baseline.rs:5072:13:
recover funding receipt and autonomous creation: Platform(CurrentProtocol(Transport(Response { canister: Principal { len: 10, bytes: [127, 255, 255, 255, 255, 192, 0, 1, 1, 1, 0, 0, 0, 0, 0, 0, 0, 0, 0, 0, 0, 0, 0, 0, 0, 0, 0, 0, 0] }, method: "canic_root_command", source: Rejected(Error { code: 81 }) }))); pool: CanisterPoolResponse { config: FleetSubnetCanisterPoolConfig { minimum_size: 1, maximum_size: 2, canister_cycles: Cycles(5000000000000), creation_execution_margin: Cycles(1000000000000) }, tracked: 3, store: 1, store_deletion_pending: 0, pooled: 1, workload: 1, surplus: 0, ready: 0, pending_reset: 0, claimed: 0, recycling: 0, handing_off: 0, failed: 1, completed_handoffs: 0, pending_creation: None, pending_handoff: None, entries: [CanisterPoolAsset { canister_id: Principal { len: 10, bytes: [127, 255, 255, 255, 255, 192, 0, 2, 1, 1, 0, 0, 0, 0, 0, 0, 0, 0, 0, 0, 0, 0, 0, 0, 0, 0, 0, 0, 0] }, creation_receipt: None, cycles: Cycles(0), origin: InfrastructureStore, status: Store, added_at_ns: 1788632012849222214, updated_at_ns: 1788632012849222214 }, CanisterPoolAsset { canister_id: Principal { len: 10, bytes: [127, 255, 255, 255, 255, 192, 0, 3, 1, 1, 0, 0, 0, 0, 0, 0, 0, 0, 0, 0, 0, 0, 0, 0, 0, 0, 0, 0, 0] }, creation_receipt: None, cycles: Cycles(6316338261396), origin: Imported, status: Workload { claim: CanisterPoolClaim { component: ComponentInstanceId([48, 169, 154, 118, 109, 41, 80, 77, 58, 167, 61, 144, 154, 111, 120, 210, 11, 118, 170, 216, 253, 118, 9, 243, 250, 1, 181, 160, 54, 71, 253, 146]), operation_id: [74, 236, 242, 249, 24, 195, 185, 8, 52, 88, 57, 215, 225, 176, 57, 73, 171, 229, 126, 42, 36, 40, 78, 69, 61, 237, 89, 157, 99, 138, 219, 75] } }, added_at_ns: 1788632012849222214, updated_at_ns: 1788632150145652824 }, CanisterPoolAsset { canister_id: Principal { len: 10, bytes: [127, 255, 255, 255, 255, 192, 0, 4, 1, 1, 0, 0, 0, 0, 0, 0, 0, 0, 0, 0, 0, 0, 0, 0, 0, 0, 0, 0, 0] }, creation_receipt: Some(CanisterPoolCreationReceipt { block_index: 5, operation_id: [7, 100, 134, 182, 237, 55, 57, 46, 185, 237, 60, 57, 7, 116, 239, 140, 42, 170, 194, 111, 167, 162, 126, 151, 15, 182, 14, 167, 82, 208, 180, 18], cycles_ledger: Principal { len: 10, bytes: [0, 0, 0, 0, 2, 16, 0, 2, 1, 1, 0, 0, 0, 0, 0, 0, 0, 0, 0, 0, 0, 0, 0, 0, 0, 0, 0, 0, 0] }, ledger_amount: Cycles(6500000000000), ledger_fee: Cycles(100000000), readiness_floor: Cycles(5000000000000), creation_execution_margin: Cycles(1000000000000), management_creation_fee: Cycles(500000000000), first_observed_cycles: Some(Cycles(4316342303116)) }), cycles: Cycles(4316342303116), origin: Created, status: Failed { reason: "Canister pool asset pu7bz-yt777-77776-aaaca-cai has 4.316 TC (4316342303116 cycles), below required 5.000 TC (5000000000000 cycles); deficit 683657696884 cycles" }, added_at_ns: 1788632161030263866, updated_at_ns: 1788632163398255670 }], next_start_after: None }
note: run with `RUST_BACKTRACE=1` environment variable to display a backtrace
FAILED

failures:

failures:
    pic::fleet_registry::baseline::tests::funded_estate_recovers_transfer_and_autonomous_creation_responses

test result: FAILED. 0 passed; 1 failed; 0 ignored; 0 measured; 55 filtered out; finished in 218.40s

error: test failed, to rerun pass `-p canic-testing-internal --lib`
error: 1 target failed:
    `-p canic-testing-internal --lib`
==> shared PocketIC resources after targeted canic-testing-internal PocketIC proof: rss=407732 kB high_water=422216 kB threads=20
==> targeted canic-testing-internal PocketIC proof failed in 251s (exit 101)
==> shared PocketIC server stderr (last 40 lines)
2026-09-05 18:13:23.770600750 UTC: [Canister pgzwa-ud777-77776-aaaba-cai] [34mINFO [0m|    ...     | [Init] 🏁 init: wasm_store
2026-09-05 18:13:23.770600750 UTC: [Canister pgzwa-ud777-77776-aaaba-cai] [34mINFO [0m|    ...     | [Memory] 💾 memory.registry: bootstrapped
2026-09-05 18:13:32.849222214 UTC: [Canister pp254-cl777-77776-aaaaq-cai] 
2026-09-05 18:13:32.849222214 UTC: [Canister pp254-cl777-77776-aaaaq-cai] 
2026-09-05 18:13:32.849222214 UTC: [Canister pp254-cl777-77776-aaaaq-cai] 
2026-09-05 18:13:32.849222214 UTC: [Canister pp254-cl777-77776-aaaaq-cai] [34mINFO [0m|    ...     | [Init] 🔧 --------------------- canic v0.110.7 -----------------------
2026-09-05 18:13:32.849222214 UTC: [Canister pp254-cl777-77776-aaaaq-cai] [34mINFO [0m|    ...     | [Init] 🏁 init: root (FleetSubnetRootInitArgs { authority: FleetSubnetRootAuthority { binding: FleetSubnetRootBinding { authority: FleetRegistryAuthority { binding: FleetCoordinatorBinding { fleet: FleetBinding { fleet: FleetKey { canonical_network_id: CanonicalNetworkId([64, 43, 54, 129, 69, 63, 185, 207, 163, 86, 182, 234, 122, 189, 226, 222, 83, 204, 76, 102, 92, 170, 244, 56, 83, 91, 221, 193, 225, 103, 159, 96]), fleet_id: FleetId([121, 121, 121, 121, 121, 121, 121, 121, 121, 121, 121, 121, 121, 121, 121, 121, 121, 121, 121, 121, 121, 121, 121, 121, 121, 121, 121, 121, 121, 121, 121, 121]) }, app: AppId("standalone") }, coordinator_subnet: SubnetId(Principal { len: 29, bytes: [252, 208, 34, 207, 176, 120, 15, 154, 221, 144, 208, 9, 53, 60, 99, 35, 73, 138, 134, 143, 93, 56, 29, 88, 20, 159, 229, 159, 2] }), coordinator: Principal { len: 10, bytes: [127, 255, 255, 255, 255, 192, 0, 0, 1, 1, 0, 0, 0, 0, 0, 0, 0, 0, 0, 0, 0, 0, 0, 0, 0, 0, 0, 0, 0] } }, epoch: 1 }, placement_subnet: SubnetId(Principal { len: 29, bytes: [252, 208, 34, 207, 176, 120, 15, 154, 221, 144, 208, 9, 53, 60, 99, 35, 73, 138, 134, 143, 93, 56, 29, 88, 20, 159, 229, 159, 2] }), fleet_subnet_root: Principal { len: 10, bytes: [127, 255, 255, 255, 255, 192, 0, 1, 1, 1, 0, 0, 0, 0, 0, 0, 0, 0, 0, 0, 0, 0, 0, 0, 0, 0, 0, 0, 0] }, component_admissions: [ComponentSpecAdmission { component_spec: ComponentSpecId("default"), spec_hash: [177, 195, 128, 142, 186, 136, 181, 94, 142, 250, 223, 188, 133, 130, 160, 193, 212, 170, 136, 99, 39, 254, 242, 84, 162, 188, 11, 241, 155, 8, 218, 161], maximum_root_instances: 1 }], component_topology_digest: ComponentTopologyDigest([111, 10, 224, 44, 212, 11, 183, 230, 155, 133, 235, 183, 223, 230, 16, 59, 253, 243, 85, 202, 177, 79, 219, 104, 181, 0, 6, 166, 196, 60, 61, 95]), limits: FleetSubnetRootLimits { maximum_component_instances: 4096, maximum_registry_bytes: 16777216, maximum_wasm_store_bytes: 536870912, canister_pool: FleetSubnetCanisterPoolConfig { minimum_size: 1, maximum_size: 2, canister_cycles: Cycles(5000000000000), creation_execution_margin: Cycles(1000000000000) }, cycles_funding: CyclesFundingBudget { window_secs: 3600, maximum_cycles: Cycles(1000000000000000) }, maximum_group_placements: 16 }, funding: FleetSubnetRootFundingAuthority { root_funding: FleetSubnetRootFundingPolicy { funding_profile: SingleSubnet, request_threshold: Cycles(10000000000000), target_balance: Cycles(30000000000000), cooldown_secs: 2592000, budget: CyclesFundingBudget { window_secs: 7776000, maximum_cycles: Cycles(30000000000000) }, maximum_automatic_grants: 4, maximum_automatic_cycles: Cycles(120000000000000) }, icp_refill: None } }, initial_release_set: FleetSubnetRootReleaseSet { release_build_id: ReleaseBuildId([164, 193, 40, 114, 132, 18, 241, 24, 55, 183, 156, 232, 86, 46, 49, 21, 69, 29, 179, 135, 225, 115, 97, 183, 155, 79, 21, 208, 44, 187, 54, 174]), manifest_digest: ReleaseSetDigest([224, 86, 150, 229, 43, 204, 75, 246, 173, 155, 178, 55, 52, 2, 183, 0, 152, 215, 200, 105, 11, 69, 117, 104, 234, 17, 51, 218, 38, 63, 0, 48]) }, expected_module_hash: [237, 134, 222, 205, 191, 66, 226, 165, 180, 5, 236, 178, 67, 0, 165, 167, 94, 216, 234, 51, 237, 144, 208, 104, 151, 79, 172, 134, 65, 110, 55, 138], wasm_store_authority: FleetSubnetWasmStoreAuthority { authority: FleetRegistryAuthority { binding: FleetCoordinatorBinding { fleet: FleetBinding { fleet: FleetKey { canonical_network_id: CanonicalNetworkId([64, 43, 54, 129, 69, 63, 185, 207, 163, 86, 182, 234, 122, 189, 226, 222, 83, 204, 76, 102, 92, 170, 244, 56, 83, 91, 221, 193, 225, 103, 159, 96]), fleet_id: FleetId([121, 121, 121, 121, 121, 121, 121, 121, 121, 121, 121, 121, 121, 121, 121, 121, 121, 121, 121, 121, 121, 121, 121, 121, 121, 121, 121, 121, 121, 121, 121, 121]) }, app: AppId("standalone") }, coordinator_subnet: SubnetId(Principal { len: 29, bytes: [252, 208, 34, 207, 176, 120, 15, 154, 221, 144, 208, 9, 53, 60, 99, 35, 73, 138, 134, 143, 93, 56, 29, 88, 20, 159, 229, 159, 2] }), coordinator: Principal { len: 10, bytes: [127, 255, 255, 255, 255, 192, 0, 0, 1, 1, 0, 0, 0, 0, 0, 0, 0, 0, 0, 0, 0, 0, 0, 0, 0, 0, 0, 0, 0] } }, epoch: 1 }, placement_subnet: SubnetId(Principal { len: 29, bytes: [252, 208, 34, 207, 176, 120, 15, 154, 221, 144, 208, 9, 53, 60, 99, 35, 73, 138, 134, 143, 93, 56, 29, 88, 20, 159, 229, 159, 2] }), fleet_subnet_root: Principal { len: 10, bytes: [127, 255, 255, 255, 255, 192, 0, 1, 1, 1, 0, 0, 0, 0, 0, 0, 0, 0, 0, 0, 0, 0, 0, 0, 0, 0, 0, 0, 0] }, wasm_store: Principal { len: 10, bytes: [127, 255, 255, 255, 255, 192, 0, 2, 1, 1, 0, 0, 0, 0, 0, 0, 0, 0, 0, 0, 0, 0, 0, 0, 0, 0, 0, 0, 0] }, installation_controller: Principal { len: 29, bytes: [224, 157, 151, 179, 92, 135, 219, 57, 113, 91, 111, 25, 126, 126, 38, 13, 246, 77, 200, 233, 117, 65, 106, 73, 174, 71, 9, 140, 2] }, release_build_id: ReleaseBuildId([164, 193, 40, 114, 132, 18, 241, 24, 55, 183, 156, 232, 86, 46, 49, 21, 69, 29, 179, 135, 225, 115, 97, 183, 155, 79, 21, 208, 44, 187, 54, 174]), wasm_module_hash: [92, 41, 101, 191, 250, 92, 232, 255, 33, 215, 114, 128, 55, 207, 244, 249, 99, 81, 155, 30, 45, 125, 237, 90, 181, 136, 71, 36, 74, 98, 251, 29] } }, install_id: [195, 96, 133, 170, 239, 145, 162, 25, 234, 125, 126, 217, 85, 190, 69, 95, 57, 48, 161, 216, 49, 231, 213, 235, 22, 184, 233, 213, 59, 97, 255, 60], wasm_store_activation: FleetSubnetWasmStoreActivationAuthority { fleet: FleetBinding { fleet: FleetKey { canonical_network_id: CanonicalNetworkId([64, 43, 54, 129, 69, 63, 185, 207, 163, 86, 182, 234, 122, 189, 226, 222, 83, 204, 76, 102, 92, 170, 244, 56, 83, 91, 221, 193, 225, 103, 159, 96]), fleet_id: FleetId([121, 121, 121, 121, 121, 121, 121, 121, 121, 121, 121, 121, 121, 121, 121, 121, 121, 121, 121, 121, 121, 121, 121, 121, 121, 121, 121, 121, 121, 121, 121, 121]) }, app: AppId("standalone") }, operation_id: [62, 213, 19, 245, 75, 177, 143, 236, 40, 189, 29, 0, 188, 250, 117, 222, 160, 10, 165, 28, 246, 183, 105, 204, 0, 115, 41, 183, 186, 118, 176, 43], fleet_subnet_root: Principal { len: 10, bytes: [127, 255, 255, 255, 255, 192, 0, 1, 1, 1, 0, 0, 0, 0, 0, 0, 0, 0, 0, 0, 0, 0, 0, 0, 0, 0, 0, 0, 0] }, wasm_store: Principal { len: 10, bytes: [127, 255, 255, 255, 255, 192, 0, 2, 1, 1, 0, 0, 0, 0, 0, 0, 0, 0, 0, 0, 0, 0, 0, 0, 0, 0, 0, 0, 0] }, release_build_id: ReleaseBuildId([164, 193, 40, 114, 132, 18, 241, 24, 55, 183, 156, 232, 86, 46, 49, 21, 69, 29, 179, 135, 225, 115, 97, 183, 155, 79, 21, 208, 44, 187, 54, 174]), component_topology_digest: ComponentTopologyDigest([111, 10, 224, 44, 212, 11, 183, 230, 155, 133, 235, 183, 223, 230, 16, 59, 253, 243, 85, 202, 177, 79, 219, 104, 181, 0, 6, 166, 196, 60, 61, 95]), controllers: [Principal { len: 10, bytes: [127, 255, 255, 255, 255, 192, 0, 1, 1, 1, 0, 0, 0, 0, 0, 0, 0, 0, 0, 0, 0, 0, 0, 0, 0, 0, 0, 0, 0] }, Principal { len: 29, bytes: [224, 157, 151, 179, 92, 135, 219, 57, 113, 91, 111, 25, 126, 126, 38, 13, 246, 77, 200, 233, 117, 65, 106, 73, 174, 71, 9, 140, 2] }], manifest_digest: ReleaseSetDigest([224, 86, 150, 229, 43, 204, 75, 246, 173, 155, 178, 55, 52, 2, 183, 0, 152, 215, 200, 105, 11, 69, 117, 104, 234, 17, 51, 218, 38, 63, 0, 48]) }, canister_pool_imports: [Principal { len: 10, bytes: [127, 255, 255, 255, 255, 192, 0, 3, 1, 1, 0, 0, 0, 0, 0, 0, 0, 0, 0, 0, 0, 0, 0, 0, 0, 0, 0, 0, 0] }] })
2026-09-05 18:13:32.849222214 UTC: [Canister pp254-cl777-77776-aaaaq-cai] [34mINFO [0m|    ...     | [Memory] 💾 memory.registry: bootstrapped
2026-09-05 18:13:32.849222214 UTC: [Canister pp254-cl777-77776-aaaaq-cai] [34mINFO [0m|    ...     | [Init] build network: ic
2026-09-05 18:14:08.729616221 UTC: [Canister pp254-cl777-77776-aaaaq-cai] [32m OK  [0m|    root    | [CanisterLifecycle] 🗑️ uninstall_code: pbyqu-z3777-77776-aaabq-cai
2026-09-05 18:15:28.988372026 UTC: [Canister pp254-cl777-77776-aaaaq-cai] [34mINFO [0m|    root    | [Init] ws: adopted sibling Store pgzwa-ud777-77776-aaaba-cai present
2026-09-05 18:15:28.988372026 UTC: [Canister pp254-cl777-77776-aaaaq-cai] [34mINFO [0m|    root    | [Wasm] publication cost guard reserved command_kind=wasm_store.bootstrap_publish.v1 reservation_id=2 quota_subject=pp254-cl777-77776-aaaaq-cai payer=pp254-cl777-77776-aaaaq-cai
2026-09-05 18:15:28.988372026 UTC: [Canister pp254-cl777-77776-aaaaq-cai] [34mINFO [0m|    root    | [Wasm] ws.transition kind=pin_publication_binding gen=1 at=1788632128 old_a=- old_d=- old_r=- new_a=pgzwa-ud777-77776-aaaba-cai new_d=- new_r=-
2026-09-05 18:15:29.509504747 UTC: [Canister pp254-cl777-77776-aaaaq-cai] [32m OK  [0m|    root    | [CanisterLifecycle] upload_chunk: pgzwa-ud777-77776-aaaba-cai (754.65 KB)
2026-09-05 18:15:50.640404846 UTC: [Canister pbyqu-z3777-77776-aaabq-cai] [34mINFO [0m|    ...     | [Init] 🏁 init: app
2026-09-05 18:15:50.640404846 UTC: [Canister pbyqu-z3777-77776-aaabq-cai] [34mINFO [0m|    ...     | [Memory] 💾 memory.registry: bootstrapped
2026-09-05 18:15:51.506228058 UTC: [Canister pp254-cl777-77776-aaaaq-cai] [32m OK  [0m|    root    | [CanisterLifecycle] install_chunked_code: pbyqu-z3777-77776-aaabq-cai store=pgzwa-ud777-77776-aaaba-cai chunks=1
2026-09-05 18:15:52.590300438 UTC: [Canister pp254-cl777-77776-aaaaq-cai] [33mWARN [0m|    root    | [Fleet] Root Component provisioning retry: operation_id=[147, 36, 110, 117, 248, 38, 96, 197, 212, 161, 143, 107, 53, 201, 110, 53, 178, 72, 134, 44, 189, 162, 65, 78, 0, 24, 24, 219, 191, 56, 48, 191] phase=Provisioned activated_components=0/1 diagnostic=E140
2026-09-05 18:15:53.818629472 UTC: [Canister pbyqu-z3777-77776-aaabq-cai] [34mINFO [0m|    app     | [Init] bootstrap (nonroot): init start
2026-09-05 18:15:53.818629472 UTC: [Canister pbyqu-z3777-77776-aaabq-cai] [34mINFO [0m|    app     | [Init] bootstrap (nonroot): init complete
2026-09-05 18:15:53.818629472 UTC: [Canister pbyqu-z3777-77776-aaabq-cai] [34mINFO [0m|    app     | [Init] canister marked READY
2026-09-05 18:15:53.972768193 UTC: [Canister pp254-cl777-77776-aaaaq-cai] [33mWARN [0m|    root    | [Fleet] Root Component provisioning retry: operation_id=[147, 36, 110, 117, 248, 38, 96, 197, 212, 161, 143, 107, 53, 201, 110, 53, 178, 72, 134, 44, 189, 162, 65, 78, 0, 24, 24, 219, 191, 56, 48, 191] phase=Published activated_components=0/1 diagnostic=E140
2026-09-05 18:15:55.808394381 UTC: [Canister pp254-cl777-77776-aaaaq-cai] [34mINFO [0m|    root    | [Init] bootstrap (root:init) start
2026-09-05 18:15:55.939202828 UTC: [Canister pp254-cl777-77776-aaaaq-cai] [34mINFO [0m|    root    | [Topology] try_get_current_subnet_pid: 753q6-ah42a-rm7md-yb6nn-3egqb-e2tyy-zdjgf-ind25-haovq-fe74w-pqe
2026-09-05 18:15:55.939202828 UTC: [Canister pp254-cl777-77776-aaaaq-cai] [34mINFO [0m|    root    | [Init] bootstrap (root:init) prepared managed inventory for Fleet activation
2026-09-05 18:15:55.939202828 UTC: [Canister pp254-cl777-77776-aaaaq-cai] [34mINFO [0m|    root    | [Sync] sync.state: root cascade start snapshot=[fs]
2026-09-05 18:15:55.939202828 UTC: [Canister pgzwa-ud777-77776-aaaba-cai] [34mINFO [0m| wasm_store | [Sync] sync.state: non-root cascade start snapshot=[fs]
2026-09-05 18:15:56.241342758 UTC: [Canister pp254-cl777-77776-aaaaq-cai] [34mINFO [0m|    root    | [Init] bootstrap (root:init) start
2026-09-05 18:15:56.454478788 UTC: [Canister pp254-cl777-77776-aaaaq-cai] [34mINFO [0m|    root    | [Topology] try_get_current_subnet_pid: 753q6-ah42a-rm7md-yb6nn-3egqb-e2tyy-zdjgf-ind25-haovq-fe74w-pqe
2026-09-05 18:15:56.454478788 UTC: [Canister pp254-cl777-77776-aaaaq-cai] [34mINFO [0m|    root    | [Init] bootstrap (root:init) complete
2026-09-05 18:15:56.454478788 UTC: [Canister pp254-cl777-77776-aaaaq-cai] [34mINFO [0m|    root    | [Init] canister marked READY
2026-09-05 18:15:56.454478788 UTC: [Canister pgzwa-ud777-77776-aaaba-cai] [34mINFO [0m| wasm_store | [Init] bootstrap (nonroot): init start
2026-09-05 18:15:56.454478788 UTC: [Canister pgzwa-ud777-77776-aaaba-cai] [34mINFO [0m| wasm_store | [Init] bootstrap (nonroot): init complete
2026-09-05 18:15:56.454478788 UTC: [Canister pgzwa-ud777-77776-aaaba-cai] [34mINFO [0m| wasm_store | [Init] canister marked READY
2026-09-05 18:16:03.182622089 UTC: [Canister pp254-cl777-77776-aaaaq-cai] [32m OK  [0m|    root    | [CanisterLifecycle] 🗑️ uninstall_code: pu7bz-yt777-77776-aaaca-cai
==> shared PocketIC server stdout (last 40 lines)
2026-09-05T18:11:54.507951Z  INFO pocket_ic_server: The PocketIC server is listening on port 35979

==> workspace timing summary
kind             elapsed  result label
----             -------  ------ -----
pocketic-serial  251s     FAIL   targeted canic-testing-internal PocketIC proof
workspace runner wall time: 252s
WORKSPACE TESTS FAILED: targeted canic-testing-internal PocketIC proof
==> leaving Cargo build artifacts intact
==> clearing invocation-owned test scratch: test-runtime.08HokU
