workspace test inventory guard passed (39 targets: 30 parallel, 9 serial PocketIC)
PocketIC version alignment passed (16.0.0)
==> using pinned PocketIC server binary: /home/adam/.cache/canic/pocket-ic-server-16.0.0/pocket-ic
==> prefetching locked dependency graph for offline metadata checks
==> shared PocketIC server ready: http://127.0.0.1:36223/
==> targeted canic-testing-internal PocketIC proof
   Compiling canic-testing-internal v0.110.7 (/home/adam/projects/canic/crates/canic-testing-internal)
    Finished `test` profile [optimized + debuginfo] target(s) in 8.18s
     Running unittests src/lib.rs (target/debug/deps/canic_testing_internal-df76281e9aadb3a1)

running 1 test
test pic::fleet_registry::baseline::tests::live_management_gateway_preserves_fresh_creation_headroom ... [FLEET]      RUN    starting management-agent PocketIC instance
[FLEET]      READY  management-agent PocketIC instance
ok

test result: ok. 1 passed; 0 failed; 0 ignored; 0 measured; 56 filtered out; finished in 0.29s

==> shared PocketIC resources after targeted canic-testing-internal PocketIC proof: rss=249856 kB high_water=249856 kB threads=19
==> targeted canic-testing-internal PocketIC proof done in 8s

==> workspace timing summary
kind             elapsed  result label
----             -------  ------ -----
pocketic-serial  8s       PASS   targeted canic-testing-internal PocketIC proof
workspace runner wall time: 9s
WORKSPACE TESTS PASSED: all requested suites succeeded.
==> leaving Cargo build artifacts intact
==> clearing invocation-owned test scratch: test-runtime.KsXN5v
