workspace test inventory guard passed (39 targets: 30 parallel, 9 serial PocketIC)
PocketIC version alignment passed (16.0.0)
==> using pinned PocketIC server binary: /home/adam/.cache/canic/pocket-ic-server-16.0.0/pocket-ic
==> prefetching locked dependency graph for offline metadata checks
==> shared PocketIC server ready: http://127.0.0.1:46679/
==> targeted canic-testing-internal PocketIC proof
   Compiling canic-testing-internal v0.110.7 (/home/adam/projects/canic/crates/canic-testing-internal)
    Finished `test` profile [optimized + debuginfo] target(s) in 8.01s
     Running unittests src/lib.rs (target/debug/deps/canic_testing_internal-df76281e9aadb3a1)

running 1 test
test pic::fleet_registry::baseline::tests::nineteen_workloads_preserve_multi_hub_root_activation ... [FLEET]      CACHE  literal-zero release artifacts (28)                   1.16s
[FLEET]      RUN    starting PocketIC instance
[FLEET]      READY  PocketIC instance
[FLEET]      RUN    building bootstrap wasm_store artifact
[WASM]       CACHE  bootstrap Store artifact                              0.96s
[FLEET]      RUN    building PIC root wasm artifact
[WASM]       RUN    delegation_root_stub (1/1)
[WASM]       CACHE  delegation_root_stub                                  0.44s
[FLEET]      RUN    finished PIC wasm build
ok

test result: ok. 1 passed; 0 failed; 0 ignored; 0 measured; 54 filtered out; finished in 49.69s

==> shared PocketIC resources after targeted canic-testing-internal PocketIC proof: rss=481084 kB high_water=552164 kB threads=19
==> targeted canic-testing-internal PocketIC proof done in 58s

==> workspace timing summary
kind             elapsed  result label
----             -------  ------ -----
pocketic-serial  58s      PASS   targeted canic-testing-internal PocketIC proof
workspace runner wall time: 59s
WORKSPACE TESTS PASSED: all requested suites succeeded.
==> leaving Cargo build artifacts intact
==> clearing invocation-owned test scratch: test-runtime.rE0Zra
