ICP_ENVIRONMENT=local bash scripts/ci/run-with-test-scratch.sh \
	bash scripts/ci/run-workspace-tests.sh targeted-pocketic "$CANIC_POCKETIC_CASE"
workspace test inventory guard passed (39 targets: 30 parallel, 9 serial PocketIC)
PocketIC version alignment passed (16.0.0)
==> using pinned PocketIC server binary: /home/adam/.cache/canic/pocket-ic-server-16.0.0/pocket-ic
==> prefetching locked dependency graph for offline metadata checks
==> native ICP CLI: /home/adam/.cargo/bin/icp (icp 1.4.0)
==> shared PocketIC server ready: http://127.0.0.1:36429/
==> targeted canic-tests PocketIC integration proof
   Compiling canic-core v0.110.14 (/home/adam/projects/canic/crates/canic-core)
   Compiling canic-control-plane v0.110.14 (/home/adam/projects/canic/crates/canic-control-plane)
   Compiling canic v0.110.14 (/home/adam/projects/canic/crates/canic)
   Compiling canic-host v0.110.14 (/home/adam/projects/canic/crates/canic-host)
   Compiling canic-testing-internal v0.110.14 (/home/adam/projects/canic/crates/canic-testing-internal)
   Compiling canic-tests v0.110.14 (/home/adam/projects/canic/crates/canic-tests)
    Finished `test` profile [optimized + debuginfo] target(s) in 1m 10s
     Running tests/icydb_lifecycle_composition.rs (target/debug/deps/icydb_lifecycle_composition-646e14b47fe7056c)

running 5 tests
test fixture_provisioning::published_icydb_rows_and_checkpoint_share_a_synchronous_message_commit ... [WASM]       RUN    canic_icydb_lifecycle_probe (1/1)
[WASM]       DONE   canic_icydb_lifecycle_probe                          40.70s
CANIC-165 commit=20430519 validation=21643079 receipt_replay=14578160 instructions; 8 rows, 16-byte chunks
ok
test fixture_provisioning::store::consumer::automatic_consumer_recovers_outages_traps_and_restart_then_stops_on_durable_receipt ... Build phase runtime Cargo/link bootstrap_store: 35.70s
[WASM]       SIZE   wasm_store/candidate.wasm  code=2.86 MiB (3003998 B)  headroom=7.14 MiB (7481762 B)
Build phase finalization /home/adam/projects/canic/.canic/release-builds/a4c128728412f11837b79ce8562e3115451db387e17361b79b4f15d02cbb36ae/artifacts/wasm_store/wasm_store.wasm: shrink=0.61s candid=0.54s binaryen=0.00s gzip/validation=0.20s total=1.36s
ok
test fixture_provisioning::store::retained_store_recovers_upload_and_fences_revoked_target_reads ... ok
test fixture_provisioning::transport::transport_rechecks_import_authority_and_requires_durable_validation_receipt ... ok
test managed_canic_and_published_icydb_share_lifecycle_and_timer_custody ... [WASM]       RUN    canic_icydb_lifecycle_probe (1/1)
[WASM]       DONE   canic_icydb_lifecycle_probe                           6.76s
Canic/IcyDB timer inventory at prepared after install:
  LogicalTimerRow { owner: "canic", subsystem: "log_retention", name: "run", scheduling_mode: Once, registration: Unregistered, condition: Idle, enabled: true }
  LogicalTimerRow { owner: "icydb", subsystem: "startup", name: "recovery", scheduling_mode: Continuation, registration: Scheduled, condition: Active, enabled: true }
Canic/IcyDB timer inventory at active after install:
  LogicalTimerRow { owner: "canic", subsystem: "intent_cleanup", name: "run", scheduling_mode: Once, registration: Unregistered, condition: Idle, enabled: true }
  LogicalTimerRow { owner: "canic", subsystem: "log_retention", name: "run", scheduling_mode: Once, registration: Unregistered, condition: Idle, enabled: true }
  LogicalTimerRow { owner: "icydb", subsystem: "startup", name: "recovery", scheduling_mode: Continuation, registration: Scheduled, condition: Active, enabled: true }
Canic/IcyDB timer inventory at prepared before upgrade:
  LogicalTimerRow { owner: "canic", subsystem: "log_retention", name: "run", scheduling_mode: Once, registration: Unregistered, condition: Idle, enabled: true }
  LogicalTimerRow { owner: "icydb", subsystem: "startup", name: "recovery", scheduling_mode: Watchdog, registration: Unregistered, condition: Idle, enabled: true }
Canic/IcyDB timer inventory at prepared after upgrade:
  LogicalTimerRow { owner: "canic", subsystem: "log_retention", name: "run", scheduling_mode: Once, registration: Unregistered, condition: Idle, enabled: true }
  LogicalTimerRow { owner: "icydb", subsystem: "startup", name: "recovery", scheduling_mode: Watchdog, registration: Unregistered, condition: Idle, enabled: true }
Canic/IcyDB timer inventory at active before upgrade:
  LogicalTimerRow { owner: "canic", subsystem: "intent_cleanup", name: "run", scheduling_mode: Once, registration: Unregistered, condition: Idle, enabled: true }
  LogicalTimerRow { owner: "canic", subsystem: "log_retention", name: "run", scheduling_mode: Once, registration: Unregistered, condition: Idle, enabled: true }
  LogicalTimerRow { owner: "icydb", subsystem: "startup", name: "recovery", scheduling_mode: Continuation, registration: Scheduled, condition: Active, enabled: true }
Canic/IcyDB timer inventory at active after upgrade:
  LogicalTimerRow { owner: "canic", subsystem: "intent_cleanup", name: "run", scheduling_mode: Once, registration: Unregistered, condition: Idle, enabled: true }
  LogicalTimerRow { owner: "canic", subsystem: "log_retention", name: "run", scheduling_mode: Once, registration: Unregistered, condition: Idle, enabled: true }
  LogicalTimerRow { owner: "icydb", subsystem: "startup", name: "recovery", scheduling_mode: Watchdog, registration: Unregistered, condition: Idle, enabled: true }
ok

test result: ok. 5 passed; 0 failed; 0 ignored; 0 measured; 0 filtered out; finished in 130.45s

==> shared PocketIC resources after targeted canic-tests PocketIC integration proof: rss=520656 kB high_water=557256 kB threads=19
==> targeted canic-tests PocketIC integration proof done in 201s

==> workspace timing summary
kind             elapsed  result label
----             -------  ------ -----
pocketic-serial  201s     PASS   targeted canic-tests PocketIC integration proof
workspace runner wall time: 202s
WORKSPACE TESTS PASSED: all requested suites succeeded.
==> leaving Cargo build artifacts intact
==> clearing invocation-owned test scratch: test-runtime.lepGDR

=== 2026-09-12 partial-import reinstall and discarded Store receipts ===
ICP_ENVIRONMENT=local RUSTC_WRAPPER= CARGO_NET_OFFLINE=true make test-pocketic-case CASE=icydb_lifecycle_composition
ICP_ENVIRONMENT=local bash scripts/ci/run-with-test-scratch.sh \
	bash scripts/ci/run-workspace-tests.sh targeted-pocketic "$CANIC_POCKETIC_CASE"
workspace test inventory guard passed (39 targets: 30 parallel, 9 serial PocketIC)
PocketIC version alignment passed (16.0.0)
==> using pinned PocketIC server binary: /home/adam/.cache/canic/pocket-ic-server-16.0.0/pocket-ic
==> prefetching locked dependency graph for offline metadata checks
==> native ICP CLI: /home/adam/.cargo/bin/icp (icp 1.4.0)
==> shared PocketIC server ready: http://127.0.0.1:41141/
==> targeted canic-tests PocketIC integration proof
   Compiling canic-host v0.110.14 (/home/adam/projects/canic/crates/canic-host)
   Compiling canic-testing-internal v0.110.14 (/home/adam/projects/canic/crates/canic-testing-internal)
   Compiling canic-tests v0.110.14 (/home/adam/projects/canic/crates/canic-tests)
    Finished `test` profile [optimized + debuginfo] target(s) in 43.95s
     Running tests/icydb_lifecycle_composition.rs (target/debug/deps/icydb_lifecycle_composition-f79c54257f98a392)

running 5 tests
test fixture_provisioning::published_icydb_rows_and_checkpoint_share_a_synchronous_message_commit ... [WASM]       RUN    canic_icydb_lifecycle_probe (1/1)
[WASM]       DONE   canic_icydb_lifecycle_probe                          44.31s
CANIC-165 commit=20428244 validation=21640802 receipt_replay=14575891 instructions; 8 rows, 16-byte chunks
ok
test fixture_provisioning::store::consumer::automatic_consumer_recovers_outages_traps_and_restart_then_stops_on_durable_receipt ... Build phase runtime Cargo/link bootstrap_store: 3.24s
[WASM]       SIZE   wasm_store/candidate.wasm  code=2.86 MiB (3003996 B)  headroom=7.14 MiB (7481764 B)
Build phase finalization /home/adam/projects/canic/.canic/release-builds/a4c128728412f11837b79ce8562e3115451db387e17361b79b4f15d02cbb36ae/artifacts/wasm_store/wasm_store.wasm: shrink=0.60s candid=0.58s binaryen=0.00s gzip/validation=0.19s total=1.38s
ok
test fixture_provisioning::store::retained_store_recovers_upload_and_fences_revoked_target_reads ... ok
test fixture_provisioning::transport::transport_rechecks_import_authority_and_requires_durable_validation_receipt ... ok
test managed_canic_and_published_icydb_share_lifecycle_and_timer_custody ... [WASM]       RUN    canic_icydb_lifecycle_probe (1/1)
[WASM]       DONE   canic_icydb_lifecycle_probe                           6.90s
Canic/IcyDB timer inventory at prepared after install:
  LogicalTimerRow { owner: "canic", subsystem: "log_retention", name: "run", scheduling_mode: Once, registration: Unregistered, condition: Idle, enabled: true }
  LogicalTimerRow { owner: "icydb", subsystem: "startup", name: "recovery", scheduling_mode: Continuation, registration: Scheduled, condition: Active, enabled: true }
Canic/IcyDB timer inventory at active after install:
  LogicalTimerRow { owner: "canic", subsystem: "intent_cleanup", name: "run", scheduling_mode: Once, registration: Unregistered, condition: Idle, enabled: true }
  LogicalTimerRow { owner: "canic", subsystem: "log_retention", name: "run", scheduling_mode: Once, registration: Unregistered, condition: Idle, enabled: true }
  LogicalTimerRow { owner: "icydb", subsystem: "startup", name: "recovery", scheduling_mode: Continuation, registration: Scheduled, condition: Active, enabled: true }
Canic/IcyDB timer inventory at prepared before upgrade:
  LogicalTimerRow { owner: "canic", subsystem: "log_retention", name: "run", scheduling_mode: Once, registration: Unregistered, condition: Idle, enabled: true }
  LogicalTimerRow { owner: "icydb", subsystem: "startup", name: "recovery", scheduling_mode: Watchdog, registration: Unregistered, condition: Idle, enabled: true }
Canic/IcyDB timer inventory at prepared after upgrade:
  LogicalTimerRow { owner: "canic", subsystem: "log_retention", name: "run", scheduling_mode: Once, registration: Unregistered, condition: Idle, enabled: true }
  LogicalTimerRow { owner: "icydb", subsystem: "startup", name: "recovery", scheduling_mode: Watchdog, registration: Unregistered, condition: Idle, enabled: true }
Canic/IcyDB timer inventory at active before upgrade:
  LogicalTimerRow { owner: "canic", subsystem: "intent_cleanup", name: "run", scheduling_mode: Once, registration: Unregistered, condition: Idle, enabled: true }
  LogicalTimerRow { owner: "canic", subsystem: "log_retention", name: "run", scheduling_mode: Once, registration: Unregistered, condition: Idle, enabled: true }
  LogicalTimerRow { owner: "icydb", subsystem: "startup", name: "recovery", scheduling_mode: Continuation, registration: Scheduled, condition: Active, enabled: true }
Canic/IcyDB timer inventory at active after upgrade:
  LogicalTimerRow { owner: "canic", subsystem: "intent_cleanup", name: "run", scheduling_mode: Once, registration: Unregistered, condition: Idle, enabled: true }
  LogicalTimerRow { owner: "canic", subsystem: "log_retention", name: "run", scheduling_mode: Once, registration: Unregistered, condition: Idle, enabled: true }
  LogicalTimerRow { owner: "icydb", subsystem: "startup", name: "recovery", scheduling_mode: Watchdog, registration: Unregistered, condition: Idle, enabled: true }
ok

test result: ok. 5 passed; 0 failed; 0 ignored; 0 measured; 0 filtered out; finished in 109.13s

==> shared PocketIC resources after targeted canic-tests PocketIC integration proof: rss=518012 kB high_water=553856 kB threads=19
==> targeted canic-tests PocketIC integration proof done in 154s

==> workspace timing summary
kind             elapsed  result label
----             -------  ------ -----
pocketic-serial  154s     PASS   targeted canic-tests PocketIC integration proof
workspace runner wall time: 155s
WORKSPACE TESTS PASSED: all requested suites succeeded.
==> leaving Cargo build artifacts intact
==> clearing invocation-owned test scratch: test-runtime.ys1tpY


CANIC-165 durable outage backoff - 2026-09-12
ICP_ENVIRONMENT=local bash scripts/ci/run-with-test-scratch.sh \
	bash scripts/ci/run-workspace-tests.sh targeted-pocketic "$CANIC_POCKETIC_CASE"
workspace test inventory guard passed (39 targets: 30 parallel, 9 serial PocketIC)
PocketIC version alignment passed (16.0.0)
==> using pinned PocketIC server binary: /home/adam/.cache/canic/pocket-ic-server-16.0.0/pocket-ic
==> prefetching locked dependency graph for offline metadata checks
==> native ICP CLI: /home/adam/.cargo/bin/icp (icp 1.4.0)
==> shared PocketIC server ready: http://127.0.0.1:41345/
==> targeted canic-tests PocketIC integration proof
   Compiling canic-core v0.110.14 (/home/adam/projects/canic/crates/canic-core)
   Compiling canic-control-plane v0.110.14 (/home/adam/projects/canic/crates/canic-control-plane)
   Compiling canic v0.110.14 (/home/adam/projects/canic/crates/canic)
   Compiling canic-host v0.110.14 (/home/adam/projects/canic/crates/canic-host)
   Compiling canic-testing-internal v0.110.14 (/home/adam/projects/canic/crates/canic-testing-internal)
   Compiling canic-tests v0.110.14 (/home/adam/projects/canic/crates/canic-tests)
    Finished `test` profile [optimized + debuginfo] target(s) in 1m 12s
     Running tests/icydb_lifecycle_composition.rs (target/debug/deps/icydb_lifecycle_composition-f79c54257f98a392)

running 5 tests
test fixture_provisioning::published_icydb_rows_and_checkpoint_share_a_synchronous_message_commit ... [WASM]       RUN    canic_icydb_lifecycle_probe (1/1)
[WASM]       DONE   canic_icydb_lifecycle_probe                          35.42s
CANIC-165 commit=20422218 validation=21640916 receipt_replay=14597189 instructions; 8 rows, 16-byte chunks
ok
test fixture_provisioning::store::consumer::automatic_consumer_recovers_outages_traps_and_restart_then_stops_on_durable_receipt ... Build phase runtime Cargo/link bootstrap_store: 31.63s
[WASM]       SIZE   wasm_store/candidate.wasm  code=2.86 MiB (3001517 B)  headroom=7.14 MiB (7484243 B)
Build phase finalization /home/adam/projects/canic/.canic/release-builds/a4c128728412f11837b79ce8562e3115451db387e17361b79b4f15d02cbb36ae/artifacts/wasm_store/wasm_store.wasm: shrink=0.68s candid=0.62s binaryen=0.00s gzip/validation=0.20s total=1.51s
ok
test fixture_provisioning::store::retained_store_recovers_upload_and_fences_revoked_target_reads ... ok
test fixture_provisioning::transport::transport_rechecks_import_authority_and_requires_durable_validation_receipt ... ok
test managed_canic_and_published_icydb_share_lifecycle_and_timer_custody ... [WASM]       RUN    canic_icydb_lifecycle_probe (1/1)
[WASM]       DONE   canic_icydb_lifecycle_probe                           6.62s
Canic/IcyDB timer inventory at prepared after install:
  LogicalTimerRow { owner: "canic", subsystem: "log_retention", name: "run", scheduling_mode: Once, registration: Unregistered, condition: Idle, enabled: true }
  LogicalTimerRow { owner: "icydb", subsystem: "startup", name: "recovery", scheduling_mode: Continuation, registration: Scheduled, condition: Active, enabled: true }
Canic/IcyDB timer inventory at active after install:
  LogicalTimerRow { owner: "canic", subsystem: "intent_cleanup", name: "run", scheduling_mode: Once, registration: Unregistered, condition: Idle, enabled: true }
  LogicalTimerRow { owner: "canic", subsystem: "log_retention", name: "run", scheduling_mode: Once, registration: Unregistered, condition: Idle, enabled: true }
  LogicalTimerRow { owner: "icydb", subsystem: "startup", name: "recovery", scheduling_mode: Continuation, registration: Scheduled, condition: Active, enabled: true }
Canic/IcyDB timer inventory at prepared before upgrade:
  LogicalTimerRow { owner: "canic", subsystem: "log_retention", name: "run", scheduling_mode: Once, registration: Unregistered, condition: Idle, enabled: true }
  LogicalTimerRow { owner: "icydb", subsystem: "startup", name: "recovery", scheduling_mode: Watchdog, registration: Unregistered, condition: Idle, enabled: true }
Canic/IcyDB timer inventory at prepared after upgrade:
  LogicalTimerRow { owner: "canic", subsystem: "log_retention", name: "run", scheduling_mode: Once, registration: Unregistered, condition: Idle, enabled: true }
  LogicalTimerRow { owner: "icydb", subsystem: "startup", name: "recovery", scheduling_mode: Watchdog, registration: Unregistered, condition: Idle, enabled: true }
Canic/IcyDB timer inventory at active before upgrade:
  LogicalTimerRow { owner: "canic", subsystem: "intent_cleanup", name: "run", scheduling_mode: Once, registration: Unregistered, condition: Idle, enabled: true }
  LogicalTimerRow { owner: "canic", subsystem: "log_retention", name: "run", scheduling_mode: Once, registration: Unregistered, condition: Idle, enabled: true }
  LogicalTimerRow { owner: "icydb", subsystem: "startup", name: "recovery", scheduling_mode: Continuation, registration: Scheduled, condition: Active, enabled: true }
Canic/IcyDB timer inventory at active after upgrade:
  LogicalTimerRow { owner: "canic", subsystem: "intent_cleanup", name: "run", scheduling_mode: Once, registration: Unregistered, condition: Idle, enabled: true }
  LogicalTimerRow { owner: "canic", subsystem: "log_retention", name: "run", scheduling_mode: Once, registration: Unregistered, condition: Idle, enabled: true }
  LogicalTimerRow { owner: "icydb", subsystem: "startup", name: "recovery", scheduling_mode: Watchdog, registration: Unregistered, condition: Idle, enabled: true }
ok

test result: ok. 5 passed; 0 failed; 0 ignored; 0 measured; 0 filtered out; finished in 126.15s

==> shared PocketIC resources after targeted canic-tests PocketIC integration proof: rss=531080 kB high_water=567568 kB threads=19
==> targeted canic-tests PocketIC integration proof done in 198s

==> workspace timing summary
kind             elapsed  result label
----             -------  ------ -----
pocketic-serial  198s     PASS   targeted canic-tests PocketIC integration proof
workspace runner wall time: 200s
WORKSPACE TESTS PASSED: all requested suites succeeded.
==> leaving Cargo build artifacts intact
==> clearing invocation-owned test scratch: test-runtime.LVWwT5


CANIC-165 explicit Store retirement - 2026-09-12
ICP_ENVIRONMENT=local bash scripts/ci/run-with-test-scratch.sh \
	bash scripts/ci/run-workspace-tests.sh targeted-pocketic "$CANIC_POCKETIC_CASE"
workspace test inventory guard passed (39 targets: 30 parallel, 9 serial PocketIC)
PocketIC version alignment passed (16.0.0)
==> using pinned PocketIC server binary: /home/adam/.cache/canic/pocket-ic-server-16.0.0/pocket-ic
==> prefetching locked dependency graph for offline metadata checks
==> native ICP CLI: /home/adam/.cargo/bin/icp (icp 1.4.0)
==> shared PocketIC server ready: http://127.0.0.1:36213/
==> targeted canic-tests PocketIC integration proof
   Compiling canic v0.110.14 (/home/adam/projects/canic/crates/canic)
   Compiling canic-control-plane v0.110.14 (/home/adam/projects/canic/crates/canic-control-plane)
   Compiling canic-host v0.110.14 (/home/adam/projects/canic/crates/canic-host)
   Compiling canic-testing-internal v0.110.14 (/home/adam/projects/canic/crates/canic-testing-internal)
   Compiling canic-tests v0.110.14 (/home/adam/projects/canic/crates/canic-tests)
    Finished `test` profile [optimized + debuginfo] target(s) in 59.15s
     Running tests/icydb_lifecycle_composition.rs (target/debug/deps/icydb_lifecycle_composition-f79c54257f98a392)

running 5 tests
test fixture_provisioning::published_icydb_rows_and_checkpoint_share_a_synchronous_message_commit ... [WASM]       RUN    canic_icydb_lifecycle_probe (1/1)
[WASM]       DONE   canic_icydb_lifecycle_probe                          10.05s
CANIC-165 commit=20422218 validation=21640916 receipt_replay=14597189 instructions; 8 rows, 16-byte chunks
ok
test fixture_provisioning::store::consumer::automatic_consumer_recovers_outages_traps_and_restart_then_stops_on_durable_receipt ... Build phase runtime Cargo/link bootstrap_store: 8.78s
[WASM]       SIZE   wasm_store/candidate.wasm  code=2.88 MiB (3018606 B)  headroom=7.12 MiB (7467154 B)
Build phase finalization /home/adam/projects/canic/.canic/release-builds/a4c128728412f11837b79ce8562e3115451db387e17361b79b4f15d02cbb36ae/artifacts/wasm_store/wasm_store.wasm: shrink=0.58s candid=0.53s binaryen=0.00s gzip/validation=0.19s total=1.35s
ok
test fixture_provisioning::store::retained_store_recovers_upload_and_fences_revoked_target_reads ... ok
test fixture_provisioning::transport::transport_rechecks_import_authority_and_requires_durable_validation_receipt ... ok
test managed_canic_and_published_icydb_share_lifecycle_and_timer_custody ... [WASM]       RUN    canic_icydb_lifecycle_probe (1/1)
[WASM]       DONE   canic_icydb_lifecycle_probe                           6.55s
Canic/IcyDB timer inventory at prepared after install:
  LogicalTimerRow { owner: "canic", subsystem: "log_retention", name: "run", scheduling_mode: Once, registration: Unregistered, condition: Idle, enabled: true }
  LogicalTimerRow { owner: "icydb", subsystem: "startup", name: "recovery", scheduling_mode: Continuation, registration: Scheduled, condition: Active, enabled: true }
Canic/IcyDB timer inventory at active after install:
  LogicalTimerRow { owner: "canic", subsystem: "intent_cleanup", name: "run", scheduling_mode: Once, registration: Unregistered, condition: Idle, enabled: true }
  LogicalTimerRow { owner: "canic", subsystem: "log_retention", name: "run", scheduling_mode: Once, registration: Unregistered, condition: Idle, enabled: true }
  LogicalTimerRow { owner: "icydb", subsystem: "startup", name: "recovery", scheduling_mode: Continuation, registration: Scheduled, condition: Active, enabled: true }
Canic/IcyDB timer inventory at prepared before upgrade:
  LogicalTimerRow { owner: "canic", subsystem: "log_retention", name: "run", scheduling_mode: Once, registration: Unregistered, condition: Idle, enabled: true }
  LogicalTimerRow { owner: "icydb", subsystem: "startup", name: "recovery", scheduling_mode: Watchdog, registration: Unregistered, condition: Idle, enabled: true }
Canic/IcyDB timer inventory at prepared after upgrade:
  LogicalTimerRow { owner: "canic", subsystem: "log_retention", name: "run", scheduling_mode: Once, registration: Unregistered, condition: Idle, enabled: true }
  LogicalTimerRow { owner: "icydb", subsystem: "startup", name: "recovery", scheduling_mode: Watchdog, registration: Unregistered, condition: Idle, enabled: true }
Canic/IcyDB timer inventory at active before upgrade:
  LogicalTimerRow { owner: "canic", subsystem: "intent_cleanup", name: "run", scheduling_mode: Once, registration: Unregistered, condition: Idle, enabled: true }
  LogicalTimerRow { owner: "canic", subsystem: "log_retention", name: "run", scheduling_mode: Once, registration: Unregistered, condition: Idle, enabled: true }
  LogicalTimerRow { owner: "icydb", subsystem: "startup", name: "recovery", scheduling_mode: Continuation, registration: Scheduled, condition: Active, enabled: true }
Canic/IcyDB timer inventory at active after upgrade:
  LogicalTimerRow { owner: "canic", subsystem: "intent_cleanup", name: "run", scheduling_mode: Once, registration: Unregistered, condition: Idle, enabled: true }
  LogicalTimerRow { owner: "canic", subsystem: "log_retention", name: "run", scheduling_mode: Once, registration: Unregistered, condition: Idle, enabled: true }
  LogicalTimerRow { owner: "icydb", subsystem: "startup", name: "recovery", scheduling_mode: Watchdog, registration: Unregistered, condition: Idle, enabled: true }
ok

test result: ok. 5 passed; 0 failed; 0 ignored; 0 measured; 0 filtered out; finished in 76.18s

==> shared PocketIC resources after targeted canic-tests PocketIC integration proof: rss=503496 kB high_water=564124 kB threads=19
==> targeted canic-tests PocketIC integration proof done in 136s

==> workspace timing summary
kind             elapsed  result label
----             -------  ------ -----
pocketic-serial  136s     PASS   targeted canic-tests PocketIC integration proof
workspace runner wall time: 137s
WORKSPACE TESTS PASSED: all requested suites succeeded.
==> leaving Cargo build artifacts intact
==> clearing invocation-owned test scratch: test-runtime.6Jiosn

=== Reinstall submitted during an actual pending Store fetch ===
ICP_ENVIRONMENT=local bash scripts/ci/run-with-test-scratch.sh \
	bash scripts/ci/run-workspace-tests.sh targeted-pocketic "$CANIC_POCKETIC_CASE"
workspace test inventory guard passed (39 targets: 30 parallel, 9 serial PocketIC)
PocketIC version alignment passed (16.0.0)
==> using pinned PocketIC server binary: /home/adam/.cache/canic/pocket-ic-server-16.0.0/pocket-ic
==> prefetching locked dependency graph for offline metadata checks
==> native ICP CLI: /home/adam/.cargo/bin/icp (icp 1.4.0)
==> shared PocketIC server ready: http://127.0.0.1:35807/
==> targeted canic-tests PocketIC integration proof
   Compiling canic-core v0.110.14 (/home/adam/projects/canic/crates/canic-core)
   Compiling canic-control-plane v0.110.14 (/home/adam/projects/canic/crates/canic-control-plane)
   Compiling canic v0.110.14 (/home/adam/projects/canic/crates/canic)
   Compiling canic-host v0.110.14 (/home/adam/projects/canic/crates/canic-host)
   Compiling canic-testing-internal v0.110.14 (/home/adam/projects/canic/crates/canic-testing-internal)
   Compiling canic-tests v0.110.14 (/home/adam/projects/canic/crates/canic-tests)
    Finished `test` profile [optimized + debuginfo] target(s) in 30.53s
     Running tests/icydb_lifecycle_composition.rs (target/debug/deps/icydb_lifecycle_composition-f79c54257f98a392)

running 6 tests
test fixture_provisioning::published_icydb_rows_and_checkpoint_share_a_synchronous_message_commit ... [WASM]       RUN    canic_icydb_lifecycle_probe (1/1)
[WASM]       DONE   canic_icydb_lifecycle_probe                          36.67s
CANIC-165 commit=20384533 validation=21605758 receipt_replay=14562794 instructions; 8 rows, 16-byte chunks
ok
test fixture_provisioning::store::consumer::automatic_consumer_recovers_outages_traps_and_restart_then_stops_on_durable_receipt ... Build phase runtime Cargo/link bootstrap_store: 34.06s
[WASM]       SIZE   wasm_store/candidate.wasm  code=2.88 MiB (3018606 B)  headroom=7.12 MiB (7467154 B)
Build phase finalization /home/adam/projects/canic/.canic/release-builds/a4c128728412f11837b79ce8562e3115451db387e17361b79b4f15d02cbb36ae/artifacts/wasm_store/wasm_store.wasm: shrink=0.61s candid=0.54s binaryen=0.00s gzip/validation=0.20s total=1.37s
ok
test fixture_provisioning::store::consumer::in_flight::real_store_fetch_is_pending_when_consumer_reinstall_is_submitted ... ok
test fixture_provisioning::store::retained_store_recovers_upload_and_fences_revoked_target_reads ... ok
test fixture_provisioning::transport::transport_rechecks_import_authority_and_requires_durable_validation_receipt ... ok
test managed_canic_and_published_icydb_share_lifecycle_and_timer_custody ... [WASM]       RUN    canic_icydb_lifecycle_probe (1/1)
[WASM]       DONE   canic_icydb_lifecycle_probe                           6.85s
Canic/IcyDB timer inventory at prepared after install:
  LogicalTimerRow { owner: "canic", subsystem: "log_retention", name: "run", scheduling_mode: Once, registration: Unregistered, condition: Idle, enabled: true }
  LogicalTimerRow { owner: "icydb", subsystem: "startup", name: "recovery", scheduling_mode: Continuation, registration: Scheduled, condition: Active, enabled: true }
Canic/IcyDB timer inventory at active after install:
  LogicalTimerRow { owner: "canic", subsystem: "intent_cleanup", name: "run", scheduling_mode: Once, registration: Unregistered, condition: Idle, enabled: true }
  LogicalTimerRow { owner: "canic", subsystem: "log_retention", name: "run", scheduling_mode: Once, registration: Unregistered, condition: Idle, enabled: true }
  LogicalTimerRow { owner: "icydb", subsystem: "startup", name: "recovery", scheduling_mode: Continuation, registration: Scheduled, condition: Active, enabled: true }
Canic/IcyDB timer inventory at prepared before upgrade:
  LogicalTimerRow { owner: "canic", subsystem: "log_retention", name: "run", scheduling_mode: Once, registration: Unregistered, condition: Idle, enabled: true }
  LogicalTimerRow { owner: "icydb", subsystem: "startup", name: "recovery", scheduling_mode: Watchdog, registration: Unregistered, condition: Idle, enabled: true }
Canic/IcyDB timer inventory at prepared after upgrade:
  LogicalTimerRow { owner: "canic", subsystem: "log_retention", name: "run", scheduling_mode: Once, registration: Unregistered, condition: Idle, enabled: true }
  LogicalTimerRow { owner: "icydb", subsystem: "startup", name: "recovery", scheduling_mode: Watchdog, registration: Unregistered, condition: Idle, enabled: true }
Canic/IcyDB timer inventory at active before upgrade:
  LogicalTimerRow { owner: "canic", subsystem: "intent_cleanup", name: "run", scheduling_mode: Once, registration: Unregistered, condition: Idle, enabled: true }
  LogicalTimerRow { owner: "canic", subsystem: "log_retention", name: "run", scheduling_mode: Once, registration: Unregistered, condition: Idle, enabled: true }
  LogicalTimerRow { owner: "icydb", subsystem: "startup", name: "recovery", scheduling_mode: Continuation, registration: Scheduled, condition: Active, enabled: true }
Canic/IcyDB timer inventory at active after upgrade:
  LogicalTimerRow { owner: "canic", subsystem: "intent_cleanup", name: "run", scheduling_mode: Once, registration: Unregistered, condition: Idle, enabled: true }
  LogicalTimerRow { owner: "canic", subsystem: "log_retention", name: "run", scheduling_mode: Once, registration: Unregistered, condition: Idle, enabled: true }
  LogicalTimerRow { owner: "icydb", subsystem: "startup", name: "recovery", scheduling_mode: Watchdog, registration: Unregistered, condition: Idle, enabled: true }
ok

test result: ok. 6 passed; 0 failed; 0 ignored; 0 measured; 0 filtered out; finished in 131.54s

==> shared PocketIC resources after targeted canic-tests PocketIC integration proof: rss=577588 kB high_water=614368 kB threads=19
==> targeted canic-tests PocketIC integration proof done in 162s

==> workspace timing summary
kind             elapsed  result label
----             -------  ------ -----
pocketic-serial  162s     PASS   targeted canic-tests PocketIC integration proof
workspace runner wall time: 163s
WORKSPACE TESTS PASSED: all requested suites succeeded.
==> leaving Cargo build artifacts intact
==> clearing invocation-owned test scratch: test-runtime.wCKG4b


== 2026-09-12 held Store replies: pass; held-store-replies-source.sha256 ==
ICP_ENVIRONMENT=local RUSTC_WRAPPER= CARGO_NET_OFFLINE=true make test-pocketic-case CASE=icydb_lifecycle_composition
ICP_ENVIRONMENT=local bash scripts/ci/run-with-test-scratch.sh \
	bash scripts/ci/run-workspace-tests.sh targeted-pocketic "$CANIC_POCKETIC_CASE"
workspace test inventory guard passed (39 targets: 30 parallel, 9 serial PocketIC)
PocketIC version alignment passed (16.0.0)
==> using pinned PocketIC server binary: /home/adam/.cache/canic/pocket-ic-server-16.0.0/pocket-ic
==> prefetching locked dependency graph for offline metadata checks
==> native ICP CLI: /home/adam/.cargo/bin/icp (icp 1.4.0)
==> shared PocketIC server ready: http://127.0.0.1:40659/
==> targeted canic-tests PocketIC integration proof
   Compiling canic v0.110.14 (/home/adam/projects/canic/crates/canic)
   Compiling canic-testing-internal v0.110.14 (/home/adam/projects/canic/crates/canic-testing-internal)
   Compiling canic-tests v0.110.14 (/home/adam/projects/canic/crates/canic-tests)
    Finished `test` profile [optimized + debuginfo] target(s) in 8.63s
     Running tests/icydb_lifecycle_composition.rs (target/debug/deps/icydb_lifecycle_composition-f79c54257f98a392)

running 7 tests
test fixture_provisioning::published_icydb_rows_and_checkpoint_share_a_synchronous_message_commit ... [WASM]       RUN    canic_icydb_lifecycle_probe (1/1)
[WASM]       DONE   canic_icydb_lifecycle_probe                           9.31s
CANIC-165 commit=20384533 validation=21605758 receipt_replay=14562794 instructions; 8 rows, 16-byte chunks
ok
test fixture_provisioning::store::consumer::automatic_consumer_recovers_outages_traps_and_restart_then_stops_on_durable_receipt ... Build phase runtime Cargo/link bootstrap_store: 2.56s
[WASM]       SIZE   wasm_store/candidate.wasm  code=2.88 MiB (3018618 B)  headroom=7.12 MiB (7467142 B)
Build phase finalization /home/adam/projects/canic/.canic/release-builds/a4c128728412f11837b79ce8562e3115451db387e17361b79b4f15d02cbb36ae/artifacts/wasm_store/wasm_store.wasm: shrink=0.58s candid=0.52s binaryen=0.00s gzip/validation=0.20s total=1.31s
ok
test fixture_provisioning::store::consumer::in_flight::actual_store_reply_remains_held_across_consumer_reinstall ...    Compiling canic-fleet-wasm-store v0.110.14 (/home/adam/projects/canic/canisters/test/canic_icydb_lifecycle_probe/.canic/generated/canic-fleet-wasm-store)
    Finished `fast` profile [optimized] target(s) in 2.65s
ok
test fixture_provisioning::store::consumer::in_flight::real_store_fetch_is_pending_when_consumer_reinstall_is_submitted ... ok
test fixture_provisioning::store::retained_store_recovers_upload_and_fences_revoked_target_reads ... ok
test fixture_provisioning::transport::transport_rechecks_import_authority_and_requires_durable_validation_receipt ... ok
test managed_canic_and_published_icydb_share_lifecycle_and_timer_custody ... [WASM]       RUN    canic_icydb_lifecycle_probe (1/1)
[WASM]       DONE   canic_icydb_lifecycle_probe                           6.39s
Canic/IcyDB timer inventory at prepared after install:
  LogicalTimerRow { owner: "canic", subsystem: "log_retention", name: "run", scheduling_mode: Once, registration: Unregistered, condition: Idle, enabled: true }
  LogicalTimerRow { owner: "icydb", subsystem: "startup", name: "recovery", scheduling_mode: Continuation, registration: Scheduled, condition: Active, enabled: true }
Canic/IcyDB timer inventory at active after install:
  LogicalTimerRow { owner: "canic", subsystem: "intent_cleanup", name: "run", scheduling_mode: Once, registration: Unregistered, condition: Idle, enabled: true }
  LogicalTimerRow { owner: "canic", subsystem: "log_retention", name: "run", scheduling_mode: Once, registration: Unregistered, condition: Idle, enabled: true }
  LogicalTimerRow { owner: "icydb", subsystem: "startup", name: "recovery", scheduling_mode: Continuation, registration: Scheduled, condition: Active, enabled: true }
Canic/IcyDB timer inventory at prepared before upgrade:
  LogicalTimerRow { owner: "canic", subsystem: "log_retention", name: "run", scheduling_mode: Once, registration: Unregistered, condition: Idle, enabled: true }
  LogicalTimerRow { owner: "icydb", subsystem: "startup", name: "recovery", scheduling_mode: Watchdog, registration: Unregistered, condition: Idle, enabled: true }
Canic/IcyDB timer inventory at prepared after upgrade:
  LogicalTimerRow { owner: "canic", subsystem: "log_retention", name: "run", scheduling_mode: Once, registration: Unregistered, condition: Idle, enabled: true }
  LogicalTimerRow { owner: "icydb", subsystem: "startup", name: "recovery", scheduling_mode: Watchdog, registration: Unregistered, condition: Idle, enabled: true }
Canic/IcyDB timer inventory at active before upgrade:
  LogicalTimerRow { owner: "canic", subsystem: "intent_cleanup", name: "run", scheduling_mode: Once, registration: Unregistered, condition: Idle, enabled: true }
  LogicalTimerRow { owner: "canic", subsystem: "log_retention", name: "run", scheduling_mode: Once, registration: Unregistered, condition: Idle, enabled: true }
  LogicalTimerRow { owner: "icydb", subsystem: "startup", name: "recovery", scheduling_mode: Continuation, registration: Scheduled, condition: Active, enabled: true }
Canic/IcyDB timer inventory at active after upgrade:
  LogicalTimerRow { owner: "canic", subsystem: "intent_cleanup", name: "run", scheduling_mode: Once, registration: Unregistered, condition: Idle, enabled: true }
  LogicalTimerRow { owner: "canic", subsystem: "log_retention", name: "run", scheduling_mode: Once, registration: Unregistered, condition: Idle, enabled: true }
  LogicalTimerRow { owner: "icydb", subsystem: "startup", name: "recovery", scheduling_mode: Watchdog, registration: Unregistered, condition: Idle, enabled: true }
ok

test result: ok. 7 passed; 0 failed; 0 ignored; 0 measured; 0 filtered out; finished in 78.07s

==> shared PocketIC resources after targeted canic-tests PocketIC integration proof: rss=574856 kB high_water=611112 kB threads=19
==> targeted canic-tests PocketIC integration proof done in 87s

==> workspace timing summary
kind             elapsed  result label
----             -------  ------ -----
pocketic-serial  87s      PASS   targeted canic-tests PocketIC integration proof
workspace runner wall time: 88s
WORKSPACE TESTS PASSED: all requested suites succeeded.
==> leaving Cargo build artifacts intact
==> clearing invocation-owned test scratch: test-runtime.eExaxj
