ICP_ENVIRONMENT=local bash scripts/ci/run-with-test-scratch.sh \
	bash scripts/ci/run-workspace-tests.sh targeted-pocketic "$CANIC_POCKETIC_CASE"
workspace test inventory guard passed (39 targets: 30 parallel, 9 serial PocketIC)
PocketIC version alignment passed (16.0.0)
==> using pinned PocketIC server binary: /home/adam/.cache/canic/pocket-ic-server-16.0.0/pocket-ic
==> prefetching locked dependency graph for offline metadata checks
==> native ICP CLI: /home/adam/.cargo/bin/icp (icp 1.4.0)
==> shared PocketIC server ready: http://127.0.0.1:34111/
==> targeted canic-tests PocketIC integration proof
   Compiling canic v0.110.14 (/home/adam/projects/canic/crates/canic)
   Compiling canic-control-plane v0.110.14 (/home/adam/projects/canic/crates/canic-control-plane)
   Compiling canic-host v0.110.14 (/home/adam/projects/canic/crates/canic-host)
   Compiling canic-testing-internal v0.110.14 (/home/adam/projects/canic/crates/canic-testing-internal)
   Compiling canic-tests v0.110.14 (/home/adam/projects/canic/crates/canic-tests)
    Finished `test` profile [optimized + debuginfo] target(s) in 41.94s
     Running tests/icydb_lifecycle_composition.rs (target/debug/deps/icydb_lifecycle_composition-646e14b47fe7056c)

running 4 tests
test fixture_provisioning::published_icydb_rows_and_checkpoint_share_a_synchronous_message_commit ... [WASM]       RUN    canic_icydb_lifecycle_probe (1/1)
[WASM]       DONE   canic_icydb_lifecycle_probe                           9.50s
CANIC-165 commit=19478784 validation=20681050 receipt_replay=13619497 instructions; 8 rows, 16-byte chunks
ok
test fixture_provisioning::store::retained_store_recovers_upload_and_fences_revoked_target_reads ... Build phase runtime Cargo/link bootstrap_store: 7.76s
[WASM]       SIZE   wasm_store/candidate.wasm  code=2.78 MiB (2915661 B)  headroom=7.22 MiB (7570099 B)
Build phase finalization /home/adam/projects/canic/.canic/release-builds/a4c128728412f11837b79ce8562e3115451db387e17361b79b4f15d02cbb36ae/artifacts/wasm_store/wasm_store.wasm: shrink=0.53s candid=0.49s binaryen=0.00s gzip/validation=0.20s total=1.23s
ok
test fixture_provisioning::transport::transport_rechecks_import_authority_and_requires_durable_validation_receipt ... ok
test managed_canic_and_published_icydb_share_lifecycle_and_timer_custody ... [WASM]       RUN    canic_icydb_lifecycle_probe (1/1)
[WASM]       DONE   canic_icydb_lifecycle_probe                           6.17s
Canic/IcyDB timer inventory at prepared after install:
  LogicalTimerRow { owner: "canic", subsystem: "log_retention", name: "run", scheduling_mode: Once, registration: Unregistered, condition: Idle, enabled: true }
  LogicalTimerRow { owner: "icydb", subsystem: "startup", name: "recovery", scheduling_mode: Continuation, registration: Scheduled, condition: Active, enabled: true }
Canic/IcyDB timer inventory at active after install:
  LogicalTimerRow { owner: "canic", subsystem: "intent_cleanup", name: "run", scheduling_mode: Once, registration: Unregistered, condition: Idle, enabled: true }
  LogicalTimerRow { owner: "canic", subsystem: "log_retention", name: "run", scheduling_mode: Once, registration: Unregistered, condition: Idle, enabled: true }
  LogicalTimerRow { owner: "icydb", subsystem: "startup", name: "recovery", scheduling_mode: Continuation, registration: Scheduled, condition: Active, enabled: true }
Canic/IcyDB timer inventory at prepared before upgrade:
  LogicalTimerRow { owner: "canic", subsystem: "log_retention", name: "run", scheduling_mode: Once, registration: Unregistered, condition: Idle, enabled: true }
  LogicalTimerRow { owner: "icydb", subsystem: "startup", name: "recovery", scheduling_mode: Watchdog, registration: Unregistered, condition: Idle, enabled: true }
Canic/IcyDB timer inventory at prepared after upgrade:
  LogicalTimerRow { owner: "canic", subsystem: "log_retention", name: "run", scheduling_mode: Once, registration: Unregistered, condition: Idle, enabled: true }
  LogicalTimerRow { owner: "icydb", subsystem: "startup", name: "recovery", scheduling_mode: Watchdog, registration: Unregistered, condition: Idle, enabled: true }
Canic/IcyDB timer inventory at active before upgrade:
  LogicalTimerRow { owner: "canic", subsystem: "intent_cleanup", name: "run", scheduling_mode: Once, registration: Unregistered, condition: Idle, enabled: true }
  LogicalTimerRow { owner: "canic", subsystem: "log_retention", name: "run", scheduling_mode: Once, registration: Unregistered, condition: Idle, enabled: true }
  LogicalTimerRow { owner: "icydb", subsystem: "startup", name: "recovery", scheduling_mode: Continuation, registration: Scheduled, condition: Active, enabled: true }
Canic/IcyDB timer inventory at active after upgrade:
  LogicalTimerRow { owner: "canic", subsystem: "intent_cleanup", name: "run", scheduling_mode: Once, registration: Unregistered, condition: Idle, enabled: true }
  LogicalTimerRow { owner: "canic", subsystem: "log_retention", name: "run", scheduling_mode: Once, registration: Unregistered, condition: Idle, enabled: true }
  LogicalTimerRow { owner: "icydb", subsystem: "startup", name: "recovery", scheduling_mode: Watchdog, registration: Unregistered, condition: Idle, enabled: true }
ok

test result: ok. 4 passed; 0 failed; 0 ignored; 0 measured; 0 filtered out; finished in 50.82s

==> shared PocketIC resources after targeted canic-tests PocketIC integration proof: rss=427960 kB high_water=463968 kB threads=19
==> targeted canic-tests PocketIC integration proof done in 93s

==> workspace timing summary
kind             elapsed  result label
----             -------  ------ -----
pocketic-serial  93s      PASS   targeted canic-tests PocketIC integration proof
workspace runner wall time: 94s
WORKSPACE TESTS PASSED: all requested suites succeeded.
==> leaving Cargo build artifacts intact
==> clearing invocation-owned test scratch: test-runtime.kx95lS
