   Compiling canister_toko_miner_user_hub v0.2.7 (/tmp/toko-feedback-fleet/apps/toko_miner/user_hub)
    Finished `test` profile [optimized + debuginfo] target(s) in 9.64s
     Running unittests src/lib.rs (/tmp/toko-feedback-native-target/debug/deps/canister_toko_miner_user_hub-b3b6a35658e8c997)

running 1 test
2026-09-09T20:23:32.938231Z  INFO pocket_ic_server: The PocketIC server is listening on port 42583
2021-05-06 19:17:10.000000015 UTC: [Canister xi2pc-dl777-77777-aaaaq-cai] [34mINFO [0m|    ...     | [Init] 🏁 init: game_hub
2021-05-06 19:17:10.000000015 UTC: [Canister xi2pc-dl777-77777-aaaaq-cai] [34mINFO [0m|    ...     | [Memory] 💾 memory.registry: bootstrapped
2021-05-06 19:17:10.000000025 UTC: [Canister xbze6-vd777-77777-aaaba-cai] [34mINFO [0m|    ...     | [Init] 🏁 init: translation
2021-05-06 19:17:10.000000025 UTC: [Canister xbze6-vd777-77777-aaaba-cai] [34mINFO [0m|    ...     | [Memory] 💾 memory.registry: bootstrapped
2021-05-06 19:17:10.000000034 UTC: [Canister xgyck-y3777-77777-aaabq-cai] [34mINFO [0m|    ...     | [Init] 🏁 init: user_hub
2021-05-06 19:17:10.000000034 UTC: [Canister xgyck-y3777-77777-aaabq-cai] [34mINFO [0m|    ...     | [Memory] 💾 memory.registry: bootstrapped
2021-05-06 19:17:10.000000036 UTC: [Canister xi2pc-dl777-77777-aaaaq-cai] [34mINFO [0m|  game_hub  | [Init] bootstrap (nonroot): init start
2021-05-06 19:17:10.000000037 UTC: [Canister xbze6-vd777-77777-aaaba-cai] [34mINFO [0m|translation | [Init] bootstrap (nonroot): init start
2021-05-06 19:17:10.000000037 UTC: [Canister xbze6-vd777-77777-aaaba-cai] [34mINFO [0m|translation | [Init] bootstrap (nonroot): init complete
2021-05-06 19:17:10.000000037 UTC: [Canister xbze6-vd777-77777-aaaba-cai] [34mINFO [0m|translation | [Init] canister marked READY
2021-05-06 19:17:10.000000038 UTC: [Canister xi2pc-dl777-77777-aaaaq-cai] [32m OK  [0m|  game_hub  | [Sharding] ✨ shard.create: xt7th-zt777-77777-aaaca-cai pool=games slot=0
2021-05-06 19:17:10.000000038 UTC: [Canister xi2pc-dl777-77777-aaaaq-cai] [32m OK  [0m|  game_hub  | [Sharding] ✨ shard.bootstrap: xt7th-zt777-77777-aaaca-cai pool=games slot=0
2021-05-06 19:17:10.000000040 UTC: [Canister xi2pc-dl777-77777-aaaaq-cai] [32m OK  [0m|  game_hub  | [Sharding] ✨ shard.create: xu6vt-ul777-77777-aaacq-cai pool=games slot=1
2021-05-06 19:17:10.000000040 UTC: [Canister xi2pc-dl777-77777-aaaaq-cai] [32m OK  [0m|  game_hub  | [Sharding] ✨ shard.bootstrap: xu6vt-ul777-77777-aaacq-cai pool=games slot=1
2021-05-06 19:17:10.000000042 UTC: [Canister xi2pc-dl777-77777-aaaaq-cai] [32m OK  [0m|  game_hub  | [Sharding] ✨ shard.create: x556p-cd777-77777-aaada-cai pool=games slot=2
2021-05-06 19:17:10.000000042 UTC: [Canister xi2pc-dl777-77777-aaaaq-cai] [32m OK  [0m|  game_hub  | [Sharding] ✨ shard.bootstrap: x556p-cd777-77777-aaada-cai pool=games slot=2
2021-05-06 19:17:10.000000042 UTC: [Canister xi2pc-dl777-77777-aaaaq-cai] [34mINFO [0m|  game_hub  | [Init] bootstrap (nonroot): init complete
2021-05-06 19:17:10.000000042 UTC: [Canister xi2pc-dl777-77777-aaaaq-cai] [34mINFO [0m|  game_hub  | [Init] canister marked READY
2021-05-06 19:17:10.000000047 UTC: [Canister xgyck-y3777-77777-aaabq-cai] [34mINFO [0m|  user_hub  | [Init] bootstrap (nonroot): init start
2021-05-06 19:17:10.000000049 UTC: [Canister xgyck-y3777-77777-aaabq-cai] [32m OK  [0m|  user_hub  | [Sharding] ✨ shard.create: x24y3-p3777-77777-aaadq-cai pool=users slot=0
2021-05-06 19:17:10.000000049 UTC: [Canister xgyck-y3777-77777-aaabq-cai] [32m OK  [0m|  user_hub  | [Sharding] ✨ shard.bootstrap: x24y3-p3777-77777-aaadq-cai pool=users slot=0
2021-05-06 19:17:10.000000051 UTC: [Canister xgyck-y3777-77777-aaabq-cai] [32m OK  [0m|  user_hub  | [Sharding] ✨ shard.create: wxs4v-at777-77777-aaaea-cai pool=users slot=1
2021-05-06 19:17:10.000000051 UTC: [Canister xgyck-y3777-77777-aaabq-cai] [32m OK  [0m|  user_hub  | [Sharding] ✨ shard.bootstrap: wxs4v-at777-77777-aaaea-cai pool=users slot=1
2021-05-06 19:17:10.000000053 UTC: [Canister xgyck-y3777-77777-aaabq-cai] [32m OK  [0m|  user_hub  | [Sharding] ✨ shard.create: wqt2b-nl777-77777-aaaeq-cai pool=users slot=2
2021-05-06 19:17:10.000000053 UTC: [Canister xgyck-y3777-77777-aaabq-cai] [32m OK  [0m|  user_hub  | [Sharding] ✨ shard.bootstrap: wqt2b-nl777-77777-aaaeq-cai pool=users slot=2
2021-05-06 19:17:10.000000053 UTC: [Canister xgyck-y3777-77777-aaabq-cai] [34mINFO [0m|  user_hub  | [Init] bootstrap (nonroot): init complete
2021-05-06 19:17:10.000000053 UTC: [Canister xgyck-y3777-77777-aaabq-cai] [34mINFO [0m|  user_hub  | [Init] canister marked READY
2021-05-06 19:17:10.000000057 UTC: [Canister xt7th-zt777-77777-aaaca-cai] [34mINFO [0m|    ...     | [Init] 🏁 init: game_shard
2021-05-06 19:17:10.000000057 UTC: [Canister xt7th-zt777-77777-aaaca-cai] [34mINFO [0m|    ...     | [Memory] 💾 memory.registry: bootstrapped
2021-05-06 19:17:10.000000071 UTC: [Canister xt7th-zt777-77777-aaaca-cai] [34mINFO [0m| game_shard | [Init] bootstrap (nonroot): init start
2021-05-06 19:17:10.000000071 UTC: [Canister xt7th-zt777-77777-aaaca-cai] [34mINFO [0m| game_shard | [Init] bootstrap (nonroot): init complete
2021-05-06 19:17:10.000000071 UTC: [Canister xt7th-zt777-77777-aaaca-cai] [34mINFO [0m| game_shard | [Init] canister marked READY
2021-05-06 19:17:10.000000082 UTC: [Canister xu6vt-ul777-77777-aaacq-cai] [34mINFO [0m|    ...     | [Init] 🏁 init: game_shard
2021-05-06 19:17:10.000000082 UTC: [Canister xu6vt-ul777-77777-aaacq-cai] [34mINFO [0m|    ...     | [Memory] 💾 memory.registry: bootstrapped
2021-05-06 19:17:10.000000084 UTC: [Canister xu6vt-ul777-77777-aaacq-cai] [34mINFO [0m| game_shard | [Init] bootstrap (nonroot): init start
2021-05-06 19:17:10.000000084 UTC: [Canister xu6vt-ul777-77777-aaacq-cai] [34mINFO [0m| game_shard | [Init] bootstrap (nonroot): init complete
2021-05-06 19:17:10.000000084 UTC: [Canister xu6vt-ul777-77777-aaacq-cai] [34mINFO [0m| game_shard | [Init] canister marked READY
2021-05-06 19:17:10.000000096 UTC: [Canister x556p-cd777-77777-aaada-cai] [34mINFO [0m|    ...     | [Init] 🏁 init: game_shard
2021-05-06 19:17:10.000000096 UTC: [Canister x556p-cd777-77777-aaada-cai] [34mINFO [0m|    ...     | [Memory] 💾 memory.registry: bootstrapped
2021-05-06 19:17:10.000000098 UTC: [Canister x556p-cd777-77777-aaada-cai] [34mINFO [0m| game_shard | [Init] bootstrap (nonroot): init start
2021-05-06 19:17:10.000000098 UTC: [Canister x556p-cd777-77777-aaada-cai] [34mINFO [0m| game_shard | [Init] bootstrap (nonroot): init complete
2021-05-06 19:17:10.000000098 UTC: [Canister x556p-cd777-77777-aaada-cai] [34mINFO [0m| game_shard | [Init] canister marked READY
2021-05-06 19:17:11.000000110 UTC: [Canister x24y3-p3777-77777-aaadq-cai] [34mINFO [0m|    ...     | [Init] 🏁 init: user_shard
2021-05-06 19:17:11.000000110 UTC: [Canister x24y3-p3777-77777-aaadq-cai] [34mINFO [0m|    ...     | [Memory] 💾 memory.registry: bootstrapped
2021-05-06 19:17:11.000000122 UTC: [Canister x24y3-p3777-77777-aaadq-cai] [34mINFO [0m| user_shard | [Init] bootstrap (nonroot): init start
2021-05-06 19:17:11.000000122 UTC: [Canister x24y3-p3777-77777-aaadq-cai] [34mINFO [0m| user_shard | [Init] bootstrap (nonroot): init complete
2021-05-06 19:17:11.000000122 UTC: [Canister x24y3-p3777-77777-aaadq-cai] [34mINFO [0m| user_shard | [Init] canister marked READY
2021-05-06 19:17:11.000000132 UTC: [Canister wxs4v-at777-77777-aaaea-cai] [34mINFO [0m|    ...     | [Init] 🏁 init: user_shard
2021-05-06 19:17:11.000000132 UTC: [Canister wxs4v-at777-77777-aaaea-cai] [34mINFO [0m|    ...     | [Memory] 💾 memory.registry: bootstrapped
2021-05-06 19:17:11.000000134 UTC: [Canister wxs4v-at777-77777-aaaea-cai] [34mINFO [0m| user_shard | [Init] bootstrap (nonroot): init start
2021-05-06 19:17:11.000000134 UTC: [Canister wxs4v-at777-77777-aaaea-cai] [34mINFO [0m| user_shard | [Init] bootstrap (nonroot): init complete
2021-05-06 19:17:11.000000134 UTC: [Canister wxs4v-at777-77777-aaaea-cai] [34mINFO [0m| user_shard | [Init] canister marked READY
2021-05-06 19:17:11.000000145 UTC: [Canister wqt2b-nl777-77777-aaaeq-cai] [34mINFO [0m|    ...     | [Init] 🏁 init: user_shard
2021-05-06 19:17:11.000000145 UTC: [Canister wqt2b-nl777-77777-aaaeq-cai] [34mINFO [0m|    ...     | [Memory] 💾 memory.registry: bootstrapped
2021-05-06 19:17:11.000000147 UTC: [Canister wqt2b-nl777-77777-aaaeq-cai] [34mINFO [0m| user_shard | [Init] bootstrap (nonroot): init start
2021-05-06 19:17:11.000000147 UTC: [Canister wqt2b-nl777-77777-aaaeq-cai] [34mINFO [0m| user_shard | [Init] bootstrap (nonroot): init complete
2021-05-06 19:17:11.000000147 UTC: [Canister wqt2b-nl777-77777-aaaeq-cai] [34mINFO [0m| user_shard | [Init] canister marked READY
Translation catalogue is ready before scheduled sampling
ceiling source: 64 total, 64 selected, longest path 64 bytes
2021-05-06 20:18:18.000000717 UTC: [Canister xi2pc-dl777-77777-aaaaq-cai] [33mWARN [0m|  game_hub  | [Auth] access denied code=E31 public_code=E31 kind=auth predicate=caller_is_controller context=Some("all")
Toko Miner complete public sampling maximum: 2570195 instructions; 0 application rows
sampler performance: TimerCallbackPerformanceStatus { instruction_samples_since_runtime_start: 12, instructions_latest: Some(2257290), instructions_maximum: Some(2570195), instructions_total_since_runtime_start: 28642976, memory_page_samples_since_runtime_start: 12, memory_pages_latest: Some(TimerMemoryPageSampleStatus { start: TimerMemoryPageExtentStatus { wasm_pages: 31, stable_pages: 3713 }, end: TimerMemoryPageExtentStatus { wasm_pages: 31, stable_pages: 3713 } }), maximum_wasm_memory_growth_pages: Some(8), maximum_stable_memory_growth_pages: Some(0) }
sampler checkpoint: MetricEntry { labels: ["perf", "checkpoint", "canic", "public_metrics_sample"], principal: None, value: CountAndU64 { count: 12, value_u64: 25621439 } }
family Operations: 19 rows
family Performance: 16 rows
metrics role game_hub: application Unavailable, 0 rows
2021-05-06 20:18:18.000000717 UTC: [Canister xbze6-vd777-77777-aaaba-cai] [33mWARN [0m|translation | [Auth] access denied code=E31 public_code=E31 kind=auth predicate=caller_is_controller context=Some("all")
Toko Miner complete public sampling maximum: 16283826 instructions; 0 application rows
sampler performance: TimerCallbackPerformanceStatus { instruction_samples_since_runtime_start: 12, instructions_latest: Some(16123353), instructions_maximum: Some(16283826), instructions_total_since_runtime_start: 191375621, memory_page_samples_since_runtime_start: 12, memory_pages_latest: Some(TimerMemoryPageSampleStatus { start: TimerMemoryPageExtentStatus { wasm_pages: 214, stable_pages: 14721 }, end: TimerMemoryPageExtentStatus { wasm_pages: 214, stable_pages: 14721 } }), maximum_wasm_memory_growth_pages: Some(0), maximum_stable_memory_growth_pages: Some(0) }
sampler checkpoint: MetricEntry { labels: ["perf", "checkpoint", "canic", "public_metrics_sample"], principal: None, value: CountAndU64 { count: 12, value_u64: 179990417 } }
family Operations: 16 rows
family Performance: 16 rows
metrics role translation: application Unavailable, 0 rows
2021-05-06 20:18:18.000000717 UTC: [Canister xgyck-y3777-77777-aaabq-cai] [33mWARN [0m|  user_hub  | [Auth] access denied code=E31 public_code=E31 kind=auth predicate=caller_is_controller context=Some("all")
Toko Miner complete public sampling maximum: 2875890 instructions; 0 application rows
sampler performance: TimerCallbackPerformanceStatus { instruction_samples_since_runtime_start: 12, instructions_latest: Some(2874539), instructions_maximum: Some(2875890), instructions_total_since_runtime_start: 32987120, memory_page_samples_since_runtime_start: 12, memory_pages_latest: Some(TimerMemoryPageSampleStatus { start: TimerMemoryPageExtentStatus { wasm_pages: 34, stable_pages: 11393 }, end: TimerMemoryPageExtentStatus { wasm_pages: 34, stable_pages: 11393 } }), maximum_wasm_memory_growth_pages: Some(8), maximum_stable_memory_growth_pages: Some(0) }
sampler checkpoint: MetricEntry { labels: ["perf", "checkpoint", "canic", "public_metrics_sample"], principal: None, value: CountAndU64 { count: 12, value_u64: 29645451 } }
family Operations: 19 rows
family Performance: 18 rows
metrics role user_hub: application Unavailable, 0 rows
2021-05-06 20:18:18.000000717 UTC: [Canister xt7th-zt777-77777-aaaca-cai] [33mWARN [0m| game_shard | [Auth] access denied code=E31 public_code=E31 kind=auth predicate=caller_is_controller context=Some("all")
Toko Miner complete public sampling maximum: 19304255 instructions; 194 application rows
sampler performance: TimerCallbackPerformanceStatus { instruction_samples_since_runtime_start: 12, instructions_latest: Some(18989368), instructions_maximum: Some(19304255), instructions_total_since_runtime_start: 228220492, memory_page_samples_since_runtime_start: 12, memory_pages_latest: Some(TimerMemoryPageSampleStatus { start: TimerMemoryPageExtentStatus { wasm_pages: 122, stable_pages: 11649 }, end: TimerMemoryPageExtentStatus { wasm_pages: 122, stable_pages: 11649 } }), maximum_wasm_memory_growth_pages: Some(42), maximum_stable_memory_growth_pages: Some(0) }
sampler checkpoint: MetricEntry { labels: ["perf", "checkpoint", "canic", "public_metrics_sample"], principal: None, value: CountAndU64 { count: 12, value_u64: 219801230 } }
family Operations: 16 rows
family Performance: 20 rows
metrics role game_shard: application Fresh, 194 rows
2021-05-06 20:18:18.000000717 UTC: [Canister xu6vt-ul777-77777-aaacq-cai] [33mWARN [0m| game_shard | [Auth] access denied code=E31 public_code=E31 kind=auth predicate=caller_is_controller context=Some("all")
Toko Miner complete public sampling maximum: 19719081 instructions; 194 application rows
sampler performance: TimerCallbackPerformanceStatus { instruction_samples_since_runtime_start: 12, instructions_latest: Some(19475937), instructions_maximum: Some(19719081), instructions_total_since_runtime_start: 233652190, memory_page_samples_since_runtime_start: 12, memory_pages_latest: Some(TimerMemoryPageSampleStatus { start: TimerMemoryPageExtentStatus { wasm_pages: 121, stable_pages: 11649 }, end: TimerMemoryPageExtentStatus { wasm_pages: 121, stable_pages: 11649 } }), maximum_wasm_memory_growth_pages: Some(42), maximum_stable_memory_growth_pages: Some(0) }
sampler checkpoint: MetricEntry { labels: ["perf", "checkpoint", "canic", "public_metrics_sample"], principal: None, value: CountAndU64 { count: 12, value_u64: 224672987 } }
family Operations: 16 rows
family Performance: 20 rows
metrics role game_shard: application Fresh, 194 rows
2021-05-06 20:18:18.000000717 UTC: [Canister x556p-cd777-77777-aaada-cai] [33mWARN [0m| game_shard | [Auth] access denied code=E31 public_code=E31 kind=auth predicate=caller_is_controller context=Some("all")
Toko Miner complete public sampling maximum: 19592435 instructions; 194 application rows
sampler performance: TimerCallbackPerformanceStatus { instruction_samples_since_runtime_start: 12, instructions_latest: Some(19427668), instructions_maximum: Some(19592435), instructions_total_since_runtime_start: 233002425, memory_page_samples_since_runtime_start: 12, memory_pages_latest: Some(TimerMemoryPageSampleStatus { start: TimerMemoryPageExtentStatus { wasm_pages: 121, stable_pages: 11649 }, end: TimerMemoryPageExtentStatus { wasm_pages: 121, stable_pages: 11649 } }), maximum_wasm_memory_growth_pages: Some(42), maximum_stable_memory_growth_pages: Some(0) }
sampler checkpoint: MetricEntry { labels: ["perf", "checkpoint", "canic", "public_metrics_sample"], principal: None, value: CountAndU64 { count: 12, value_u64: 222343258 } }
family Operations: 16 rows
family Performance: 20 rows
metrics role game_shard: application Fresh, 194 rows
2021-05-06 20:18:18.000000717 UTC: [Canister x24y3-p3777-77777-aaadq-cai] [33mWARN [0m| user_shard | [Auth] access denied code=E31 public_code=E31 kind=auth predicate=caller_is_controller context=Some("all")
Toko Miner complete public sampling maximum: 1989424 instructions; 0 application rows
sampler performance: TimerCallbackPerformanceStatus { instruction_samples_since_runtime_start: 12, instructions_latest: Some(1828153), instructions_maximum: Some(1989424), instructions_total_since_runtime_start: 22244159, memory_page_samples_since_runtime_start: 12, memory_pages_latest: Some(TimerMemoryPageSampleStatus { start: TimerMemoryPageExtentStatus { wasm_pages: 31, stable_pages: 11009 }, end: TimerMemoryPageExtentStatus { wasm_pages: 31, stable_pages: 11009 } }), maximum_wasm_memory_growth_pages: Some(5), maximum_stable_memory_growth_pages: Some(0) }
sampler checkpoint: MetricEntry { labels: ["perf", "checkpoint", "canic", "public_metrics_sample"], principal: None, value: CountAndU64 { count: 12, value_u64: 20298824 } }
family Operations: 16 rows
family Performance: 14 rows
metrics role user_shard: application Unavailable, 0 rows
2021-05-06 20:18:18.000000717 UTC: [Canister wxs4v-at777-77777-aaaea-cai] [33mWARN [0m| user_shard | [Auth] access denied code=E31 public_code=E31 kind=auth predicate=caller_is_controller context=Some("all")
Toko Miner complete public sampling maximum: 1992546 instructions; 0 application rows
sampler performance: TimerCallbackPerformanceStatus { instruction_samples_since_runtime_start: 12, instructions_latest: Some(1990276), instructions_maximum: Some(1992546), instructions_total_since_runtime_start: 23683221, memory_page_samples_since_runtime_start: 12, memory_pages_latest: Some(TimerMemoryPageSampleStatus { start: TimerMemoryPageExtentStatus { wasm_pages: 31, stable_pages: 11009 }, end: TimerMemoryPageExtentStatus { wasm_pages: 31, stable_pages: 11009 } }), maximum_wasm_memory_growth_pages: Some(5), maximum_stable_memory_growth_pages: Some(0) }
sampler checkpoint: MetricEntry { labels: ["perf", "checkpoint", "canic", "public_metrics_sample"], principal: None, value: CountAndU64 { count: 12, value_u64: 22137302 } }
family Operations: 16 rows
family Performance: 14 rows
metrics role user_shard: application Unavailable, 0 rows
2021-05-06 20:18:18.000000717 UTC: [Canister wqt2b-nl777-77777-aaaeq-cai] [33mWARN [0m| user_shard | [Auth] access denied code=E31 public_code=E31 kind=auth predicate=caller_is_controller context=Some("all")
Toko Miner complete public sampling maximum: 1989800 instructions; 0 application rows
sampler performance: TimerCallbackPerformanceStatus { instruction_samples_since_runtime_start: 12, instructions_latest: Some(1830723), instructions_maximum: Some(1989800), instructions_total_since_runtime_start: 21928919, memory_page_samples_since_runtime_start: 12, memory_pages_latest: Some(TimerMemoryPageSampleStatus { start: TimerMemoryPageExtentStatus { wasm_pages: 31, stable_pages: 11009 }, end: TimerMemoryPageExtentStatus { wasm_pages: 31, stable_pages: 11009 } }), maximum_wasm_memory_growth_pages: Some(5), maximum_stable_memory_growth_pages: Some(0) }
sampler checkpoint: MetricEntry { labels: ["perf", "checkpoint", "canic", "public_metrics_sample"], principal: None, value: CountAndU64 { count: 12, value_u64: 19663602 } }
family Operations: 16 rows
family Performance: 14 rows
metrics role user_shard: application Unavailable, 0 rows
2021-05-06 20:23:19.000000765 UTC: [Canister xt7th-zt777-77777-aaaca-cai] [33mWARN [0m| game_shard | [Auth] access denied code=E31 public_code=E31 kind=auth predicate=caller_is_controller context=Some("all")
Recovery source: Ok((64, ["User", "Robot", "PlanetCreature", "PlanetHazard", "Hazard", "NftToken", "Item", "Creature", "Minion", "CelestialObject", "MinionModule", "Rocket", "CatalogRecipe", "Resource", "NftCollection", "UserPrincipal", "Location", "Machine", "MinionModuleUnlock", "StarSystem", "MinionType", "RobotAppearanceOption", "QualificationXXXXXXXXXXXXXXXXXXXXXXXXXXXXXXXXXXXXXXXXXXXXXXXXX00", "QualificationXXXXXXXXXXXXXXXXXXXXXXXXXXXXXXXXXXXXXXXXXXXXXXXXX01", "QualificationXXXXXXXXXXXXXXXXXXXXXXXXXXXXXXXXXXXXXXXXXXXXXXXXX26", "QualificationXXXXXXXXXXXXXXXXXXXXXXXXXXXXXXXXXXXXXXXXXXXXXXXXX39", "QualificationXXXXXXXXXXXXXXXXXXXXXXXXXXXXXXXXXXXXXXXXXXXXXXXXX07", "QualificationXXXXXXXXXXXXXXXXXXXXXXXXXXXXXXXXXXXXXXXXXXXXXXXXX33", "QualificationXXXXXXXXXXXXXXXXXXXXXXXXXXXXXXXXXXXXXXXXXXXXXXXXX13", "QualificationXXXXXXXXXXXXXXXXXXXXXXXXXXXXXXXXXXXXXXXXXXXXXXXXX08", "QualificationXXXXXXXXXXXXXXXXXXXXXXXXXXXXXXXXXXXXXXXXXXXXXXXXX25", "QualificationXXXXXXXXXXXXXXXXXXXXXXXXXXXXXXXXXXXXXXXXXXXXXXXXX09", "QualificationXXXXXXXXXXXXXXXXXXXXXXXXXXXXXXXXXXXXXXXXXXXXXXXXX37", "QualificationXXXXXXXXXXXXXXXXXXXXXXXXXXXXXXXXXXXXXXXXXXXXXXXXX11", "QualificationXXXXXXXXXXXXXXXXXXXXXXXXXXXXXXXXXXXXXXXXXXXXXXXXX05", "QualificationXXXXXXXXXXXXXXXXXXXXXXXXXXXXXXXXXXXXXXXXXXXXXXXXX41", "QualificationXXXXXXXXXXXXXXXXXXXXXXXXXXXXXXXXXXXXXXXXXXXXXXXXX03", "QualificationXXXXXXXXXXXXXXXXXXXXXXXXXXXXXXXXXXXXXXXXXXXXXXXXX21", "QualificationXXXXXXXXXXXXXXXXXXXXXXXXXXXXXXXXXXXXXXXXXXXXXXXXX23", "QualificationXXXXXXXXXXXXXXXXXXXXXXXXXXXXXXXXXXXXXXXXXXXXXXXXX38", "QualificationXXXXXXXXXXXXXXXXXXXXXXXXXXXXXXXXXXXXXXXXXXXXXXXXX15", "QualificationXXXXXXXXXXXXXXXXXXXXXXXXXXXXXXXXXXXXXXXXXXXXXXXXX36", "QualificationXXXXXXXXXXXXXXXXXXXXXXXXXXXXXXXXXXXXXXXXXXXXXXXXX14", "QualificationXXXXXXXXXXXXXXXXXXXXXXXXXXXXXXXXXXXXXXXXXXXXXXXXX06", "QualificationXXXXXXXXXXXXXXXXXXXXXXXXXXXXXXXXXXXXXXXXXXXXXXXXX27", "QualificationXXXXXXXXXXXXXXXXXXXXXXXXXXXXXXXXXXXXXXXXXXXXXXXXX16", "QualificationXXXXXXXXXXXXXXXXXXXXXXXXXXXXXXXXXXXXXXXXXXXXXXXXX20", "QualificationXXXXXXXXXXXXXXXXXXXXXXXXXXXXXXXXXXXXXXXXXXXXXXXXX31", "QualificationXXXXXXXXXXXXXXXXXXXXXXXXXXXXXXXXXXXXXXXXXXXXXXXXX40", "QualificationXXXXXXXXXXXXXXXXXXXXXXXXXXXXXXXXXXXXXXXXXXXXXXXXX18", "QualificationXXXXXXXXXXXXXXXXXXXXXXXXXXXXXXXXXXXXXXXXXXXXXXXXX29", "QualificationXXXXXXXXXXXXXXXXXXXXXXXXXXXXXXXXXXXXXXXXXXXXXXXXX10", "QualificationXXXXXXXXXXXXXXXXXXXXXXXXXXXXXXXXXXXXXXXXXXXXXXXXX35", "QualificationXXXXXXXXXXXXXXXXXXXXXXXXXXXXXXXXXXXXXXXXXXXXXXXXX17", "QualificationXXXXXXXXXXXXXXXXXXXXXXXXXXXXXXXXXXXXXXXXXXXXXXXXX02", "QualificationXXXXXXXXXXXXXXXXXXXXXXXXXXXXXXXXXXXXXXXXXXXXXXXXX04", "QualificationXXXXXXXXXXXXXXXXXXXXXXXXXXXXXXXXXXXXXXXXXXXXXXXXX12", "QualificationXXXXXXXXXXXXXXXXXXXXXXXXXXXXXXXXXXXXXXXXXXXXXXXXX24", "QualificationXXXXXXXXXXXXXXXXXXXXXXXXXXXXXXXXXXXXXXXXXXXXXXXXX30", "QualificationXXXXXXXXXXXXXXXXXXXXXXXXXXXXXXXXXXXXXXXXXXXXXXXXX28", "QualificationXXXXXXXXXXXXXXXXXXXXXXXXXXXXXXXXXXXXXXXXXXXXXXXXX19", "QualificationXXXXXXXXXXXXXXXXXXXXXXXXXXXXXXXXXXXXXXXXXXXXXXXXX22", "QualificationXXXXXXXXXXXXXXXXXXXXXXXXXXXXXXXXXXXXXXXXXXXXXXXXX32", "QualificationXXXXXXXXXXXXXXXXXXXXXXXXXXXXXXXXXXXXXXXXXXXXXXXXX34"])); snapshot Fresh, before Some(1620332298000000000), after Some(1620332900000000000)
Toko Miner complete public sampling maximum: 19304255 instructions; 194 application rows
sampler performance: TimerCallbackPerformanceStatus { instruction_samples_since_runtime_start: 14, instructions_latest: Some(19008631), instructions_maximum: Some(19304255), instructions_total_since_runtime_start: 253927273, memory_page_samples_since_runtime_start: 14, memory_pages_latest: Some(TimerMemoryPageSampleStatus { start: TimerMemoryPageExtentStatus { wasm_pages: 122, stable_pages: 11649 }, end: TimerMemoryPageExtentStatus { wasm_pages: 122, stable_pages: 11649 } }), maximum_wasm_memory_growth_pages: Some(42), maximum_stable_memory_growth_pages: Some(0) }
sampler checkpoint: MetricEntry { labels: ["perf", "checkpoint", "canic", "public_metrics_sample"], principal: None, value: CountAndU64 { count: 14, value_u64: 243931376 } }
family Operations: 16 rows
family Performance: 20 rows
PASS failure isolation and recovery: xt7th-zt777-77777-aaaca-cai; real source 64 -> 65 -> 64
2021-05-06 20:33:21.000000861 UTC: [Canister xu6vt-ul777-77777-aaacq-cai] [33mWARN [0m| game_shard | [Auth] access denied code=E31 public_code=E31 kind=auth predicate=caller_is_controller context=Some("all")
Recovery source: Ok((64, ["User", "Robot", "PlanetCreature", "PlanetHazard", "Hazard", "NftToken", "Creature", "Item", "Minion", "CelestialObject", "MinionModule", "Rocket", "CatalogRecipe", "Location", "Resource", "NftCollection", "MinionModuleUnlock", "UserPrincipal", "Machine", "StarSystem", "MinionType", "RobotAppearanceOption", "QualificationXXXXXXXXXXXXXXXXXXXXXXXXXXXXXXXXXXXXXXXXXXXXXXXXX00", "QualificationXXXXXXXXXXXXXXXXXXXXXXXXXXXXXXXXXXXXXXXXXXXXXXXXX01", "QualificationXXXXXXXXXXXXXXXXXXXXXXXXXXXXXXXXXXXXXXXXXXXXXXXXX32", "QualificationXXXXXXXXXXXXXXXXXXXXXXXXXXXXXXXXXXXXXXXXXXXXXXXXX23", "QualificationXXXXXXXXXXXXXXXXXXXXXXXXXXXXXXXXXXXXXXXXXXXXXXXXX02", "QualificationXXXXXXXXXXXXXXXXXXXXXXXXXXXXXXXXXXXXXXXXXXXXXXXXX25", "QualificationXXXXXXXXXXXXXXXXXXXXXXXXXXXXXXXXXXXXXXXXXXXXXXXXX03", "QualificationXXXXXXXXXXXXXXXXXXXXXXXXXXXXXXXXXXXXXXXXXXXXXXXXX18", "QualificationXXXXXXXXXXXXXXXXXXXXXXXXXXXXXXXXXXXXXXXXXXXXXXXXX04", "QualificationXXXXXXXXXXXXXXXXXXXXXXXXXXXXXXXXXXXXXXXXXXXXXXXXX29", "QualificationXXXXXXXXXXXXXXXXXXXXXXXXXXXXXXXXXXXXXXXXXXXXXXXXX24", "QualificationXXXXXXXXXXXXXXXXXXXXXXXXXXXXXXXXXXXXXXXXXXXXXXXXX40", "QualificationXXXXXXXXXXXXXXXXXXXXXXXXXXXXXXXXXXXXXXXXXXXXXXXXX15", "QualificationXXXXXXXXXXXXXXXXXXXXXXXXXXXXXXXXXXXXXXXXXXXXXXXXX13", "QualificationXXXXXXXXXXXXXXXXXXXXXXXXXXXXXXXXXXXXXXXXXXXXXXXXX26", "QualificationXXXXXXXXXXXXXXXXXXXXXXXXXXXXXXXXXXXXXXXXXXXXXXXXX14", "QualificationXXXXXXXXXXXXXXXXXXXXXXXXXXXXXXXXXXXXXXXXXXXXXXXXX05", "QualificationXXXXXXXXXXXXXXXXXXXXXXXXXXXXXXXXXXXXXXXXXXXXXXXXX10", "QualificationXXXXXXXXXXXXXXXXXXXXXXXXXXXXXXXXXXXXXXXXXXXXXXXXX16", "QualificationXXXXXXXXXXXXXXXXXXXXXXXXXXXXXXXXXXXXXXXXXXXXXXXXX22", "QualificationXXXXXXXXXXXXXXXXXXXXXXXXXXXXXXXXXXXXXXXXXXXXXXXXX41", "QualificationXXXXXXXXXXXXXXXXXXXXXXXXXXXXXXXXXXXXXXXXXXXXXXXXX33", "QualificationXXXXXXXXXXXXXXXXXXXXXXXXXXXXXXXXXXXXXXXXXXXXXXXXX07", "QualificationXXXXXXXXXXXXXXXXXXXXXXXXXXXXXXXXXXXXXXXXXXXXXXXXX21", "QualificationXXXXXXXXXXXXXXXXXXXXXXXXXXXXXXXXXXXXXXXXXXXXXXXXX37", "QualificationXXXXXXXXXXXXXXXXXXXXXXXXXXXXXXXXXXXXXXXXXXXXXXXXX06", "QualificationXXXXXXXXXXXXXXXXXXXXXXXXXXXXXXXXXXXXXXXXXXXXXXXXX30", "QualificationXXXXXXXXXXXXXXXXXXXXXXXXXXXXXXXXXXXXXXXXXXXXXXXXX11", "QualificationXXXXXXXXXXXXXXXXXXXXXXXXXXXXXXXXXXXXXXXXXXXXXXXXX12", "QualificationXXXXXXXXXXXXXXXXXXXXXXXXXXXXXXXXXXXXXXXXXXXXXXXXX27", "QualificationXXXXXXXXXXXXXXXXXXXXXXXXXXXXXXXXXXXXXXXXXXXXXXXXX09", "QualificationXXXXXXXXXXXXXXXXXXXXXXXXXXXXXXXXXXXXXXXXXXXXXXXXX28", "QualificationXXXXXXXXXXXXXXXXXXXXXXXXXXXXXXXXXXXXXXXXXXXXXXXXX35", "QualificationXXXXXXXXXXXXXXXXXXXXXXXXXXXXXXXXXXXXXXXXXXXXXXXXX19", "QualificationXXXXXXXXXXXXXXXXXXXXXXXXXXXXXXXXXXXXXXXXXXXXXXXXX34", "QualificationXXXXXXXXXXXXXXXXXXXXXXXXXXXXXXXXXXXXXXXXXXXXXXXXX36", "QualificationXXXXXXXXXXXXXXXXXXXXXXXXXXXXXXXXXXXXXXXXXXXXXXXXX08", "QualificationXXXXXXXXXXXXXXXXXXXXXXXXXXXXXXXXXXXXXXXXXXXXXXXXX31", "QualificationXXXXXXXXXXXXXXXXXXXXXXXXXXXXXXXXXXXXXXXXXXXXXXXXX20", "QualificationXXXXXXXXXXXXXXXXXXXXXXXXXXXXXXXXXXXXXXXXXXXXXXXXX39", "QualificationXXXXXXXXXXXXXXXXXXXXXXXXXXXXXXXXXXXXXXXXXXXXXXXXX38", "QualificationXXXXXXXXXXXXXXXXXXXXXXXXXXXXXXXXXXXXXXXXXXXXXXXXX17"])); snapshot Fresh, before Some(1620332900000000000), after Some(1620333502000000000)
Toko Miner complete public sampling maximum: 19719081 instructions; 194 application rows
sampler performance: TimerCallbackPerformanceStatus { instruction_samples_since_runtime_start: 16, instructions_latest: Some(19420946), instructions_maximum: Some(19719081), instructions_total_since_runtime_start: 298810289, memory_page_samples_since_runtime_start: 16, memory_pages_latest: Some(TimerMemoryPageSampleStatus { start: TimerMemoryPageExtentStatus { wasm_pages: 121, stable_pages: 11649 }, end: TimerMemoryPageExtentStatus { wasm_pages: 121, stable_pages: 11649 } }), maximum_wasm_memory_growth_pages: Some(42), maximum_stable_memory_growth_pages: Some(0) }
sampler checkpoint: MetricEntry { labels: ["perf", "checkpoint", "canic", "public_metrics_sample"], principal: None, value: CountAndU64 { count: 16, value_u64: 286757657 } }
family Operations: 16 rows
family Performance: 20 rows
PASS failure isolation and recovery: xu6vt-ul777-77777-aaacq-cai; real source 64 -> 65 -> 64
2021-05-06 20:43:23.000000957 UTC: [Canister x556p-cd777-77777-aaada-cai] [33mWARN [0m| game_shard | [Auth] access denied code=E31 public_code=E31 kind=auth predicate=caller_is_controller context=Some("all")
Recovery source: Ok((64, ["User", "Robot", "PlanetCreature", "PlanetHazard", "Hazard", "NftToken", "Item", "Creature", "Minion", "CelestialObject", "CatalogRecipe", "MinionModule", "Rocket", "Resource", "NftCollection", "UserPrincipal", "Location", "Machine", "MinionModuleUnlock", "StarSystem", "MinionType", "RobotAppearanceOption", "QualificationXXXXXXXXXXXXXXXXXXXXXXXXXXXXXXXXXXXXXXXXXXXXXXXXX00", "QualificationXXXXXXXXXXXXXXXXXXXXXXXXXXXXXXXXXXXXXXXXXXXXXXXXX01", "QualificationXXXXXXXXXXXXXXXXXXXXXXXXXXXXXXXXXXXXXXXXXXXXXXXXX38", "QualificationXXXXXXXXXXXXXXXXXXXXXXXXXXXXXXXXXXXXXXXXXXXXXXXXX24", "QualificationXXXXXXXXXXXXXXXXXXXXXXXXXXXXXXXXXXXXXXXXXXXXXXXXX04", "QualificationXXXXXXXXXXXXXXXXXXXXXXXXXXXXXXXXXXXXXXXXXXXXXXXXX10", "QualificationXXXXXXXXXXXXXXXXXXXXXXXXXXXXXXXXXXXXXXXXXXXXXXXXX03", "QualificationXXXXXXXXXXXXXXXXXXXXXXXXXXXXXXXXXXXXXXXXXXXXXXXXX19", "QualificationXXXXXXXXXXXXXXXXXXXXXXXXXXXXXXXXXXXXXXXXXXXXXXXXX28", "QualificationXXXXXXXXXXXXXXXXXXXXXXXXXXXXXXXXXXXXXXXXXXXXXXXXX02", "QualificationXXXXXXXXXXXXXXXXXXXXXXXXXXXXXXXXXXXXXXXXXXXXXXXXX13", "QualificationXXXXXXXXXXXXXXXXXXXXXXXXXXXXXXXXXXXXXXXXXXXXXXXXX29", "QualificationXXXXXXXXXXXXXXXXXXXXXXXXXXXXXXXXXXXXXXXXXXXXXXXXX08", "QualificationXXXXXXXXXXXXXXXXXXXXXXXXXXXXXXXXXXXXXXXXXXXXXXXXX30", "QualificationXXXXXXXXXXXXXXXXXXXXXXXXXXXXXXXXXXXXXXXXXXXXXXXXX06", "QualificationXXXXXXXXXXXXXXXXXXXXXXXXXXXXXXXXXXXXXXXXXXXXXXXXX27", "QualificationXXXXXXXXXXXXXXXXXXXXXXXXXXXXXXXXXXXXXXXXXXXXXXXXX12", "QualificationXXXXXXXXXXXXXXXXXXXXXXXXXXXXXXXXXXXXXXXXXXXXXXXXX39", "QualificationXXXXXXXXXXXXXXXXXXXXXXXXXXXXXXXXXXXXXXXXXXXXXXXXX07", "QualificationXXXXXXXXXXXXXXXXXXXXXXXXXXXXXXXXXXXXXXXXXXXXXXXXX34", "QualificationXXXXXXXXXXXXXXXXXXXXXXXXXXXXXXXXXXXXXXXXXXXXXXXXX23", "QualificationXXXXXXXXXXXXXXXXXXXXXXXXXXXXXXXXXXXXXXXXXXXXXXXXX37", "QualificationXXXXXXXXXXXXXXXXXXXXXXXXXXXXXXXXXXXXXXXXXXXXXXXXX41", "QualificationXXXXXXXXXXXXXXXXXXXXXXXXXXXXXXXXXXXXXXXXXXXXXXXXX16", "QualificationXXXXXXXXXXXXXXXXXXXXXXXXXXXXXXXXXXXXXXXXXXXXXXXXX25", "QualificationXXXXXXXXXXXXXXXXXXXXXXXXXXXXXXXXXXXXXXXXXXXXXXXXX35", "QualificationXXXXXXXXXXXXXXXXXXXXXXXXXXXXXXXXXXXXXXXXXXXXXXXXX31", "QualificationXXXXXXXXXXXXXXXXXXXXXXXXXXXXXXXXXXXXXXXXXXXXXXXXX14", "QualificationXXXXXXXXXXXXXXXXXXXXXXXXXXXXXXXXXXXXXXXXXXXXXXXXX21", "QualificationXXXXXXXXXXXXXXXXXXXXXXXXXXXXXXXXXXXXXXXXXXXXXXXXX36", "QualificationXXXXXXXXXXXXXXXXXXXXXXXXXXXXXXXXXXXXXXXXXXXXXXXXX05", "QualificationXXXXXXXXXXXXXXXXXXXXXXXXXXXXXXXXXXXXXXXXXXXXXXXXX40", "QualificationXXXXXXXXXXXXXXXXXXXXXXXXXXXXXXXXXXXXXXXXXXXXXXXXX26", "QualificationXXXXXXXXXXXXXXXXXXXXXXXXXXXXXXXXXXXXXXXXXXXXXXXXX09", "QualificationXXXXXXXXXXXXXXXXXXXXXXXXXXXXXXXXXXXXXXXXXXXXXXXXX18", "QualificationXXXXXXXXXXXXXXXXXXXXXXXXXXXXXXXXXXXXXXXXXXXXXXXXX11", "QualificationXXXXXXXXXXXXXXXXXXXXXXXXXXXXXXXXXXXXXXXXXXXXXXXXX33", "QualificationXXXXXXXXXXXXXXXXXXXXXXXXXXXXXXXXXXXXXXXXXXXXXXXXX15", "QualificationXXXXXXXXXXXXXXXXXXXXXXXXXXXXXXXXXXXXXXXXXXXXXXXXX32", "QualificationXXXXXXXXXXXXXXXXXXXXXXXXXXXXXXXXXXXXXXXXXXXXXXXXX20", "QualificationXXXXXXXXXXXXXXXXXXXXXXXXXXXXXXXXXXXXXXXXXXXXXXXXX17", "QualificationXXXXXXXXXXXXXXXXXXXXXXXXXXXXXXXXXXXXXXXXXXXXXXXXX22"])); snapshot Fresh, before Some(1620333502000000000), after Some(1620334104000000000)
Toko Miner complete public sampling maximum: 19592435 instructions; 194 application rows
sampler performance: TimerCallbackPerformanceStatus { instruction_samples_since_runtime_start: 18, instructions_latest: Some(19227744), instructions_maximum: Some(19592435), instructions_total_since_runtime_start: 336713339, memory_page_samples_since_runtime_start: 18, memory_pages_latest: Some(TimerMemoryPageSampleStatus { start: TimerMemoryPageExtentStatus { wasm_pages: 121, stable_pages: 11649 }, end: TimerMemoryPageExtentStatus { wasm_pages: 121, stable_pages: 11649 } }), maximum_wasm_memory_growth_pages: Some(42), maximum_stable_memory_growth_pages: Some(0) }
sampler checkpoint: MetricEntry { labels: ["perf", "checkpoint", "canic", "public_metrics_sample"], principal: None, value: CountAndU64 { count: 18, value_u64: 321884215 } }
family Operations: 16 rows
family Performance: 20 rows
PASS failure isolation and recovery: x556p-cd777-77777-aaada-cai; real source 64 -> 65 -> 64
test qualification::metrics::managed_public_metrics_qualifies_failure_isolation ... ok

test result: ok. 1 passed; 0 failed; 0 ignored; 0 measured; 2 filtered out; finished in 28.11s

