   Compiling canister_toko_miner_user_hub v0.2.7 (/tmp/toko-feedback-fleet/apps/toko_miner/user_hub)
    Finished `test` profile [optimized + debuginfo] target(s) in 13.01s
     Running unittests src/lib.rs (/tmp/toko-feedback-native-target/debug/deps/canister_toko_miner_user_hub-b3b6a35658e8c997)

running 1 test
2026-09-09T20:25:02.961256Z  INFO pocket_ic_server: The PocketIC server is listening on port 45865
2021-05-06 19:17:10.000000015 UTC: [Canister xi2pc-dl777-77777-aaaaq-cai] [34mINFO [0m|    ...     | [Init] 🏁 init: game_hub
2021-05-06 19:17:10.000000015 UTC: [Canister xi2pc-dl777-77777-aaaaq-cai] [34mINFO [0m|    ...     | [Memory] 💾 memory.registry: bootstrapped
2021-05-06 19:17:10.000000025 UTC: [Canister xbze6-vd777-77777-aaaba-cai] [34mINFO [0m|    ...     | [Init] 🏁 init: translation
2021-05-06 19:17:10.000000025 UTC: [Canister xbze6-vd777-77777-aaaba-cai] [34mINFO [0m|    ...     | [Memory] 💾 memory.registry: bootstrapped
2021-05-06 19:17:10.000000034 UTC: [Canister xgyck-y3777-77777-aaabq-cai] [34mINFO [0m|    ...     | [Init] 🏁 init: user_hub
2021-05-06 19:17:10.000000034 UTC: [Canister xgyck-y3777-77777-aaabq-cai] [34mINFO [0m|    ...     | [Memory] 💾 memory.registry: bootstrapped
2021-05-06 19:17:10.000000036 UTC: [Canister xi2pc-dl777-77777-aaaaq-cai] [34mINFO [0m|  game_hub  | [Init] bootstrap (nonroot): init start
2021-05-06 19:17:10.000000037 UTC: [Canister xbze6-vd777-77777-aaaba-cai] [34mINFO [0m|translation | [Init] bootstrap (nonroot): init start
2021-05-06 19:17:10.000000037 UTC: [Canister xbze6-vd777-77777-aaaba-cai] [34mINFO [0m|translation | [Init] bootstrap (nonroot): init complete
2021-05-06 19:17:10.000000037 UTC: [Canister xbze6-vd777-77777-aaaba-cai] [34mINFO [0m|translation | [Init] canister marked READY
2021-05-06 19:17:10.000000038 UTC: [Canister xi2pc-dl777-77777-aaaaq-cai] [32m OK  [0m|  game_hub  | [Sharding] ✨ shard.create: xt7th-zt777-77777-aaaca-cai pool=games slot=0
2021-05-06 19:17:10.000000038 UTC: [Canister xi2pc-dl777-77777-aaaaq-cai] [32m OK  [0m|  game_hub  | [Sharding] ✨ shard.bootstrap: xt7th-zt777-77777-aaaca-cai pool=games slot=0
2021-05-06 19:17:10.000000040 UTC: [Canister xi2pc-dl777-77777-aaaaq-cai] [32m OK  [0m|  game_hub  | [Sharding] ✨ shard.create: xu6vt-ul777-77777-aaacq-cai pool=games slot=1
2021-05-06 19:17:10.000000040 UTC: [Canister xi2pc-dl777-77777-aaaaq-cai] [32m OK  [0m|  game_hub  | [Sharding] ✨ shard.bootstrap: xu6vt-ul777-77777-aaacq-cai pool=games slot=1
2021-05-06 19:17:10.000000042 UTC: [Canister xi2pc-dl777-77777-aaaaq-cai] [32m OK  [0m|  game_hub  | [Sharding] ✨ shard.create: x556p-cd777-77777-aaada-cai pool=games slot=2
2021-05-06 19:17:10.000000042 UTC: [Canister xi2pc-dl777-77777-aaaaq-cai] [32m OK  [0m|  game_hub  | [Sharding] ✨ shard.bootstrap: x556p-cd777-77777-aaada-cai pool=games slot=2
2021-05-06 19:17:10.000000042 UTC: [Canister xi2pc-dl777-77777-aaaaq-cai] [34mINFO [0m|  game_hub  | [Init] bootstrap (nonroot): init complete
2021-05-06 19:17:10.000000042 UTC: [Canister xi2pc-dl777-77777-aaaaq-cai] [34mINFO [0m|  game_hub  | [Init] canister marked READY
2021-05-06 19:17:10.000000047 UTC: [Canister xgyck-y3777-77777-aaabq-cai] [34mINFO [0m|  user_hub  | [Init] bootstrap (nonroot): init start
2021-05-06 19:17:10.000000049 UTC: [Canister xgyck-y3777-77777-aaabq-cai] [32m OK  [0m|  user_hub  | [Sharding] ✨ shard.create: x24y3-p3777-77777-aaadq-cai pool=users slot=0
2021-05-06 19:17:10.000000049 UTC: [Canister xgyck-y3777-77777-aaabq-cai] [32m OK  [0m|  user_hub  | [Sharding] ✨ shard.bootstrap: x24y3-p3777-77777-aaadq-cai pool=users slot=0
2021-05-06 19:17:10.000000051 UTC: [Canister xgyck-y3777-77777-aaabq-cai] [32m OK  [0m|  user_hub  | [Sharding] ✨ shard.create: wxs4v-at777-77777-aaaea-cai pool=users slot=1
2021-05-06 19:17:10.000000051 UTC: [Canister xgyck-y3777-77777-aaabq-cai] [32m OK  [0m|  user_hub  | [Sharding] ✨ shard.bootstrap: wxs4v-at777-77777-aaaea-cai pool=users slot=1
2021-05-06 19:17:10.000000053 UTC: [Canister xgyck-y3777-77777-aaabq-cai] [32m OK  [0m|  user_hub  | [Sharding] ✨ shard.create: wqt2b-nl777-77777-aaaeq-cai pool=users slot=2
2021-05-06 19:17:10.000000053 UTC: [Canister xgyck-y3777-77777-aaabq-cai] [32m OK  [0m|  user_hub  | [Sharding] ✨ shard.bootstrap: wqt2b-nl777-77777-aaaeq-cai pool=users slot=2
2021-05-06 19:17:10.000000053 UTC: [Canister xgyck-y3777-77777-aaabq-cai] [34mINFO [0m|  user_hub  | [Init] bootstrap (nonroot): init complete
2021-05-06 19:17:10.000000053 UTC: [Canister xgyck-y3777-77777-aaabq-cai] [34mINFO [0m|  user_hub  | [Init] canister marked READY
2021-05-06 19:17:10.000000057 UTC: [Canister xt7th-zt777-77777-aaaca-cai] [34mINFO [0m|    ...     | [Init] 🏁 init: game_shard
2021-05-06 19:17:10.000000057 UTC: [Canister xt7th-zt777-77777-aaaca-cai] [34mINFO [0m|    ...     | [Memory] 💾 memory.registry: bootstrapped
2021-05-06 19:17:10.000000071 UTC: [Canister xt7th-zt777-77777-aaaca-cai] [34mINFO [0m| game_shard | [Init] bootstrap (nonroot): init start
2021-05-06 19:17:10.000000071 UTC: [Canister xt7th-zt777-77777-aaaca-cai] [34mINFO [0m| game_shard | [Init] bootstrap (nonroot): init complete
2021-05-06 19:17:10.000000071 UTC: [Canister xt7th-zt777-77777-aaaca-cai] [34mINFO [0m| game_shard | [Init] canister marked READY
2021-05-06 19:17:10.000000082 UTC: [Canister xu6vt-ul777-77777-aaacq-cai] [34mINFO [0m|    ...     | [Init] 🏁 init: game_shard
2021-05-06 19:17:10.000000082 UTC: [Canister xu6vt-ul777-77777-aaacq-cai] [34mINFO [0m|    ...     | [Memory] 💾 memory.registry: bootstrapped
2021-05-06 19:17:10.000000084 UTC: [Canister xu6vt-ul777-77777-aaacq-cai] [34mINFO [0m| game_shard | [Init] bootstrap (nonroot): init start
2021-05-06 19:17:10.000000084 UTC: [Canister xu6vt-ul777-77777-aaacq-cai] [34mINFO [0m| game_shard | [Init] bootstrap (nonroot): init complete
2021-05-06 19:17:10.000000084 UTC: [Canister xu6vt-ul777-77777-aaacq-cai] [34mINFO [0m| game_shard | [Init] canister marked READY
2021-05-06 19:17:10.000000096 UTC: [Canister x556p-cd777-77777-aaada-cai] [34mINFO [0m|    ...     | [Init] 🏁 init: game_shard
2021-05-06 19:17:10.000000096 UTC: [Canister x556p-cd777-77777-aaada-cai] [34mINFO [0m|    ...     | [Memory] 💾 memory.registry: bootstrapped
2021-05-06 19:17:10.000000098 UTC: [Canister x556p-cd777-77777-aaada-cai] [34mINFO [0m| game_shard | [Init] bootstrap (nonroot): init start
2021-05-06 19:17:10.000000098 UTC: [Canister x556p-cd777-77777-aaada-cai] [34mINFO [0m| game_shard | [Init] bootstrap (nonroot): init complete
2021-05-06 19:17:10.000000098 UTC: [Canister x556p-cd777-77777-aaada-cai] [34mINFO [0m| game_shard | [Init] canister marked READY
2021-05-06 19:17:11.000000110 UTC: [Canister x24y3-p3777-77777-aaadq-cai] [34mINFO [0m|    ...     | [Init] 🏁 init: user_shard
2021-05-06 19:17:11.000000110 UTC: [Canister x24y3-p3777-77777-aaadq-cai] [34mINFO [0m|    ...     | [Memory] 💾 memory.registry: bootstrapped
2021-05-06 19:17:11.000000122 UTC: [Canister x24y3-p3777-77777-aaadq-cai] [34mINFO [0m| user_shard | [Init] bootstrap (nonroot): init start
2021-05-06 19:17:11.000000122 UTC: [Canister x24y3-p3777-77777-aaadq-cai] [34mINFO [0m| user_shard | [Init] bootstrap (nonroot): init complete
2021-05-06 19:17:11.000000122 UTC: [Canister x24y3-p3777-77777-aaadq-cai] [34mINFO [0m| user_shard | [Init] canister marked READY
2021-05-06 19:17:11.000000132 UTC: [Canister wxs4v-at777-77777-aaaea-cai] [34mINFO [0m|    ...     | [Init] 🏁 init: user_shard
2021-05-06 19:17:11.000000132 UTC: [Canister wxs4v-at777-77777-aaaea-cai] [34mINFO [0m|    ...     | [Memory] 💾 memory.registry: bootstrapped
2021-05-06 19:17:11.000000134 UTC: [Canister wxs4v-at777-77777-aaaea-cai] [34mINFO [0m| user_shard | [Init] bootstrap (nonroot): init start
2021-05-06 19:17:11.000000134 UTC: [Canister wxs4v-at777-77777-aaaea-cai] [34mINFO [0m| user_shard | [Init] bootstrap (nonroot): init complete
2021-05-06 19:17:11.000000134 UTC: [Canister wxs4v-at777-77777-aaaea-cai] [34mINFO [0m| user_shard | [Init] canister marked READY
2021-05-06 19:17:11.000000145 UTC: [Canister wqt2b-nl777-77777-aaaeq-cai] [34mINFO [0m|    ...     | [Init] 🏁 init: user_shard
2021-05-06 19:17:11.000000145 UTC: [Canister wqt2b-nl777-77777-aaaeq-cai] [34mINFO [0m|    ...     | [Memory] 💾 memory.registry: bootstrapped
2021-05-06 19:17:11.000000147 UTC: [Canister wqt2b-nl777-77777-aaaeq-cai] [34mINFO [0m| user_shard | [Init] bootstrap (nonroot): init start
2021-05-06 19:17:11.000000147 UTC: [Canister wqt2b-nl777-77777-aaaeq-cai] [34mINFO [0m| user_shard | [Init] bootstrap (nonroot): init complete
2021-05-06 19:17:11.000000147 UTC: [Canister wqt2b-nl777-77777-aaaeq-cai] [34mINFO [0m| user_shard | [Init] canister marked READY
Translation catalogue is ready before scheduled sampling
test qualification::metrics::managed_public_metrics_qualifies_failure_isolation has been running for over 60 seconds
ceiling source: 64 total, 64 selected, longest path 64 bytes
2021-05-07 20:23:06.000014253 UTC: [Canister xi2pc-dl777-77777-aaaaq-cai] [33mWARN [0m|  game_hub  | [Auth] access denied code=E31 public_code=E31 kind=auth predicate=caller_is_controller context=Some("all")
Toko Miner complete public sampling maximum: 2588716 instructions; 0 application rows
sampler performance: TimerCallbackPerformanceStatus { instruction_samples_since_runtime_start: 300, instructions_latest: Some(2271000), instructions_maximum: Some(2588716), instructions_total_since_runtime_start: 713225981, memory_page_samples_since_runtime_start: 300, memory_pages_latest: Some(TimerMemoryPageSampleStatus { start: TimerMemoryPageExtentStatus { wasm_pages: 31, stable_pages: 3713 }, end: TimerMemoryPageExtentStatus { wasm_pages: 31, stable_pages: 3713 } }), maximum_wasm_memory_growth_pages: Some(8), maximum_stable_memory_growth_pages: Some(0) }
sampler checkpoint: MetricEntry { labels: ["perf", "checkpoint", "canic", "public_metrics_sample"], principal: None, value: CountAndU64 { count: 300, value_u64: 624610925 } }
family Operations: 19 rows
family Performance: 16 rows
metrics role game_hub: application Unavailable, 0 rows
2021-05-07 20:23:06.000014253 UTC: [Canister xbze6-vd777-77777-aaaba-cai] [33mWARN [0m|translation | [Auth] access denied code=E31 public_code=E31 kind=auth predicate=caller_is_controller context=Some("all")
Toko Miner complete public sampling maximum: 17083820 instructions; 0 application rows
sampler performance: TimerCallbackPerformanceStatus { instruction_samples_since_runtime_start: 300, instructions_latest: Some(16611163), instructions_maximum: Some(17083820), instructions_total_since_runtime_start: 4850312627, memory_page_samples_since_runtime_start: 300, memory_pages_latest: Some(TimerMemoryPageSampleStatus { start: TimerMemoryPageExtentStatus { wasm_pages: 214, stable_pages: 14721 }, end: TimerMemoryPageExtentStatus { wasm_pages: 214, stable_pages: 14721 } }), maximum_wasm_memory_growth_pages: Some(0), maximum_stable_memory_growth_pages: Some(0) }
sampler checkpoint: MetricEntry { labels: ["perf", "checkpoint", "canic", "public_metrics_sample"], principal: None, value: CountAndU64 { count: 300, value_u64: 4547821215 } }
family Operations: 16 rows
family Performance: 16 rows
metrics role translation: application Unavailable, 0 rows
2021-05-07 20:23:06.000014253 UTC: [Canister xgyck-y3777-77777-aaabq-cai] [33mWARN [0m|  user_hub  | [Auth] access denied code=E31 public_code=E31 kind=auth predicate=caller_is_controller context=Some("all")
Toko Miner complete public sampling maximum: 2887504 instructions; 0 application rows
sampler performance: TimerCallbackPerformanceStatus { instruction_samples_since_runtime_start: 300, instructions_latest: Some(2727055), instructions_maximum: Some(2887504), instructions_total_since_runtime_start: 825300684, memory_page_samples_since_runtime_start: 300, memory_pages_latest: Some(TimerMemoryPageSampleStatus { start: TimerMemoryPageExtentStatus { wasm_pages: 34, stable_pages: 11393 }, end: TimerMemoryPageExtentStatus { wasm_pages: 34, stable_pages: 11393 } }), maximum_wasm_memory_growth_pages: Some(8), maximum_stable_memory_growth_pages: Some(0) }
sampler checkpoint: MetricEntry { labels: ["perf", "checkpoint", "canic", "public_metrics_sample"], principal: None, value: CountAndU64 { count: 300, value_u64: 735483653 } }
family Operations: 19 rows
family Performance: 18 rows
metrics role user_hub: application Unavailable, 0 rows
2021-05-07 20:23:06.000014253 UTC: [Canister xt7th-zt777-77777-aaaca-cai] [33mWARN [0m| game_shard | [Auth] access denied code=E31 public_code=E31 kind=auth predicate=caller_is_controller context=Some("all")
Toko Miner complete public sampling maximum: 19471396 instructions; 194 application rows
sampler performance: TimerCallbackPerformanceStatus { instruction_samples_since_runtime_start: 300, instructions_latest: Some(18878942), instructions_maximum: Some(19471396), instructions_total_since_runtime_start: 5714228343, memory_page_samples_since_runtime_start: 300, memory_pages_latest: Some(TimerMemoryPageSampleStatus { start: TimerMemoryPageExtentStatus { wasm_pages: 122, stable_pages: 11649 }, end: TimerMemoryPageExtentStatus { wasm_pages: 122, stable_pages: 11649 } }), maximum_wasm_memory_growth_pages: Some(42), maximum_stable_memory_growth_pages: Some(0) }
sampler checkpoint: MetricEntry { labels: ["perf", "checkpoint", "canic", "public_metrics_sample"], principal: None, value: CountAndU64 { count: 300, value_u64: 5501487339 } }
family Operations: 16 rows
family Performance: 20 rows
metrics role game_shard: application Fresh, 194 rows
2021-05-07 20:23:06.000014253 UTC: [Canister xu6vt-ul777-77777-aaacq-cai] [33mWARN [0m| game_shard | [Auth] access denied code=E31 public_code=E31 kind=auth predicate=caller_is_controller context=Some("all")
Toko Miner complete public sampling maximum: 19963567 instructions; 194 application rows
sampler performance: TimerCallbackPerformanceStatus { instruction_samples_since_runtime_start: 300, instructions_latest: Some(19371597), instructions_maximum: Some(19963567), instructions_total_since_runtime_start: 5844340839, memory_page_samples_since_runtime_start: 300, memory_pages_latest: Some(TimerMemoryPageSampleStatus { start: TimerMemoryPageExtentStatus { wasm_pages: 121, stable_pages: 11649 }, end: TimerMemoryPageExtentStatus { wasm_pages: 121, stable_pages: 11649 } }), maximum_wasm_memory_growth_pages: Some(42), maximum_stable_memory_growth_pages: Some(0) }
sampler checkpoint: MetricEntry { labels: ["perf", "checkpoint", "canic", "public_metrics_sample"], principal: None, value: CountAndU64 { count: 300, value_u64: 5610958276 } }
family Operations: 16 rows
family Performance: 20 rows
metrics role game_shard: application Fresh, 194 rows
2021-05-07 20:23:06.000014253 UTC: [Canister x556p-cd777-77777-aaada-cai] [33mWARN [0m| game_shard | [Auth] access denied code=E31 public_code=E31 kind=auth predicate=caller_is_controller context=Some("all")
Toko Miner complete public sampling maximum: 19799938 instructions; 194 application rows
sampler performance: TimerCallbackPerformanceStatus { instruction_samples_since_runtime_start: 300, instructions_latest: Some(19492434), instructions_maximum: Some(19799938), instructions_total_since_runtime_start: 5833635915, memory_page_samples_since_runtime_start: 300, memory_pages_latest: Some(TimerMemoryPageSampleStatus { start: TimerMemoryPageExtentStatus { wasm_pages: 121, stable_pages: 11649 }, end: TimerMemoryPageExtentStatus { wasm_pages: 121, stable_pages: 11649 } }), maximum_wasm_memory_growth_pages: Some(42), maximum_stable_memory_growth_pages: Some(0) }
sampler checkpoint: MetricEntry { labels: ["perf", "checkpoint", "canic", "public_metrics_sample"], principal: None, value: CountAndU64 { count: 300, value_u64: 5590493005 } }
family Operations: 16 rows
family Performance: 20 rows
metrics role game_shard: application Fresh, 194 rows
2021-05-07 20:23:06.000014253 UTC: [Canister x24y3-p3777-77777-aaadq-cai] [33mWARN [0m| user_shard | [Auth] access denied code=E31 public_code=E31 kind=auth predicate=caller_is_controller context=Some("all")
Toko Miner complete public sampling maximum: 1999924 instructions; 0 application rows
sampler performance: TimerCallbackPerformanceStatus { instruction_samples_since_runtime_start: 300, instructions_latest: Some(1999721), instructions_maximum: Some(1999924), instructions_total_since_runtime_start: 565563003, memory_page_samples_since_runtime_start: 300, memory_pages_latest: Some(TimerMemoryPageSampleStatus { start: TimerMemoryPageExtentStatus { wasm_pages: 31, stable_pages: 11009 }, end: TimerMemoryPageExtentStatus { wasm_pages: 31, stable_pages: 11009 } }), maximum_wasm_memory_growth_pages: Some(5), maximum_stable_memory_growth_pages: Some(0) }
sampler checkpoint: MetricEntry { labels: ["perf", "checkpoint", "canic", "public_metrics_sample"], principal: None, value: CountAndU64 { count: 300, value_u64: 508668235 } }
family Operations: 16 rows
family Performance: 14 rows
metrics role user_shard: application Unavailable, 0 rows
2021-05-07 20:23:06.000014253 UTC: [Canister wxs4v-at777-77777-aaaea-cai] [33mWARN [0m| user_shard | [Auth] access denied code=E31 public_code=E31 kind=auth predicate=caller_is_controller context=Some("all")
Toko Miner complete public sampling maximum: 1999211 instructions; 0 application rows
sampler performance: TimerCallbackPerformanceStatus { instruction_samples_since_runtime_start: 300, instructions_latest: Some(1996661), instructions_maximum: Some(1999211), instructions_total_since_runtime_start: 593250112, memory_page_samples_since_runtime_start: 300, memory_pages_latest: Some(TimerMemoryPageSampleStatus { start: TimerMemoryPageExtentStatus { wasm_pages: 31, stable_pages: 11009 }, end: TimerMemoryPageExtentStatus { wasm_pages: 31, stable_pages: 11009 } }), maximum_wasm_memory_growth_pages: Some(5), maximum_stable_memory_growth_pages: Some(0) }
sampler checkpoint: MetricEntry { labels: ["perf", "checkpoint", "canic", "public_metrics_sample"], principal: None, value: CountAndU64 { count: 300, value_u64: 556661603 } }
family Operations: 16 rows
family Performance: 14 rows
metrics role user_shard: application Unavailable, 0 rows
2021-05-07 20:23:06.000014253 UTC: [Canister wqt2b-nl777-77777-aaaeq-cai] [33mWARN [0m| user_shard | [Auth] access denied code=E31 public_code=E31 kind=auth predicate=caller_is_controller context=Some("all")
Toko Miner complete public sampling maximum: 2000611 instructions; 0 application rows
sampler performance: TimerCallbackPerformanceStatus { instruction_samples_since_runtime_start: 300, instructions_latest: Some(2000611), instructions_maximum: Some(2000611), instructions_total_since_runtime_start: 555985000, memory_page_samples_since_runtime_start: 300, memory_pages_latest: Some(TimerMemoryPageSampleStatus { start: TimerMemoryPageExtentStatus { wasm_pages: 31, stable_pages: 11009 }, end: TimerMemoryPageExtentStatus { wasm_pages: 31, stable_pages: 11009 } }), maximum_wasm_memory_growth_pages: Some(5), maximum_stable_memory_growth_pages: Some(0) }
sampler checkpoint: MetricEntry { labels: ["perf", "checkpoint", "canic", "public_metrics_sample"], principal: None, value: CountAndU64 { count: 300, value_u64: 496135425 } }
family Operations: 16 rows
family Performance: 14 rows
metrics role user_shard: application Unavailable, 0 rows
2021-05-07 20:28:07.000014301 UTC: [Canister xt7th-zt777-77777-aaaca-cai] [33mWARN [0m| game_shard | [Auth] access denied code=E31 public_code=E31 kind=auth predicate=caller_is_controller context=Some("all")
Recovery source: Ok((64, ["User", "Robot", "PlanetCreature", "PlanetHazard", "Hazard", "NftToken", "Creature", "Item", "Minion", "CelestialObject", "CatalogRecipe", "MinionModule", "Rocket", "Resource", "NftCollection", "UserPrincipal", "Location", "Machine", "MinionModuleUnlock", "StarSystem", "MinionType", "RobotAppearanceOption", "QualificationXXXXXXXXXXXXXXXXXXXXXXXXXXXXXXXXXXXXXXXXXXXXXXXXX00", "QualificationXXXXXXXXXXXXXXXXXXXXXXXXXXXXXXXXXXXXXXXXXXXXXXXXX01", "QualificationXXXXXXXXXXXXXXXXXXXXXXXXXXXXXXXXXXXXXXXXXXXXXXXXX38", "QualificationXXXXXXXXXXXXXXXXXXXXXXXXXXXXXXXXXXXXXXXXXXXXXXXXX32", "QualificationXXXXXXXXXXXXXXXXXXXXXXXXXXXXXXXXXXXXXXXXXXXXXXXXX10", "QualificationXXXXXXXXXXXXXXXXXXXXXXXXXXXXXXXXXXXXXXXXXXXXXXXXX22", "QualificationXXXXXXXXXXXXXXXXXXXXXXXXXXXXXXXXXXXXXXXXXXXXXXXXX35", "QualificationXXXXXXXXXXXXXXXXXXXXXXXXXXXXXXXXXXXXXXXXXXXXXXXXX21", "QualificationXXXXXXXXXXXXXXXXXXXXXXXXXXXXXXXXXXXXXXXXXXXXXXXXX20", "QualificationXXXXXXXXXXXXXXXXXXXXXXXXXXXXXXXXXXXXXXXXXXXXXXXXX29", "QualificationXXXXXXXXXXXXXXXXXXXXXXXXXXXXXXXXXXXXXXXXXXXXXXXXX09", "QualificationXXXXXXXXXXXXXXXXXXXXXXXXXXXXXXXXXXXXXXXXXXXXXXXXX36", "QualificationXXXXXXXXXXXXXXXXXXXXXXXXXXXXXXXXXXXXXXXXXXXXXXXXX26", "QualificationXXXXXXXXXXXXXXXXXXXXXXXXXXXXXXXXXXXXXXXXXXXXXXXXX34", "QualificationXXXXXXXXXXXXXXXXXXXXXXXXXXXXXXXXXXXXXXXXXXXXXXXXX24", "QualificationXXXXXXXXXXXXXXXXXXXXXXXXXXXXXXXXXXXXXXXXXXXXXXXXX33", "QualificationXXXXXXXXXXXXXXXXXXXXXXXXXXXXXXXXXXXXXXXXXXXXXXXXX18", "QualificationXXXXXXXXXXXXXXXXXXXXXXXXXXXXXXXXXXXXXXXXXXXXXXXXX37", "QualificationXXXXXXXXXXXXXXXXXXXXXXXXXXXXXXXXXXXXXXXXXXXXXXXXX12", "QualificationXXXXXXXXXXXXXXXXXXXXXXXXXXXXXXXXXXXXXXXXXXXXXXXXX11", "QualificationXXXXXXXXXXXXXXXXXXXXXXXXXXXXXXXXXXXXXXXXXXXXXXXXX06", "QualificationXXXXXXXXXXXXXXXXXXXXXXXXXXXXXXXXXXXXXXXXXXXXXXXXX19", "QualificationXXXXXXXXXXXXXXXXXXXXXXXXXXXXXXXXXXXXXXXXXXXXXXXXX13", "QualificationXXXXXXXXXXXXXXXXXXXXXXXXXXXXXXXXXXXXXXXXXXXXXXXXX05", "QualificationXXXXXXXXXXXXXXXXXXXXXXXXXXXXXXXXXXXXXXXXXXXXXXXXX17", "QualificationXXXXXXXXXXXXXXXXXXXXXXXXXXXXXXXXXXXXXXXXXXXXXXXXX04", "QualificationXXXXXXXXXXXXXXXXXXXXXXXXXXXXXXXXXXXXXXXXXXXXXXXXX15", "QualificationXXXXXXXXXXXXXXXXXXXXXXXXXXXXXXXXXXXXXXXXXXXXXXXXX31", "QualificationXXXXXXXXXXXXXXXXXXXXXXXXXXXXXXXXXXXXXXXXXXXXXXXXX08", "QualificationXXXXXXXXXXXXXXXXXXXXXXXXXXXXXXXXXXXXXXXXXXXXXXXXX40", "QualificationXXXXXXXXXXXXXXXXXXXXXXXXXXXXXXXXXXXXXXXXXXXXXXXXX28", "QualificationXXXXXXXXXXXXXXXXXXXXXXXXXXXXXXXXXXXXXXXXXXXXXXXXX23", "QualificationXXXXXXXXXXXXXXXXXXXXXXXXXXXXXXXXXXXXXXXXXXXXXXXXX30", "QualificationXXXXXXXXXXXXXXXXXXXXXXXXXXXXXXXXXXXXXXXXXXXXXXXXX07", "QualificationXXXXXXXXXXXXXXXXXXXXXXXXXXXXXXXXXXXXXXXXXXXXXXXXX41", "QualificationXXXXXXXXXXXXXXXXXXXXXXXXXXXXXXXXXXXXXXXXXXXXXXXXX25", "QualificationXXXXXXXXXXXXXXXXXXXXXXXXXXXXXXXXXXXXXXXXXXXXXXXXX39", "QualificationXXXXXXXXXXXXXXXXXXXXXXXXXXXXXXXXXXXXXXXXXXXXXXXXX03", "QualificationXXXXXXXXXXXXXXXXXXXXXXXXXXXXXXXXXXXXXXXXXXXXXXXXX16", "QualificationXXXXXXXXXXXXXXXXXXXXXXXXXXXXXXXXXXXXXXXXXXXXXXXXX02", "QualificationXXXXXXXXXXXXXXXXXXXXXXXXXXXXXXXXXXXXXXXXXXXXXXXXX14", "QualificationXXXXXXXXXXXXXXXXXXXXXXXXXXXXXXXXXXXXXXXXXXXXXXXXX27"])); snapshot Fresh, before Some(1620418986000000000), after Some(1620419588000000000)
Toko Miner complete public sampling maximum: 19471396 instructions; 194 application rows
sampler performance: TimerCallbackPerformanceStatus { instruction_samples_since_runtime_start: 302, instructions_latest: Some(19267170), instructions_maximum: Some(19471396), instructions_total_since_runtime_start: 5740045277, memory_page_samples_since_runtime_start: 302, memory_pages_latest: Some(TimerMemoryPageSampleStatus { start: TimerMemoryPageExtentStatus { wasm_pages: 122, stable_pages: 11649 }, end: TimerMemoryPageExtentStatus { wasm_pages: 122, stable_pages: 11649 } }), maximum_wasm_memory_growth_pages: Some(42), maximum_stable_memory_growth_pages: Some(0) }
sampler checkpoint: MetricEntry { labels: ["perf", "checkpoint", "canic", "public_metrics_sample"], principal: None, value: CountAndU64 { count: 302, value_u64: 5525887604 } }
family Operations: 16 rows
family Performance: 20 rows
PASS failure isolation and recovery: xt7th-zt777-77777-aaaca-cai; real source 64 -> 65 -> 64
2021-05-07 20:38:09.000014397 UTC: [Canister xu6vt-ul777-77777-aaacq-cai] [33mWARN [0m| game_shard | [Auth] access denied code=E31 public_code=E31 kind=auth predicate=caller_is_controller context=Some("all")
Recovery source: Ok((64, ["User", "Robot", "PlanetCreature", "PlanetHazard", "Hazard", "NftToken", "Item", "Creature", "Minion", "CelestialObject", "CatalogRecipe", "Rocket", "MinionModule", "Resource", "Location", "NftCollection", "MinionModuleUnlock", "Machine", "UserPrincipal", "StarSystem", "MinionType", "RobotAppearanceOption", "QualificationXXXXXXXXXXXXXXXXXXXXXXXXXXXXXXXXXXXXXXXXXXXXXXXXX00", "QualificationXXXXXXXXXXXXXXXXXXXXXXXXXXXXXXXXXXXXXXXXXXXXXXXXX01", "QualificationXXXXXXXXXXXXXXXXXXXXXXXXXXXXXXXXXXXXXXXXXXXXXXXXX10", "QualificationXXXXXXXXXXXXXXXXXXXXXXXXXXXXXXXXXXXXXXXXXXXXXXXXX02", "QualificationXXXXXXXXXXXXXXXXXXXXXXXXXXXXXXXXXXXXXXXXXXXXXXXXX40", "QualificationXXXXXXXXXXXXXXXXXXXXXXXXXXXXXXXXXXXXXXXXXXXXXXXXX18", "QualificationXXXXXXXXXXXXXXXXXXXXXXXXXXXXXXXXXXXXXXXXXXXXXXXXX38", "QualificationXXXXXXXXXXXXXXXXXXXXXXXXXXXXXXXXXXXXXXXXXXXXXXXXX29", "QualificationXXXXXXXXXXXXXXXXXXXXXXXXXXXXXXXXXXXXXXXXXXXXXXXXX22", "QualificationXXXXXXXXXXXXXXXXXXXXXXXXXXXXXXXXXXXXXXXXXXXXXXXXX30", "QualificationXXXXXXXXXXXXXXXXXXXXXXXXXXXXXXXXXXXXXXXXXXXXXXXXX13", "QualificationXXXXXXXXXXXXXXXXXXXXXXXXXXXXXXXXXXXXXXXXXXXXXXXXX06", "QualificationXXXXXXXXXXXXXXXXXXXXXXXXXXXXXXXXXXXXXXXXXXXXXXXXX28", "QualificationXXXXXXXXXXXXXXXXXXXXXXXXXXXXXXXXXXXXXXXXXXXXXXXXX31", "QualificationXXXXXXXXXXXXXXXXXXXXXXXXXXXXXXXXXXXXXXXXXXXXXXXXX24", "QualificationXXXXXXXXXXXXXXXXXXXXXXXXXXXXXXXXXXXXXXXXXXXXXXXXX37", "QualificationXXXXXXXXXXXXXXXXXXXXXXXXXXXXXXXXXXXXXXXXXXXXXXXXX05", "QualificationXXXXXXXXXXXXXXXXXXXXXXXXXXXXXXXXXXXXXXXXXXXXXXXXX08", "QualificationXXXXXXXXXXXXXXXXXXXXXXXXXXXXXXXXXXXXXXXXXXXXXXXXX41", "QualificationXXXXXXXXXXXXXXXXXXXXXXXXXXXXXXXXXXXXXXXXXXXXXXXXX33", "QualificationXXXXXXXXXXXXXXXXXXXXXXXXXXXXXXXXXXXXXXXXXXXXXXXXX36", "QualificationXXXXXXXXXXXXXXXXXXXXXXXXXXXXXXXXXXXXXXXXXXXXXXXXX15", "QualificationXXXXXXXXXXXXXXXXXXXXXXXXXXXXXXXXXXXXXXXXXXXXXXXXX20", "QualificationXXXXXXXXXXXXXXXXXXXXXXXXXXXXXXXXXXXXXXXXXXXXXXXXX16", "QualificationXXXXXXXXXXXXXXXXXXXXXXXXXXXXXXXXXXXXXXXXXXXXXXXXX34", "QualificationXXXXXXXXXXXXXXXXXXXXXXXXXXXXXXXXXXXXXXXXXXXXXXXXX26", "QualificationXXXXXXXXXXXXXXXXXXXXXXXXXXXXXXXXXXXXXXXXXXXXXXXXX35", "QualificationXXXXXXXXXXXXXXXXXXXXXXXXXXXXXXXXXXXXXXXXXXXXXXXXX21", "QualificationXXXXXXXXXXXXXXXXXXXXXXXXXXXXXXXXXXXXXXXXXXXXXXXXX19", "QualificationXXXXXXXXXXXXXXXXXXXXXXXXXXXXXXXXXXXXXXXXXXXXXXXXX04", "QualificationXXXXXXXXXXXXXXXXXXXXXXXXXXXXXXXXXXXXXXXXXXXXXXXXX09", "QualificationXXXXXXXXXXXXXXXXXXXXXXXXXXXXXXXXXXXXXXXXXXXXXXXXX32", "QualificationXXXXXXXXXXXXXXXXXXXXXXXXXXXXXXXXXXXXXXXXXXXXXXXXX11", "QualificationXXXXXXXXXXXXXXXXXXXXXXXXXXXXXXXXXXXXXXXXXXXXXXXXX25", "QualificationXXXXXXXXXXXXXXXXXXXXXXXXXXXXXXXXXXXXXXXXXXXXXXXXX12", "QualificationXXXXXXXXXXXXXXXXXXXXXXXXXXXXXXXXXXXXXXXXXXXXXXXXX17", "QualificationXXXXXXXXXXXXXXXXXXXXXXXXXXXXXXXXXXXXXXXXXXXXXXXXX27", "QualificationXXXXXXXXXXXXXXXXXXXXXXXXXXXXXXXXXXXXXXXXXXXXXXXXX23", "QualificationXXXXXXXXXXXXXXXXXXXXXXXXXXXXXXXXXXXXXXXXXXXXXXXXX14", "QualificationXXXXXXXXXXXXXXXXXXXXXXXXXXXXXXXXXXXXXXXXXXXXXXXXX03", "QualificationXXXXXXXXXXXXXXXXXXXXXXXXXXXXXXXXXXXXXXXXXXXXXXXXX07", "QualificationXXXXXXXXXXXXXXXXXXXXXXXXXXXXXXXXXXXXXXXXXXXXXXXXX39"])); snapshot Fresh, before Some(1620419588000000000), after Some(1620420190000000000)
Toko Miner complete public sampling maximum: 19963567 instructions; 194 application rows
sampler performance: TimerCallbackPerformanceStatus { instruction_samples_since_runtime_start: 304, instructions_latest: Some(19353204), instructions_maximum: Some(19963567), instructions_total_since_runtime_start: 5909882110, memory_page_samples_since_runtime_start: 304, memory_pages_latest: Some(TimerMemoryPageSampleStatus { start: TimerMemoryPageExtentStatus { wasm_pages: 121, stable_pages: 11649 }, end: TimerMemoryPageExtentStatus { wasm_pages: 121, stable_pages: 11649 } }), maximum_wasm_memory_growth_pages: Some(42), maximum_stable_memory_growth_pages: Some(0) }
sampler checkpoint: MetricEntry { labels: ["perf", "checkpoint", "canic", "public_metrics_sample"], principal: None, value: CountAndU64 { count: 304, value_u64: 5673666168 } }
family Operations: 16 rows
family Performance: 20 rows
PASS failure isolation and recovery: xu6vt-ul777-77777-aaacq-cai; real source 64 -> 65 -> 64
2021-05-07 20:48:11.000014493 UTC: [Canister x556p-cd777-77777-aaada-cai] [33mWARN [0m| game_shard | [Auth] access denied code=E31 public_code=E31 kind=auth predicate=caller_is_controller context=Some("all")
Recovery source: Ok((64, ["User", "Robot", "PlanetCreature", "PlanetHazard", "Hazard", "NftToken", "Creature", "Item", "Minion", "CelestialObject", "CatalogRecipe", "MinionModule", "Rocket", "Resource", "NftCollection", "UserPrincipal", "Location", "Machine", "MinionModuleUnlock", "StarSystem", "MinionType", "RobotAppearanceOption", "QualificationXXXXXXXXXXXXXXXXXXXXXXXXXXXXXXXXXXXXXXXXXXXXXXXXX00", "QualificationXXXXXXXXXXXXXXXXXXXXXXXXXXXXXXXXXXXXXXXXXXXXXXXXX01", "QualificationXXXXXXXXXXXXXXXXXXXXXXXXXXXXXXXXXXXXXXXXXXXXXXXXX24", "QualificationXXXXXXXXXXXXXXXXXXXXXXXXXXXXXXXXXXXXXXXXXXXXXXXXX07", "QualificationXXXXXXXXXXXXXXXXXXXXXXXXXXXXXXXXXXXXXXXXXXXXXXXXX28", "QualificationXXXXXXXXXXXXXXXXXXXXXXXXXXXXXXXXXXXXXXXXXXXXXXXXX02", "QualificationXXXXXXXXXXXXXXXXXXXXXXXXXXXXXXXXXXXXXXXXXXXXXXXXX21", "QualificationXXXXXXXXXXXXXXXXXXXXXXXXXXXXXXXXXXXXXXXXXXXXXXXXX08", "QualificationXXXXXXXXXXXXXXXXXXXXXXXXXXXXXXXXXXXXXXXXXXXXXXXXX19", "QualificationXXXXXXXXXXXXXXXXXXXXXXXXXXXXXXXXXXXXXXXXXXXXXXXXX31", "QualificationXXXXXXXXXXXXXXXXXXXXXXXXXXXXXXXXXXXXXXXXXXXXXXXXX04", "QualificationXXXXXXXXXXXXXXXXXXXXXXXXXXXXXXXXXXXXXXXXXXXXXXXXX20", "QualificationXXXXXXXXXXXXXXXXXXXXXXXXXXXXXXXXXXXXXXXXXXXXXXXXX09", "QualificationXXXXXXXXXXXXXXXXXXXXXXXXXXXXXXXXXXXXXXXXXXXXXXXXX22", "QualificationXXXXXXXXXXXXXXXXXXXXXXXXXXXXXXXXXXXXXXXXXXXXXXXXX12", "QualificationXXXXXXXXXXXXXXXXXXXXXXXXXXXXXXXXXXXXXXXXXXXXXXXXX26", "QualificationXXXXXXXXXXXXXXXXXXXXXXXXXXXXXXXXXXXXXXXXXXXXXXXXX23", "QualificationXXXXXXXXXXXXXXXXXXXXXXXXXXXXXXXXXXXXXXXXXXXXXXXXX35", "QualificationXXXXXXXXXXXXXXXXXXXXXXXXXXXXXXXXXXXXXXXXXXXXXXXXX06", "QualificationXXXXXXXXXXXXXXXXXXXXXXXXXXXXXXXXXXXXXXXXXXXXXXXXX10", "QualificationXXXXXXXXXXXXXXXXXXXXXXXXXXXXXXXXXXXXXXXXXXXXXXXXX32", "QualificationXXXXXXXXXXXXXXXXXXXXXXXXXXXXXXXXXXXXXXXXXXXXXXXXX36", "QualificationXXXXXXXXXXXXXXXXXXXXXXXXXXXXXXXXXXXXXXXXXXXXXXXXX11", "QualificationXXXXXXXXXXXXXXXXXXXXXXXXXXXXXXXXXXXXXXXXXXXXXXXXX16", "QualificationXXXXXXXXXXXXXXXXXXXXXXXXXXXXXXXXXXXXXXXXXXXXXXXXX29", "QualificationXXXXXXXXXXXXXXXXXXXXXXXXXXXXXXXXXXXXXXXXXXXXXXXXX25", "QualificationXXXXXXXXXXXXXXXXXXXXXXXXXXXXXXXXXXXXXXXXXXXXXXXXX18", "QualificationXXXXXXXXXXXXXXXXXXXXXXXXXXXXXXXXXXXXXXXXXXXXXXXXX13", "QualificationXXXXXXXXXXXXXXXXXXXXXXXXXXXXXXXXXXXXXXXXXXXXXXXXX40", "QualificationXXXXXXXXXXXXXXXXXXXXXXXXXXXXXXXXXXXXXXXXXXXXXXXXX14", "QualificationXXXXXXXXXXXXXXXXXXXXXXXXXXXXXXXXXXXXXXXXXXXXXXXXX17", "QualificationXXXXXXXXXXXXXXXXXXXXXXXXXXXXXXXXXXXXXXXXXXXXXXXXX03", "QualificationXXXXXXXXXXXXXXXXXXXXXXXXXXXXXXXXXXXXXXXXXXXXXXXXX33", "QualificationXXXXXXXXXXXXXXXXXXXXXXXXXXXXXXXXXXXXXXXXXXXXXXXXX34", "QualificationXXXXXXXXXXXXXXXXXXXXXXXXXXXXXXXXXXXXXXXXXXXXXXXXX27", "QualificationXXXXXXXXXXXXXXXXXXXXXXXXXXXXXXXXXXXXXXXXXXXXXXXXX39", "QualificationXXXXXXXXXXXXXXXXXXXXXXXXXXXXXXXXXXXXXXXXXXXXXXXXX15", "QualificationXXXXXXXXXXXXXXXXXXXXXXXXXXXXXXXXXXXXXXXXXXXXXXXXX30", "QualificationXXXXXXXXXXXXXXXXXXXXXXXXXXXXXXXXXXXXXXXXXXXXXXXXX38", "QualificationXXXXXXXXXXXXXXXXXXXXXXXXXXXXXXXXXXXXXXXXXXXXXXXXX37", "QualificationXXXXXXXXXXXXXXXXXXXXXXXXXXXXXXXXXXXXXXXXXXXXXXXXX41", "QualificationXXXXXXXXXXXXXXXXXXXXXXXXXXXXXXXXXXXXXXXXXXXXXXXXX05"])); snapshot Fresh, before Some(1620420190000000000), after Some(1620420792000000000)
Toko Miner complete public sampling maximum: 19799938 instructions; 194 application rows
sampler performance: TimerCallbackPerformanceStatus { instruction_samples_since_runtime_start: 306, instructions_latest: Some(19151445), instructions_maximum: Some(19799938), instructions_total_since_runtime_start: 5936731825, memory_page_samples_since_runtime_start: 306, memory_pages_latest: Some(TimerMemoryPageSampleStatus { start: TimerMemoryPageExtentStatus { wasm_pages: 121, stable_pages: 11649 }, end: TimerMemoryPageExtentStatus { wasm_pages: 121, stable_pages: 11649 } }), maximum_wasm_memory_growth_pages: Some(42), maximum_stable_memory_growth_pages: Some(0) }
sampler checkpoint: MetricEntry { labels: ["perf", "checkpoint", "canic", "public_metrics_sample"], principal: None, value: CountAndU64 { count: 306, value_u64: 5688778785 } }
family Operations: 16 rows
family Performance: 20 rows
PASS failure isolation and recovery: x556p-cd777-77777-aaada-cai; real source 64 -> 65 -> 64
test qualification::metrics::managed_public_metrics_qualifies_failure_isolation ... ok

test result: ok. 1 passed; 0 failed; 0 ignored; 0 measured; 2 filtered out; finished in 82.94s

