   Compiling canister_toko_miner_user_hub v0.2.7 (/tmp/toko-feedback-fleet/apps/toko_miner/user_hub)
    Finished `test` profile [optimized + debuginfo] target(s) in 2.43s
     Running unittests src/lib.rs (/tmp/toko-feedback-native-target/debug/deps/canister_toko_miner_user_hub-b3b6a35658e8c997)

running 1 test
2026-09-09T18:36:59.177490Z  INFO pocket_ic_server: The PocketIC server is listening on port 42261
2021-05-06 19:17:10.000000015 UTC: [Canister xi2pc-dl777-77777-aaaaq-cai] [34mINFO [0m|    ...     | [Init] 🏁 init: game_hub
2021-05-06 19:17:10.000000015 UTC: [Canister xi2pc-dl777-77777-aaaaq-cai] [34mINFO [0m|    ...     | [Memory] 💾 memory.registry: bootstrapped
2021-05-06 19:17:10.000000025 UTC: [Canister xbze6-vd777-77777-aaaba-cai] [34mINFO [0m|    ...     | [Init] 🏁 init: translation
2021-05-06 19:17:10.000000025 UTC: [Canister xbze6-vd777-77777-aaaba-cai] [34mINFO [0m|    ...     | [Memory] 💾 memory.registry: bootstrapped
2021-05-06 19:17:10.000000034 UTC: [Canister xgyck-y3777-77777-aaabq-cai] [34mINFO [0m|    ...     | [Init] 🏁 init: user_hub
2021-05-06 19:17:10.000000034 UTC: [Canister xgyck-y3777-77777-aaabq-cai] [34mINFO [0m|    ...     | [Memory] 💾 memory.registry: bootstrapped
2021-05-06 19:17:10.000000036 UTC: [Canister xi2pc-dl777-77777-aaaaq-cai] [34mINFO [0m|  game_hub  | [Init] bootstrap (nonroot): init start
2021-05-06 19:17:10.000000037 UTC: [Canister xbze6-vd777-77777-aaaba-cai] [34mINFO [0m|translation | [Init] bootstrap (nonroot): init start
2021-05-06 19:17:10.000000037 UTC: [Canister xbze6-vd777-77777-aaaba-cai] [34mINFO [0m|translation | [Init] bootstrap (nonroot): init complete
2021-05-06 19:17:10.000000037 UTC: [Canister xbze6-vd777-77777-aaaba-cai] [34mINFO [0m|translation | [Init] canister marked READY
2021-05-06 19:17:10.000000038 UTC: [Canister xi2pc-dl777-77777-aaaaq-cai] [32m OK  [0m|  game_hub  | [Sharding] ✨ shard.create: xt7th-zt777-77777-aaaca-cai pool=games slot=0
2021-05-06 19:17:10.000000038 UTC: [Canister xi2pc-dl777-77777-aaaaq-cai] [32m OK  [0m|  game_hub  | [Sharding] ✨ shard.bootstrap: xt7th-zt777-77777-aaaca-cai pool=games slot=0
2021-05-06 19:17:10.000000040 UTC: [Canister xi2pc-dl777-77777-aaaaq-cai] [32m OK  [0m|  game_hub  | [Sharding] ✨ shard.create: xu6vt-ul777-77777-aaacq-cai pool=games slot=1
2021-05-06 19:17:10.000000040 UTC: [Canister xi2pc-dl777-77777-aaaaq-cai] [32m OK  [0m|  game_hub  | [Sharding] ✨ shard.bootstrap: xu6vt-ul777-77777-aaacq-cai pool=games slot=1
2021-05-06 19:17:10.000000042 UTC: [Canister xi2pc-dl777-77777-aaaaq-cai] [32m OK  [0m|  game_hub  | [Sharding] ✨ shard.create: x556p-cd777-77777-aaada-cai pool=games slot=2
2021-05-06 19:17:10.000000042 UTC: [Canister xi2pc-dl777-77777-aaaaq-cai] [32m OK  [0m|  game_hub  | [Sharding] ✨ shard.bootstrap: x556p-cd777-77777-aaada-cai pool=games slot=2
2021-05-06 19:17:10.000000042 UTC: [Canister xi2pc-dl777-77777-aaaaq-cai] [34mINFO [0m|  game_hub  | [Init] bootstrap (nonroot): init complete
2021-05-06 19:17:10.000000042 UTC: [Canister xi2pc-dl777-77777-aaaaq-cai] [34mINFO [0m|  game_hub  | [Init] canister marked READY
2021-05-06 19:17:10.000000047 UTC: [Canister xgyck-y3777-77777-aaabq-cai] [34mINFO [0m|  user_hub  | [Init] bootstrap (nonroot): init start
2021-05-06 19:17:10.000000049 UTC: [Canister xgyck-y3777-77777-aaabq-cai] [32m OK  [0m|  user_hub  | [Sharding] ✨ shard.create: x24y3-p3777-77777-aaadq-cai pool=users slot=0
2021-05-06 19:17:10.000000049 UTC: [Canister xgyck-y3777-77777-aaabq-cai] [32m OK  [0m|  user_hub  | [Sharding] ✨ shard.bootstrap: x24y3-p3777-77777-aaadq-cai pool=users slot=0
2021-05-06 19:17:10.000000051 UTC: [Canister xgyck-y3777-77777-aaabq-cai] [32m OK  [0m|  user_hub  | [Sharding] ✨ shard.create: wxs4v-at777-77777-aaaea-cai pool=users slot=1
2021-05-06 19:17:10.000000051 UTC: [Canister xgyck-y3777-77777-aaabq-cai] [32m OK  [0m|  user_hub  | [Sharding] ✨ shard.bootstrap: wxs4v-at777-77777-aaaea-cai pool=users slot=1
2021-05-06 19:17:10.000000053 UTC: [Canister xgyck-y3777-77777-aaabq-cai] [32m OK  [0m|  user_hub  | [Sharding] ✨ shard.create: wqt2b-nl777-77777-aaaeq-cai pool=users slot=2
2021-05-06 19:17:10.000000053 UTC: [Canister xgyck-y3777-77777-aaabq-cai] [32m OK  [0m|  user_hub  | [Sharding] ✨ shard.bootstrap: wqt2b-nl777-77777-aaaeq-cai pool=users slot=2
2021-05-06 19:17:10.000000053 UTC: [Canister xgyck-y3777-77777-aaabq-cai] [34mINFO [0m|  user_hub  | [Init] bootstrap (nonroot): init complete
2021-05-06 19:17:10.000000053 UTC: [Canister xgyck-y3777-77777-aaabq-cai] [34mINFO [0m|  user_hub  | [Init] canister marked READY
2021-05-06 19:17:10.000000057 UTC: [Canister xt7th-zt777-77777-aaaca-cai] [34mINFO [0m|    ...     | [Init] 🏁 init: game_shard
2021-05-06 19:17:10.000000057 UTC: [Canister xt7th-zt777-77777-aaaca-cai] [34mINFO [0m|    ...     | [Memory] 💾 memory.registry: bootstrapped
2021-05-06 19:17:10.000000071 UTC: [Canister xt7th-zt777-77777-aaaca-cai] [34mINFO [0m| game_shard | [Init] bootstrap (nonroot): init start
2021-05-06 19:17:10.000000071 UTC: [Canister xt7th-zt777-77777-aaaca-cai] [34mINFO [0m| game_shard | [Init] bootstrap (nonroot): init complete
2021-05-06 19:17:10.000000071 UTC: [Canister xt7th-zt777-77777-aaaca-cai] [34mINFO [0m| game_shard | [Init] canister marked READY
2021-05-06 19:17:10.000000082 UTC: [Canister xu6vt-ul777-77777-aaacq-cai] [34mINFO [0m|    ...     | [Init] 🏁 init: game_shard
2021-05-06 19:17:10.000000082 UTC: [Canister xu6vt-ul777-77777-aaacq-cai] [34mINFO [0m|    ...     | [Memory] 💾 memory.registry: bootstrapped
2021-05-06 19:17:10.000000084 UTC: [Canister xu6vt-ul777-77777-aaacq-cai] [34mINFO [0m| game_shard | [Init] bootstrap (nonroot): init start
2021-05-06 19:17:10.000000084 UTC: [Canister xu6vt-ul777-77777-aaacq-cai] [34mINFO [0m| game_shard | [Init] bootstrap (nonroot): init complete
2021-05-06 19:17:10.000000084 UTC: [Canister xu6vt-ul777-77777-aaacq-cai] [34mINFO [0m| game_shard | [Init] canister marked READY
2021-05-06 19:17:10.000000096 UTC: [Canister x556p-cd777-77777-aaada-cai] [34mINFO [0m|    ...     | [Init] 🏁 init: game_shard
2021-05-06 19:17:10.000000096 UTC: [Canister x556p-cd777-77777-aaada-cai] [34mINFO [0m|    ...     | [Memory] 💾 memory.registry: bootstrapped
2021-05-06 19:17:10.000000098 UTC: [Canister x556p-cd777-77777-aaada-cai] [34mINFO [0m| game_shard | [Init] bootstrap (nonroot): init start
2021-05-06 19:17:10.000000098 UTC: [Canister x556p-cd777-77777-aaada-cai] [34mINFO [0m| game_shard | [Init] bootstrap (nonroot): init complete
2021-05-06 19:17:10.000000098 UTC: [Canister x556p-cd777-77777-aaada-cai] [34mINFO [0m| game_shard | [Init] canister marked READY
2021-05-06 19:17:11.000000110 UTC: [Canister x24y3-p3777-77777-aaadq-cai] [34mINFO [0m|    ...     | [Init] 🏁 init: user_shard
2021-05-06 19:17:11.000000110 UTC: [Canister x24y3-p3777-77777-aaadq-cai] [34mINFO [0m|    ...     | [Memory] 💾 memory.registry: bootstrapped
2021-05-06 19:17:11.000000122 UTC: [Canister x24y3-p3777-77777-aaadq-cai] [34mINFO [0m| user_shard | [Init] bootstrap (nonroot): init start
2021-05-06 19:17:11.000000122 UTC: [Canister x24y3-p3777-77777-aaadq-cai] [34mINFO [0m| user_shard | [Init] bootstrap (nonroot): init complete
2021-05-06 19:17:11.000000122 UTC: [Canister x24y3-p3777-77777-aaadq-cai] [34mINFO [0m| user_shard | [Init] canister marked READY
2021-05-06 19:17:11.000000132 UTC: [Canister wxs4v-at777-77777-aaaea-cai] [34mINFO [0m|    ...     | [Init] 🏁 init: user_shard
2021-05-06 19:17:11.000000132 UTC: [Canister wxs4v-at777-77777-aaaea-cai] [34mINFO [0m|    ...     | [Memory] 💾 memory.registry: bootstrapped
2021-05-06 19:17:11.000000134 UTC: [Canister wxs4v-at777-77777-aaaea-cai] [34mINFO [0m| user_shard | [Init] bootstrap (nonroot): init start
2021-05-06 19:17:11.000000134 UTC: [Canister wxs4v-at777-77777-aaaea-cai] [34mINFO [0m| user_shard | [Init] bootstrap (nonroot): init complete
2021-05-06 19:17:11.000000134 UTC: [Canister wxs4v-at777-77777-aaaea-cai] [34mINFO [0m| user_shard | [Init] canister marked READY
2021-05-06 19:17:11.000000145 UTC: [Canister wqt2b-nl777-77777-aaaeq-cai] [34mINFO [0m|    ...     | [Init] 🏁 init: user_shard
2021-05-06 19:17:11.000000145 UTC: [Canister wqt2b-nl777-77777-aaaeq-cai] [34mINFO [0m|    ...     | [Memory] 💾 memory.registry: bootstrapped
2021-05-06 19:17:11.000000147 UTC: [Canister wqt2b-nl777-77777-aaaeq-cai] [34mINFO [0m| user_shard | [Init] bootstrap (nonroot): init start
2021-05-06 19:17:11.000000147 UTC: [Canister wqt2b-nl777-77777-aaaeq-cai] [34mINFO [0m| user_shard | [Init] bootstrap (nonroot): init complete
2021-05-06 19:17:11.000000147 UTC: [Canister wqt2b-nl777-77777-aaaeq-cai] [34mINFO [0m| user_shard | [Init] canister marked READY
Translation catalogue is ready before scheduled sampling
ceiling source: 64 total, 64 selected, longest path 64 bytes
2021-05-06 19:33:09.000000294 UTC: [Canister xi2pc-dl777-77777-aaaaq-cai] [33mWARN [0m|  game_hub  | [Auth] access denied code=E31 public_code=E31 kind=auth predicate=caller_is_controller context=Some("all")
Toko Miner complete public sampling maximum: 2593638 instructions; 0 application rows
sampler performance: TimerCallbackPerformanceStatus { instruction_samples_since_runtime_start: 3, instructions_latest: Some(2440046), instructions_maximum: Some(2593638), instructions_total_since_runtime_start: 7344198, memory_page_samples_since_runtime_start: 3, memory_pages_latest: Some(TimerMemoryPageSampleStatus { start: TimerMemoryPageExtentStatus { wasm_pages: 31, stable_pages: 3713 }, end: TimerMemoryPageExtentStatus { wasm_pages: 31, stable_pages: 3713 } }), maximum_wasm_memory_growth_pages: Some(7), maximum_stable_memory_growth_pages: Some(0) }
sampler checkpoint: MetricEntry { labels: ["perf", "checkpoint", "canic", "public_metrics_sample"], principal: None, value: CountAndU64 { count: 3, value_u64: 6529287 } }
family Operations: 19 rows
family Performance: 16 rows
metrics role game_hub: application Unavailable, 0 rows
2021-05-06 19:33:09.000000294 UTC: [Canister xbze6-vd777-77777-aaaba-cai] [33mWARN [0m|translation | [Auth] access denied code=E31 public_code=E31 kind=auth predicate=caller_is_controller context=Some("all")
Toko Miner complete public sampling maximum: 16062607 instructions; 0 application rows
sampler performance: TimerCallbackPerformanceStatus { instruction_samples_since_runtime_start: 3, instructions_latest: Some(15588391), instructions_maximum: Some(16062607), instructions_total_since_runtime_start: 46580060, memory_page_samples_since_runtime_start: 3, memory_pages_latest: Some(TimerMemoryPageSampleStatus { start: TimerMemoryPageExtentStatus { wasm_pages: 214, stable_pages: 14721 }, end: TimerMemoryPageExtentStatus { wasm_pages: 214, stable_pages: 14721 } }), maximum_wasm_memory_growth_pages: Some(0), maximum_stable_memory_growth_pages: Some(0) }
sampler checkpoint: MetricEntry { labels: ["perf", "checkpoint", "canic", "public_metrics_sample"], principal: None, value: CountAndU64 { count: 3, value_u64: 44094200 } }
family Operations: 16 rows
family Performance: 16 rows
metrics role translation: application Unavailable, 0 rows
2021-05-06 19:33:09.000000294 UTC: [Canister xgyck-y3777-77777-aaabq-cai] [33mWARN [0m|  user_hub  | [Auth] access denied code=E31 public_code=E31 kind=auth predicate=caller_is_controller context=Some("all")
Toko Miner complete public sampling maximum: 2739510 instructions; 0 application rows
sampler performance: TimerCallbackPerformanceStatus { instruction_samples_since_runtime_start: 3, instructions_latest: Some(2739510), instructions_maximum: Some(2739510), instructions_total_since_runtime_start: 8076390, memory_page_samples_since_runtime_start: 3, memory_pages_latest: Some(TimerMemoryPageSampleStatus { start: TimerMemoryPageExtentStatus { wasm_pages: 34, stable_pages: 11393 }, end: TimerMemoryPageExtentStatus { wasm_pages: 34, stable_pages: 11393 } }), maximum_wasm_memory_growth_pages: Some(8), maximum_stable_memory_growth_pages: Some(0) }
sampler checkpoint: MetricEntry { labels: ["perf", "checkpoint", "canic", "public_metrics_sample"], principal: None, value: CountAndU64 { count: 3, value_u64: 7501639 } }
family Operations: 19 rows
family Performance: 18 rows
metrics role user_hub: application Unavailable, 0 rows
2021-05-06 19:33:09.000000294 UTC: [Canister xt7th-zt777-77777-aaaca-cai] [33mWARN [0m| game_shard | [Auth] access denied code=E31 public_code=E31 kind=auth predicate=caller_is_controller context=Some("all")
Toko Miner complete public sampling maximum: 21487113 instructions; 194 application rows
sampler performance: TimerCallbackPerformanceStatus { instruction_samples_since_runtime_start: 3, instructions_latest: Some(20758164), instructions_maximum: Some(21487113), instructions_total_since_runtime_start: 63105953, memory_page_samples_since_runtime_start: 3, memory_pages_latest: Some(TimerMemoryPageSampleStatus { start: TimerMemoryPageExtentStatus { wasm_pages: 120, stable_pages: 11649 }, end: TimerMemoryPageExtentStatus { wasm_pages: 120, stable_pages: 11649 } }), maximum_wasm_memory_growth_pages: Some(41), maximum_stable_memory_growth_pages: Some(0) }
sampler checkpoint: MetricEntry { labels: ["perf", "checkpoint", "canic", "public_metrics_sample"], principal: None, value: CountAndU64 { count: 3, value_u64: 61101569 } }
family Operations: 16 rows
family Performance: 20 rows
metrics role game_shard: application Fresh, 194 rows
2021-05-06 19:33:09.000000294 UTC: [Canister xu6vt-ul777-77777-aaacq-cai] [33mWARN [0m| game_shard | [Auth] access denied code=E31 public_code=E31 kind=auth predicate=caller_is_controller context=Some("all")
Toko Miner complete public sampling maximum: 21511775 instructions; 194 application rows
sampler performance: TimerCallbackPerformanceStatus { instruction_samples_since_runtime_start: 3, instructions_latest: Some(20838959), instructions_maximum: Some(21511775), instructions_total_since_runtime_start: 63174541, memory_page_samples_since_runtime_start: 3, memory_pages_latest: Some(TimerMemoryPageSampleStatus { start: TimerMemoryPageExtentStatus { wasm_pages: 119, stable_pages: 11649 }, end: TimerMemoryPageExtentStatus { wasm_pages: 120, stable_pages: 11649 } }), maximum_wasm_memory_growth_pages: Some(41), maximum_stable_memory_growth_pages: Some(0) }
sampler checkpoint: MetricEntry { labels: ["perf", "checkpoint", "canic", "public_metrics_sample"], principal: None, value: CountAndU64 { count: 3, value_u64: 61250037 } }
family Operations: 16 rows
family Performance: 20 rows
metrics role game_shard: application Fresh, 194 rows
2021-05-06 19:33:09.000000294 UTC: [Canister x556p-cd777-77777-aaada-cai] [33mWARN [0m| game_shard | [Auth] access denied code=E31 public_code=E31 kind=auth predicate=caller_is_controller context=Some("all")
Toko Miner complete public sampling maximum: 21745173 instructions; 194 application rows
sampler performance: TimerCallbackPerformanceStatus { instruction_samples_since_runtime_start: 3, instructions_latest: Some(21178614), instructions_maximum: Some(21745173), instructions_total_since_runtime_start: 64106987, memory_page_samples_since_runtime_start: 3, memory_pages_latest: Some(TimerMemoryPageSampleStatus { start: TimerMemoryPageExtentStatus { wasm_pages: 120, stable_pages: 11649 }, end: TimerMemoryPageExtentStatus { wasm_pages: 120, stable_pages: 11649 } }), maximum_wasm_memory_growth_pages: Some(41), maximum_stable_memory_growth_pages: Some(0) }
sampler checkpoint: MetricEntry { labels: ["perf", "checkpoint", "canic", "public_metrics_sample"], principal: None, value: CountAndU64 { count: 3, value_u64: 62422605 } }
family Operations: 16 rows
family Performance: 20 rows
metrics role game_shard: application Fresh, 194 rows
2021-05-06 19:33:09.000000294 UTC: [Canister x24y3-p3777-77777-aaadq-cai] [33mWARN [0m| user_shard | [Auth] access denied code=E31 public_code=E31 kind=auth predicate=caller_is_controller context=Some("all")
Toko Miner complete public sampling maximum: 2007922 instructions; 0 application rows
sampler performance: TimerCallbackPerformanceStatus { instruction_samples_since_runtime_start: 3, instructions_latest: Some(2007922), instructions_maximum: Some(2007922), instructions_total_since_runtime_start: 5750655, memory_page_samples_since_runtime_start: 3, memory_pages_latest: Some(TimerMemoryPageSampleStatus { start: TimerMemoryPageExtentStatus { wasm_pages: 31, stable_pages: 11009 }, end: TimerMemoryPageExtentStatus { wasm_pages: 31, stable_pages: 11009 } }), maximum_wasm_memory_growth_pages: Some(5), maximum_stable_memory_growth_pages: Some(0) }
sampler checkpoint: MetricEntry { labels: ["perf", "checkpoint", "canic", "public_metrics_sample"], principal: None, value: CountAndU64 { count: 3, value_u64: 5424582 } }
family Operations: 16 rows
family Performance: 14 rows
metrics role user_shard: application Unavailable, 0 rows
2021-05-06 19:33:09.000000294 UTC: [Canister wxs4v-at777-77777-aaaea-cai] [33mWARN [0m| user_shard | [Auth] access denied code=E31 public_code=E31 kind=auth predicate=caller_is_controller context=Some("all")
Toko Miner complete public sampling maximum: 2005707 instructions; 0 application rows
sampler performance: TimerCallbackPerformanceStatus { instruction_samples_since_runtime_start: 3, instructions_latest: Some(2005707), instructions_maximum: Some(2005707), instructions_total_since_runtime_start: 5750067, memory_page_samples_since_runtime_start: 3, memory_pages_latest: Some(TimerMemoryPageSampleStatus { start: TimerMemoryPageExtentStatus { wasm_pages: 31, stable_pages: 11009 }, end: TimerMemoryPageExtentStatus { wasm_pages: 31, stable_pages: 11009 } }), maximum_wasm_memory_growth_pages: Some(5), maximum_stable_memory_growth_pages: Some(0) }
sampler checkpoint: MetricEntry { labels: ["perf", "checkpoint", "canic", "public_metrics_sample"], principal: None, value: CountAndU64 { count: 3, value_u64: 5343709 } }
family Operations: 16 rows
family Performance: 14 rows
metrics role user_shard: application Unavailable, 0 rows
2021-05-06 19:33:09.000000294 UTC: [Canister wqt2b-nl777-77777-aaaeq-cai] [33mWARN [0m| user_shard | [Auth] access denied code=E31 public_code=E31 kind=auth predicate=caller_is_controller context=Some("all")
Toko Miner complete public sampling maximum: 2000637 instructions; 0 application rows
sampler performance: TimerCallbackPerformanceStatus { instruction_samples_since_runtime_start: 3, instructions_latest: Some(1846475), instructions_maximum: Some(2000637), instructions_total_since_runtime_start: 5592105, memory_page_samples_since_runtime_start: 3, memory_pages_latest: Some(TimerMemoryPageSampleStatus { start: TimerMemoryPageExtentStatus { wasm_pages: 31, stable_pages: 11009 }, end: TimerMemoryPageExtentStatus { wasm_pages: 31, stable_pages: 11009 } }), maximum_wasm_memory_growth_pages: Some(5), maximum_stable_memory_growth_pages: Some(0) }
sampler checkpoint: MetricEntry { labels: ["perf", "checkpoint", "canic", "public_metrics_sample"], principal: None, value: CountAndU64 { count: 3, value_u64: 5266032 } }
family Operations: 16 rows
family Performance: 14 rows
metrics role user_shard: application Unavailable, 0 rows
Measured budgets (separate ceiling gate remains failing): [("game_hub", 2593638), ("translation", 16062607), ("user_hub", 2739510), ("game_shard", 21487113), ("game_shard", 21511775), ("game_shard", 21745173), ("user_shard", 2007922), ("user_shard", 2005707), ("user_shard", 2000637)]
2021-05-06 19:38:10.000000342 UTC: [Canister xt7th-zt777-77777-aaaca-cai] [33mWARN [0m| game_shard | [Auth] access denied code=E31 public_code=E31 kind=auth predicate=caller_is_controller context=Some("all")
Recovery source: Ok((64, ["User", "Robot", "PlanetCreature", "PlanetHazard", "Hazard", "NftToken", "Creature", "Item", "Minion", "CelestialObject", "CatalogRecipe", "MinionModule", "Rocket", "Resource", "NftCollection", "UserPrincipal", "Machine", "Location", "MinionModuleUnlock", "StarSystem", "MinionType", "RobotAppearanceOption", "QualificationXXXXXXXXXXXXXXXXXXXXXXXXXXXXXXXXXXXXXXXXXXXXXXXXX00", "QualificationXXXXXXXXXXXXXXXXXXXXXXXXXXXXXXXXXXXXXXXXXXXXXXXXX01", "QualificationXXXXXXXXXXXXXXXXXXXXXXXXXXXXXXXXXXXXXXXXXXXXXXXXX33", "QualificationXXXXXXXXXXXXXXXXXXXXXXXXXXXXXXXXXXXXXXXXXXXXXXXXX36", "QualificationXXXXXXXXXXXXXXXXXXXXXXXXXXXXXXXXXXXXXXXXXXXXXXXXX27", "QualificationXXXXXXXXXXXXXXXXXXXXXXXXXXXXXXXXXXXXXXXXXXXXXXXXX05", "QualificationXXXXXXXXXXXXXXXXXXXXXXXXXXXXXXXXXXXXXXXXXXXXXXXXX12", "QualificationXXXXXXXXXXXXXXXXXXXXXXXXXXXXXXXXXXXXXXXXXXXXXXXXX16", "QualificationXXXXXXXXXXXXXXXXXXXXXXXXXXXXXXXXXXXXXXXXXXXXXXXXX30", "QualificationXXXXXXXXXXXXXXXXXXXXXXXXXXXXXXXXXXXXXXXXXXXXXXXXX24", "QualificationXXXXXXXXXXXXXXXXXXXXXXXXXXXXXXXXXXXXXXXXXXXXXXXXX22", "QualificationXXXXXXXXXXXXXXXXXXXXXXXXXXXXXXXXXXXXXXXXXXXXXXXXX23", "QualificationXXXXXXXXXXXXXXXXXXXXXXXXXXXXXXXXXXXXXXXXXXXXXXXXX35", "QualificationXXXXXXXXXXXXXXXXXXXXXXXXXXXXXXXXXXXXXXXXXXXXXXXXX02", "QualificationXXXXXXXXXXXXXXXXXXXXXXXXXXXXXXXXXXXXXXXXXXXXXXXXX14", "QualificationXXXXXXXXXXXXXXXXXXXXXXXXXXXXXXXXXXXXXXXXXXXXXXXXX08", "QualificationXXXXXXXXXXXXXXXXXXXXXXXXXXXXXXXXXXXXXXXXXXXXXXXXX10", "QualificationXXXXXXXXXXXXXXXXXXXXXXXXXXXXXXXXXXXXXXXXXXXXXXXXX06", "QualificationXXXXXXXXXXXXXXXXXXXXXXXXXXXXXXXXXXXXXXXXXXXXXXXXX34", "QualificationXXXXXXXXXXXXXXXXXXXXXXXXXXXXXXXXXXXXXXXXXXXXXXXXX03", "QualificationXXXXXXXXXXXXXXXXXXXXXXXXXXXXXXXXXXXXXXXXXXXXXXXXX11", "QualificationXXXXXXXXXXXXXXXXXXXXXXXXXXXXXXXXXXXXXXXXXXXXXXXXX15", "QualificationXXXXXXXXXXXXXXXXXXXXXXXXXXXXXXXXXXXXXXXXXXXXXXXXX20", "QualificationXXXXXXXXXXXXXXXXXXXXXXXXXXXXXXXXXXXXXXXXXXXXXXXXX18", "QualificationXXXXXXXXXXXXXXXXXXXXXXXXXXXXXXXXXXXXXXXXXXXXXXXXX09", "QualificationXXXXXXXXXXXXXXXXXXXXXXXXXXXXXXXXXXXXXXXXXXXXXXXXX26", "QualificationXXXXXXXXXXXXXXXXXXXXXXXXXXXXXXXXXXXXXXXXXXXXXXXXX19", "QualificationXXXXXXXXXXXXXXXXXXXXXXXXXXXXXXXXXXXXXXXXXXXXXXXXX04", "QualificationXXXXXXXXXXXXXXXXXXXXXXXXXXXXXXXXXXXXXXXXXXXXXXXXX17", "QualificationXXXXXXXXXXXXXXXXXXXXXXXXXXXXXXXXXXXXXXXXXXXXXXXXX37", "QualificationXXXXXXXXXXXXXXXXXXXXXXXXXXXXXXXXXXXXXXXXXXXXXXXXX13", "QualificationXXXXXXXXXXXXXXXXXXXXXXXXXXXXXXXXXXXXXXXXXXXXXXXXX28", "QualificationXXXXXXXXXXXXXXXXXXXXXXXXXXXXXXXXXXXXXXXXXXXXXXXXX29", "QualificationXXXXXXXXXXXXXXXXXXXXXXXXXXXXXXXXXXXXXXXXXXXXXXXXX38", "QualificationXXXXXXXXXXXXXXXXXXXXXXXXXXXXXXXXXXXXXXXXXXXXXXXXX07", "QualificationXXXXXXXXXXXXXXXXXXXXXXXXXXXXXXXXXXXXXXXXXXXXXXXXX39", "QualificationXXXXXXXXXXXXXXXXXXXXXXXXXXXXXXXXXXXXXXXXXXXXXXXXX31", "QualificationXXXXXXXXXXXXXXXXXXXXXXXXXXXXXXXXXXXXXXXXXXXXXXXXX32", "QualificationXXXXXXXXXXXXXXXXXXXXXXXXXXXXXXXXXXXXXXXXXXXXXXXXX41", "QualificationXXXXXXXXXXXXXXXXXXXXXXXXXXXXXXXXXXXXXXXXXXXXXXXXX21", "QualificationXXXXXXXXXXXXXXXXXXXXXXXXXXXXXXXXXXXXXXXXXXXXXXXXX40", "QualificationXXXXXXXXXXXXXXXXXXXXXXXXXXXXXXXXXXXXXXXXXXXXXXXXX25"])); snapshot Fresh, before Some(1620329589000000000), after Some(1620330191000000000)
PASS failure isolation and recovery: xt7th-zt777-77777-aaaca-cai; real source 64 -> 65 -> 64
2021-05-06 19:48:12.000000438 UTC: [Canister xu6vt-ul777-77777-aaacq-cai] [33mWARN [0m| game_shard | [Auth] access denied code=E31 public_code=E31 kind=auth predicate=caller_is_controller context=Some("all")
Recovery source: Ok((64, ["User", "Robot", "PlanetCreature", "PlanetHazard", "Hazard", "NftToken", "Creature", "Item", "Minion", "CelestialObject", "MinionModule", "Rocket", "CatalogRecipe", "Resource", "NftCollection", "UserPrincipal", "Location", "Machine", "MinionModuleUnlock", "StarSystem", "MinionType", "RobotAppearanceOption", "QualificationXXXXXXXXXXXXXXXXXXXXXXXXXXXXXXXXXXXXXXXXXXXXXXXXX00", "QualificationXXXXXXXXXXXXXXXXXXXXXXXXXXXXXXXXXXXXXXXXXXXXXXXXX01", "QualificationXXXXXXXXXXXXXXXXXXXXXXXXXXXXXXXXXXXXXXXXXXXXXXXXX15", "QualificationXXXXXXXXXXXXXXXXXXXXXXXXXXXXXXXXXXXXXXXXXXXXXXXXX11", "QualificationXXXXXXXXXXXXXXXXXXXXXXXXXXXXXXXXXXXXXXXXXXXXXXXXX25", "QualificationXXXXXXXXXXXXXXXXXXXXXXXXXXXXXXXXXXXXXXXXXXXXXXXXX31", "QualificationXXXXXXXXXXXXXXXXXXXXXXXXXXXXXXXXXXXXXXXXXXXXXXXXX21", "QualificationXXXXXXXXXXXXXXXXXXXXXXXXXXXXXXXXXXXXXXXXXXXXXXXXX28", "QualificationXXXXXXXXXXXXXXXXXXXXXXXXXXXXXXXXXXXXXXXXXXXXXXXXX38", "QualificationXXXXXXXXXXXXXXXXXXXXXXXXXXXXXXXXXXXXXXXXXXXXXXXXX14", "QualificationXXXXXXXXXXXXXXXXXXXXXXXXXXXXXXXXXXXXXXXXXXXXXXXXX36", "QualificationXXXXXXXXXXXXXXXXXXXXXXXXXXXXXXXXXXXXXXXXXXXXXXXXX40", "QualificationXXXXXXXXXXXXXXXXXXXXXXXXXXXXXXXXXXXXXXXXXXXXXXXXX39", "QualificationXXXXXXXXXXXXXXXXXXXXXXXXXXXXXXXXXXXXXXXXXXXXXXXXX27", "QualificationXXXXXXXXXXXXXXXXXXXXXXXXXXXXXXXXXXXXXXXXXXXXXXXXX37", "QualificationXXXXXXXXXXXXXXXXXXXXXXXXXXXXXXXXXXXXXXXXXXXXXXXXX16", "QualificationXXXXXXXXXXXXXXXXXXXXXXXXXXXXXXXXXXXXXXXXXXXXXXXXX34", "QualificationXXXXXXXXXXXXXXXXXXXXXXXXXXXXXXXXXXXXXXXXXXXXXXXXX05", "QualificationXXXXXXXXXXXXXXXXXXXXXXXXXXXXXXXXXXXXXXXXXXXXXXXXX07", "QualificationXXXXXXXXXXXXXXXXXXXXXXXXXXXXXXXXXXXXXXXXXXXXXXXXX04", "QualificationXXXXXXXXXXXXXXXXXXXXXXXXXXXXXXXXXXXXXXXXXXXXXXXXX08", "QualificationXXXXXXXXXXXXXXXXXXXXXXXXXXXXXXXXXXXXXXXXXXXXXXXXX12", "QualificationXXXXXXXXXXXXXXXXXXXXXXXXXXXXXXXXXXXXXXXXXXXXXXXXX02", "QualificationXXXXXXXXXXXXXXXXXXXXXXXXXXXXXXXXXXXXXXXXXXXXXXXXX17", "QualificationXXXXXXXXXXXXXXXXXXXXXXXXXXXXXXXXXXXXXXXXXXXXXXXXX22", "QualificationXXXXXXXXXXXXXXXXXXXXXXXXXXXXXXXXXXXXXXXXXXXXXXXXX06", "QualificationXXXXXXXXXXXXXXXXXXXXXXXXXXXXXXXXXXXXXXXXXXXXXXXXX18", "QualificationXXXXXXXXXXXXXXXXXXXXXXXXXXXXXXXXXXXXXXXXXXXXXXXXX35", "QualificationXXXXXXXXXXXXXXXXXXXXXXXXXXXXXXXXXXXXXXXXXXXXXXXXX29", "QualificationXXXXXXXXXXXXXXXXXXXXXXXXXXXXXXXXXXXXXXXXXXXXXXXXX26", "QualificationXXXXXXXXXXXXXXXXXXXXXXXXXXXXXXXXXXXXXXXXXXXXXXXXX19", "QualificationXXXXXXXXXXXXXXXXXXXXXXXXXXXXXXXXXXXXXXXXXXXXXXXXX32", "QualificationXXXXXXXXXXXXXXXXXXXXXXXXXXXXXXXXXXXXXXXXXXXXXXXXX41", "QualificationXXXXXXXXXXXXXXXXXXXXXXXXXXXXXXXXXXXXXXXXXXXXXXXXX24", "QualificationXXXXXXXXXXXXXXXXXXXXXXXXXXXXXXXXXXXXXXXXXXXXXXXXX30", "QualificationXXXXXXXXXXXXXXXXXXXXXXXXXXXXXXXXXXXXXXXXXXXXXXXXX13", "QualificationXXXXXXXXXXXXXXXXXXXXXXXXXXXXXXXXXXXXXXXXXXXXXXXXX03", "QualificationXXXXXXXXXXXXXXXXXXXXXXXXXXXXXXXXXXXXXXXXXXXXXXXXX10", "QualificationXXXXXXXXXXXXXXXXXXXXXXXXXXXXXXXXXXXXXXXXXXXXXXXXX33", "QualificationXXXXXXXXXXXXXXXXXXXXXXXXXXXXXXXXXXXXXXXXXXXXXXXXX23", "QualificationXXXXXXXXXXXXXXXXXXXXXXXXXXXXXXXXXXXXXXXXXXXXXXXXX09", "QualificationXXXXXXXXXXXXXXXXXXXXXXXXXXXXXXXXXXXXXXXXXXXXXXXXX20"])); snapshot Fresh, before Some(1620330191000000000), after Some(1620330793000000000)
PASS failure isolation and recovery: xu6vt-ul777-77777-aaacq-cai; real source 64 -> 65 -> 64
2021-05-06 19:58:14.000000534 UTC: [Canister x556p-cd777-77777-aaada-cai] [33mWARN [0m| game_shard | [Auth] access denied code=E31 public_code=E31 kind=auth predicate=caller_is_controller context=Some("all")
Recovery source: Ok((64, ["User", "Robot", "PlanetCreature", "PlanetHazard", "Hazard", "NftToken", "Item", "Creature", "Minion", "CelestialObject", "MinionModule", "Rocket", "CatalogRecipe", "Resource", "NftCollection", "UserPrincipal", "Location", "Machine", "MinionModuleUnlock", "StarSystem", "MinionType", "RobotAppearanceOption", "QualificationXXXXXXXXXXXXXXXXXXXXXXXXXXXXXXXXXXXXXXXXXXXXXXXXX00", "QualificationXXXXXXXXXXXXXXXXXXXXXXXXXXXXXXXXXXXXXXXXXXXXXXXXX01", "QualificationXXXXXXXXXXXXXXXXXXXXXXXXXXXXXXXXXXXXXXXXXXXXXXXXX28", "QualificationXXXXXXXXXXXXXXXXXXXXXXXXXXXXXXXXXXXXXXXXXXXXXXXXX04", "QualificationXXXXXXXXXXXXXXXXXXXXXXXXXXXXXXXXXXXXXXXXXXXXXXXXX12", "QualificationXXXXXXXXXXXXXXXXXXXXXXXXXXXXXXXXXXXXXXXXXXXXXXXXX09", "QualificationXXXXXXXXXXXXXXXXXXXXXXXXXXXXXXXXXXXXXXXXXXXXXXXXX02", "QualificationXXXXXXXXXXXXXXXXXXXXXXXXXXXXXXXXXXXXXXXXXXXXXXXXX15", "QualificationXXXXXXXXXXXXXXXXXXXXXXXXXXXXXXXXXXXXXXXXXXXXXXXXX07", "QualificationXXXXXXXXXXXXXXXXXXXXXXXXXXXXXXXXXXXXXXXXXXXXXXXXX33", "QualificationXXXXXXXXXXXXXXXXXXXXXXXXXXXXXXXXXXXXXXXXXXXXXXXXX08", "QualificationXXXXXXXXXXXXXXXXXXXXXXXXXXXXXXXXXXXXXXXXXXXXXXXXX05", "QualificationXXXXXXXXXXXXXXXXXXXXXXXXXXXXXXXXXXXXXXXXXXXXXXXXX26", "QualificationXXXXXXXXXXXXXXXXXXXXXXXXXXXXXXXXXXXXXXXXXXXXXXXXX10", "QualificationXXXXXXXXXXXXXXXXXXXXXXXXXXXXXXXXXXXXXXXXXXXXXXXXX25", "QualificationXXXXXXXXXXXXXXXXXXXXXXXXXXXXXXXXXXXXXXXXXXXXXXXXX13", "QualificationXXXXXXXXXXXXXXXXXXXXXXXXXXXXXXXXXXXXXXXXXXXXXXXXX06", "QualificationXXXXXXXXXXXXXXXXXXXXXXXXXXXXXXXXXXXXXXXXXXXXXXXXX19", "QualificationXXXXXXXXXXXXXXXXXXXXXXXXXXXXXXXXXXXXXXXXXXXXXXXXX30", "QualificationXXXXXXXXXXXXXXXXXXXXXXXXXXXXXXXXXXXXXXXXXXXXXXXXX37", "QualificationXXXXXXXXXXXXXXXXXXXXXXXXXXXXXXXXXXXXXXXXXXXXXXXXX17", "QualificationXXXXXXXXXXXXXXXXXXXXXXXXXXXXXXXXXXXXXXXXXXXXXXXXX39", "QualificationXXXXXXXXXXXXXXXXXXXXXXXXXXXXXXXXXXXXXXXXXXXXXXXXX29", "QualificationXXXXXXXXXXXXXXXXXXXXXXXXXXXXXXXXXXXXXXXXXXXXXXXXX40", "QualificationXXXXXXXXXXXXXXXXXXXXXXXXXXXXXXXXXXXXXXXXXXXXXXXXX18", "QualificationXXXXXXXXXXXXXXXXXXXXXXXXXXXXXXXXXXXXXXXXXXXXXXXXX38", "QualificationXXXXXXXXXXXXXXXXXXXXXXXXXXXXXXXXXXXXXXXXXXXXXXXXX24", "QualificationXXXXXXXXXXXXXXXXXXXXXXXXXXXXXXXXXXXXXXXXXXXXXXXXX32", "QualificationXXXXXXXXXXXXXXXXXXXXXXXXXXXXXXXXXXXXXXXXXXXXXXXXX41", "QualificationXXXXXXXXXXXXXXXXXXXXXXXXXXXXXXXXXXXXXXXXXXXXXXXXX03", "QualificationXXXXXXXXXXXXXXXXXXXXXXXXXXXXXXXXXXXXXXXXXXXXXXXXX11", "QualificationXXXXXXXXXXXXXXXXXXXXXXXXXXXXXXXXXXXXXXXXXXXXXXXXX20", "QualificationXXXXXXXXXXXXXXXXXXXXXXXXXXXXXXXXXXXXXXXXXXXXXXXXX34", "QualificationXXXXXXXXXXXXXXXXXXXXXXXXXXXXXXXXXXXXXXXXXXXXXXXXX21", "QualificationXXXXXXXXXXXXXXXXXXXXXXXXXXXXXXXXXXXXXXXXXXXXXXXXX31", "QualificationXXXXXXXXXXXXXXXXXXXXXXXXXXXXXXXXXXXXXXXXXXXXXXXXX22", "QualificationXXXXXXXXXXXXXXXXXXXXXXXXXXXXXXXXXXXXXXXXXXXXXXXXX35", "QualificationXXXXXXXXXXXXXXXXXXXXXXXXXXXXXXXXXXXXXXXXXXXXXXXXX27", "QualificationXXXXXXXXXXXXXXXXXXXXXXXXXXXXXXXXXXXXXXXXXXXXXXXXX14", "QualificationXXXXXXXXXXXXXXXXXXXXXXXXXXXXXXXXXXXXXXXXXXXXXXXXX36", "QualificationXXXXXXXXXXXXXXXXXXXXXXXXXXXXXXXXXXXXXXXXXXXXXXXXX16", "QualificationXXXXXXXXXXXXXXXXXXXXXXXXXXXXXXXXXXXXXXXXXXXXXXXXX23"])); snapshot Fresh, before Some(1620330793000000000), after Some(1620331395000000000)
PASS failure isolation and recovery: x556p-cd777-77777-aaada-cai; real source 64 -> 65 -> 64
test qualification::metrics::managed_public_metrics_qualifies_failure_isolation ... ok

test result: ok. 1 passed; 0 failed; 0 ignored; 0 measured; 2 filtered out; finished in 25.96s

