ICP_ENVIRONMENT=local bash scripts/ci/run-with-test-scratch.sh \
	bash scripts/ci/run-workspace-tests.sh targeted-pocketic "$CANIC_POCKETIC_CASE"
workspace test inventory guard passed (40 targets: 30 parallel, 10 serial PocketIC)
==> compiler cache start: requests=5007 hits=377 misses=1356
PocketIC version alignment passed (16.0.0)
==> using pinned PocketIC server binary: /home/adam/.cache/canic/pocket-ic-server-16.0.0/pocket-ic
==> prefetching locked dependency graph for offline metadata checks
==> native ICP CLI: /home/adam/.cargo/bin/icp (icp 1.5.0)
==> shared PocketIC server ready: http://127.0.0.1:34079/
==> targeted canic-tests PocketIC integration proof
   Compiling canic-core v0.110.35 (/home/adam/projects/canic/crates/canic-core)
   Compiling canic-control-plane v0.110.35 (/home/adam/projects/canic/crates/canic-control-plane)
   Compiling canic v0.110.35 (/home/adam/projects/canic/crates/canic)
   Compiling canic-host v0.110.35 (/home/adam/projects/canic/crates/canic-host)
   Compiling canic-testing-internal v0.110.35 (/home/adam/projects/canic/crates/canic-testing-internal)
   Compiling canic-tests v0.110.35 (/home/adam/projects/canic/crates/canic-tests)
    Finished `test` profile [optimized + debuginfo] target(s) in 10.42s
     Running tests/timer_authority.rs (target/debug/deps/timer_authority-001120c4a9175fb3)

running 10 tests
test application_timers_cancel_and_recur_only_after_completion ... [WASM]       RUN    canister_test (1/1)
[WASM]       DONE   canister_test                                         9.48s
[WASM]       RUN    intent_authority (1/2)
[WASM]       RUN    runtime_probe (2/2)
[WASM]       DONE   intent_authority                                      4.84s
[WASM]       DONE   runtime_probe                                         5.64s
[WASM]       DONE   batch: 2 built, 0 cached, 0 failed                   10.48s
runtime-probe timer inventory: declared=5 scheduled=2
runtime-probe interval performance: scheduler_samples=0 work_samples=2 latest=Some(104123) maximum=Some(104123) total=208005 max_wasm_growth=Some(0) max_stable_growth=Some(0)
ok
test exact_cycles_and_runtime_metrics_require_controller ... [WASM]       RUN    canister_test (1/1)
[WASM]       DONE   canister_test                                         5.45s
ok
test finite_intent_expiry_is_rebuilt_after_upgrade_without_arming_ttl_free_work ... ok
test lifecycle_participant_reconstructs_native_timers_before_deferred_hooks ... ok
test optional_sampling_is_bounded_and_rejected_performance_preserves_cycle_tracking ... public sampling first sample, 256 checkpoints: 20841124 instructions; advisory reference: 20000000; above reference: true
public sampling repeat sample, 4096 checkpoints: 20488370 instructions; advisory reference: 20000000; above reference: true
public sampling scheduled maximum: 22043109 instructions; advisory reference: 20000000; above reference: true
ok
test public_history_costs_cover_sampling_and_independent_chart_queries ... HISTORY_COST sample rows=1 period=0 instructions=7216932
HISTORY_COST query rows=1 period=0 limit=1 HistoryCost { instructions: 95096, points: 1, total: 1, reserved_bytes: 1649076, values_valid: true }
HISTORY_COST query rows=1 period=0 limit=12 HistoryCost { instructions: 95096, points: 1, total: 1, reserved_bytes: 1649076, values_valid: true }
HISTORY_COST query rows=1 period=0 limit=288 HistoryCost { instructions: 95096, points: 1, total: 1, reserved_bytes: 1649076, values_valid: true }
HISTORY_COST sample rows=1 period=1 instructions=6874536
HISTORY_COST query rows=1 period=1 limit=1 HistoryCost { instructions: 95868, points: 1, total: 2, reserved_bytes: 1649076, values_valid: true }
HISTORY_COST query rows=1 period=1 limit=12 HistoryCost { instructions: 96614, points: 2, total: 2, reserved_bytes: 1649076, values_valid: true }
HISTORY_COST query rows=1 period=1 limit=288 HistoryCost { instructions: 96614, points: 2, total: 2, reserved_bytes: 1649076, values_valid: true }
HISTORY_COST sample rows=1 period=2 instructions=6873025
HISTORY_COST query rows=1 period=2 limit=1 HistoryCost { instructions: 96564, points: 1, total: 3, reserved_bytes: 1649076, values_valid: true }
HISTORY_COST query rows=1 period=2 limit=12 HistoryCost { instructions: 97975, points: 3, total: 3, reserved_bytes: 1649076, values_valid: true }
HISTORY_COST query rows=1 period=2 limit=288 HistoryCost { instructions: 97975, points: 3, total: 3, reserved_bytes: 1649076, values_valid: true }
HISTORY_COST sample rows=1 period=299 instructions=6728100
HISTORY_COST query rows=1 period=299 limit=1 HistoryCost { instructions: 666309, points: 1, total: 287, reserved_bytes: 1401452, values_valid: true }
HISTORY_COST query rows=1 period=299 limit=12 HistoryCost { instructions: 672287, points: 12, total: 287, reserved_bytes: 1401452, values_valid: true }
HISTORY_COST query rows=1 period=299 limit=288 HistoryCost { instructions: 978429, points: 287, total: 287, reserved_bytes: 1401452, values_valid: true }
HISTORY_COST maximum rows=1 instructions=7216932
HISTORY_COST gap rows=1 slots=0 instructions=6712302 HistoryCost { instructions: 94876, points: 1, total: 1, reserved_bytes: 1401484, values_valid: true }
HISTORY_COST gap rows=1 slots=200 instructions=6747105 HistoryCost { instructions: 96737, points: 2, total: 2, reserved_bytes: 1483972, values_valid: true }
HISTORY_COST gap rows=1 slots=0 instructions=6831230 HistoryCost { instructions: 96618, points: 2, total: 2, reserved_bytes: 1483972, values_valid: true }
HISTORY_COST gap rows=1 slots=1000 instructions=6720505 HistoryCost { instructions: 15097, points: 1, total: 1, reserved_bytes: 1401452, values_valid: true }
HISTORY_COST sample rows=100 period=0 instructions=12370021
HISTORY_COST query rows=100 period=0 limit=1 HistoryCost { instructions: 175291, points: 1, total: 1, reserved_bytes: 3445240, values_valid: true }
HISTORY_COST query rows=100 period=0 limit=12 HistoryCost { instructions: 175291, points: 1, total: 1, reserved_bytes: 3445240, values_valid: true }
HISTORY_COST query rows=100 period=0 limit=288 HistoryCost { instructions: 175291, points: 1, total: 1, reserved_bytes: 3445240, values_valid: true }
HISTORY_COST sample rows=100 period=1 instructions=12715654
HISTORY_COST query rows=100 period=1 limit=1 HistoryCost { instructions: 175867, points: 1, total: 2, reserved_bytes: 3527728, values_valid: true }
HISTORY_COST query rows=100 period=1 limit=12 HistoryCost { instructions: 176752, points: 2, total: 2, reserved_bytes: 3527728, values_valid: true }
HISTORY_COST query rows=100 period=1 limit=288 HistoryCost { instructions: 176752, points: 2, total: 2, reserved_bytes: 3527728, values_valid: true }
HISTORY_COST sample rows=100 period=2 instructions=12767052
HISTORY_COST query rows=100 period=2 limit=1 HistoryCost { instructions: 256673, points: 1, total: 3, reserved_bytes: 3527728, values_valid: true }
HISTORY_COST query rows=100 period=2 limit=12 HistoryCost { instructions: 258037, points: 3, total: 3, reserved_bytes: 3527728, values_valid: true }
HISTORY_COST query rows=100 period=2 limit=288 HistoryCost { instructions: 258037, points: 3, total: 3, reserved_bytes: 3527728, values_valid: true }
HISTORY_COST sample rows=100 period=299 instructions=12167194
HISTORY_COST query rows=100 period=299 limit=1 HistoryCost { instructions: 744976, points: 1, total: 287, reserved_bytes: 3445208, values_valid: true }
HISTORY_COST query rows=100 period=299 limit=12 HistoryCost { instructions: 751013, points: 12, total: 287, reserved_bytes: 3445208, values_valid: true }
HISTORY_COST query rows=100 period=299 limit=288 HistoryCost { instructions: 897173, points: 287, total: 287, reserved_bytes: 3445208, values_valid: true }
HISTORY_COST maximum rows=100 instructions=12768940
HISTORY_COST gap rows=100 slots=0 instructions=12865064 HistoryCost { instructions: 175144, points: 1, total: 1, reserved_bytes: 3569124, values_valid: true }
HISTORY_COST gap rows=100 slots=200 instructions=13049179 HistoryCost { instructions: 176619, points: 2, total: 2, reserved_bytes: 3692832, values_valid: true }
HISTORY_COST gap rows=100 slots=0 instructions=12868413 HistoryCost { instructions: 176770, points: 2, total: 2, reserved_bytes: 3692832, values_valid: true }
HISTORY_COST gap rows=100 slots=1000 instructions=13613266 HistoryCost { instructions: 95090, points: 1, total: 1, reserved_bytes: 3445208, values_valid: true }
HISTORY_COST sample rows=211 period=0 instructions=17939780
HISTORY_COST query rows=211 period=0 limit=1 HistoryCost { instructions: 174937, points: 1, total: 1, reserved_bytes: 5282961, values_valid: true }
HISTORY_COST query rows=211 period=0 limit=12 HistoryCost { instructions: 174937, points: 1, total: 1, reserved_bytes: 5282961, values_valid: true }
HISTORY_COST query rows=211 period=0 limit=288 HistoryCost { instructions: 174937, points: 1, total: 1, reserved_bytes: 5282961, values_valid: true }
HISTORY_COST sample rows=211 period=1 instructions=18504315
HISTORY_COST query rows=211 period=1 limit=1 HistoryCost { instructions: 95950, points: 1, total: 2, reserved_bytes: 5282961, values_valid: true }
HISTORY_COST query rows=211 period=1 limit=12 HistoryCost { instructions: 96658, points: 2, total: 2, reserved_bytes: 5282961, values_valid: true }
HISTORY_COST query rows=211 period=1 limit=288 HistoryCost { instructions: 96658, points: 2, total: 2, reserved_bytes: 5282961, values_valid: true }
HISTORY_COST sample rows=211 period=2 instructions=18159786
HISTORY_COST query rows=211 period=2 limit=1 HistoryCost { instructions: 96640, points: 1, total: 3, reserved_bytes: 5282961, values_valid: true }
HISTORY_COST query rows=211 period=2 limit=12 HistoryCost { instructions: 98011, points: 3, total: 3, reserved_bytes: 5282961, values_valid: true }
HISTORY_COST query rows=211 period=2 limit=288 HistoryCost { instructions: 98011, points: 3, total: 3, reserved_bytes: 5282961, values_valid: true }
HISTORY_COST sample rows=211 period=299 instructions=18234217
HISTORY_COST query rows=211 period=299 limit=1 HistoryCost { instructions: 504580, points: 1, total: 287, reserved_bytes: 5282961, values_valid: true }
HISTORY_COST query rows=211 period=299 limit=12 HistoryCost { instructions: 511014, points: 12, total: 287, reserved_bytes: 5282961, values_valid: true }
HISTORY_COST query rows=211 period=299 limit=288 HistoryCost { instructions: 737100, points: 287, total: 287, reserved_bytes: 5282961, values_valid: true }
HISTORY_COST maximum rows=211 instructions=18571927
HISTORY_COST gap rows=211 slots=0 instructions=17939524 HistoryCost { instructions: 174937, points: 1, total: 1, reserved_bytes: 5282961, values_valid: true }
HISTORY_COST gap rows=211 slots=200 instructions=18424499 HistoryCost { instructions: 176825, points: 2, total: 2, reserved_bytes: 5282961, values_valid: true }
HISTORY_COST gap rows=211 slots=0 instructions=18552845 HistoryCost { instructions: 176646, points: 2, total: 2, reserved_bytes: 5282961, values_valid: true }
HISTORY_COST gap rows=211 slots=1000 instructions=19675639 HistoryCost { instructions: 335169, points: 1, total: 1, reserved_bytes: 5282957, values_valid: true }
HISTORY_COST sample rows=256 period=0 instructions=18449488
HISTORY_COST query rows=256 period=0 limit=1 HistoryCost { instructions: 335120, points: 1, total: 1, reserved_bytes: 5284864, values_valid: true }
HISTORY_COST query rows=256 period=0 limit=12 HistoryCost { instructions: 335120, points: 1, total: 1, reserved_bytes: 5284864, values_valid: true }
HISTORY_COST query rows=256 period=0 limit=288 HistoryCost { instructions: 335120, points: 1, total: 1, reserved_bytes: 5284864, values_valid: true }
HISTORY_COST sample rows=256 period=1 instructions=19244438
HISTORY_COST query rows=256 period=1 limit=1 HistoryCost { instructions: 256124, points: 1, total: 2, reserved_bytes: 5284864, values_valid: true }
HISTORY_COST query rows=256 period=1 limit=12 HistoryCost { instructions: 256941, points: 2, total: 2, reserved_bytes: 5284864, values_valid: true }
HISTORY_COST query rows=256 period=1 limit=288 HistoryCost { instructions: 256941, points: 2, total: 2, reserved_bytes: 5284864, values_valid: true }
HISTORY_COST sample rows=256 period=2 instructions=19147192
HISTORY_COST query rows=256 period=2 limit=1 HistoryCost { instructions: 176751, points: 1, total: 3, reserved_bytes: 5284864, values_valid: true }
HISTORY_COST query rows=256 period=2 limit=12 HistoryCost { instructions: 178103, points: 3, total: 3, reserved_bytes: 5284864, values_valid: true }
HISTORY_COST query rows=256 period=2 limit=288 HistoryCost { instructions: 178103, points: 3, total: 3, reserved_bytes: 5284864, values_valid: true }
HISTORY_COST sample rows=256 period=299 instructions=19211119
HISTORY_COST query rows=256 period=299 limit=1 HistoryCost { instructions: 585893, points: 1, total: 287, reserved_bytes: 5284864, values_valid: true }
HISTORY_COST query rows=256 period=299 limit=12 HistoryCost { instructions: 672278, points: 12, total: 287, reserved_bytes: 5284864, values_valid: true }
HISTORY_COST query rows=256 period=299 limit=288 HistoryCost { instructions: 737865, points: 287, total: 287, reserved_bytes: 5284864, values_valid: true }
HISTORY_COST maximum rows=256 instructions=19478032
HISTORY_COST gap rows=256 slots=0 instructions=18617277 HistoryCost { instructions: 255154, points: 1, total: 1, reserved_bytes: 5284864, values_valid: true }
HISTORY_COST gap rows=256 slots=200 instructions=19249687 HistoryCost { instructions: 256850, points: 2, total: 2, reserved_bytes: 5284864, values_valid: true }
HISTORY_COST gap rows=256 slots=0 instructions=19071453 HistoryCost { instructions: 256885, points: 2, total: 2, reserved_bytes: 5284864, values_valid: true }
HISTORY_COST gap rows=256 slots=1000 instructions=20274906 HistoryCost { instructions: 175149, points: 1, total: 1, reserved_bytes: 5284864, values_valid: true }
ok
test public_history_samples_without_readers_and_resets_after_restoration ... ok
test public_memory_sampling_retains_bounded_history_at_the_source_ceiling ... CANIC164 history points=287 reserved_bytes=5277144 byte_limit=8388608 max_sample_instructions=20974053
public sampling allocation summaries with full retained history: 20974053 instructions; advisory reference: 20000000; above reference: true
ok
test public_snapshots_preserve_observer_authority ... ok
test timer_registration_capacity_and_invalid_identity_are_leak_free ... ok

test result: ok. 10 passed; 0 failed; 0 ignored; 0 measured; 0 filtered out; finished in 90.53s

==> shared PocketIC resources after targeted canic-tests PocketIC integration proof: rss=560360 kB high_water=564256 kB threads=19
==> targeted canic-tests PocketIC integration proof done in 101s
==> compiler cache delta: requests=21 hits=14 misses=0

==> workspace timing summary
kind             elapsed  result label
----             -------  ------ -----
pocketic-serial  101s     PASS   targeted canic-tests PocketIC integration proof
workspace runner wall time: 102s
WORKSPACE TESTS PASSED: all requested suites succeeded.
==> leaving Cargo build artifacts intact
==> clearing invocation-owned test scratch: test-runtime.TMpEm2
