ICP_ENVIRONMENT=local bash scripts/ci/run-with-test-scratch.sh \
	bash scripts/ci/run-workspace-tests.sh targeted-pocketic "$CANIC_POCKETIC_CASE"
workspace test inventory guard passed (39 targets: 30 parallel, 9 serial PocketIC)
PocketIC version alignment passed (16.0.0)
==> using pinned PocketIC server binary: /home/adam/.cache/canic/pocket-ic-server-16.0.0/pocket-ic
==> prefetching locked dependency graph for offline metadata checks
==> native ICP CLI: /home/adam/.cargo/bin/icp (icp 1.4.0)
==> shared PocketIC server ready: http://127.0.0.1:43071/
==> targeted canic-tests PocketIC integration proof
   Compiling canic-testing-internal v0.110.14 (/home/adam/projects/canic/crates/canic-testing-internal)
   Compiling canic-tests v0.110.14 (/home/adam/projects/canic/crates/canic-tests)
    Finished `test` profile [optimized + debuginfo] target(s) in 6.18s
     Running tests/icydb_lifecycle_composition.rs (target/debug/deps/icydb_lifecycle_composition-65cc82ad519ea489)

running 2 tests
test fixture_provisioning::published_icydb_rows_and_checkpoint_share_a_synchronous_message_commit ... [WASM]       RUN    canic_icydb_lifecycle_probe (1/1)
[WASM]       DONE   canic_icydb_lifecycle_probe                           6.29s
CANIC-165 commit=19499486 validation=20704750 receipt_replay=13658619 instructions; 8 rows, 16-byte chunks
ok
test managed_canic_and_published_icydb_share_lifecycle_and_timer_custody ... [WASM]       RUN    canic_icydb_lifecycle_probe (1/1)
[WASM]       DONE   canic_icydb_lifecycle_probe                           6.26s
Canic/IcyDB timer inventory at prepared after install:
  LogicalTimerRow { owner: "canic", subsystem: "log_retention", name: "run", scheduling_mode: Once, registration: Unregistered, condition: Idle, enabled: true }
  LogicalTimerRow { owner: "icydb", subsystem: "startup", name: "recovery", scheduling_mode: Continuation, registration: Scheduled, condition: Active, enabled: true }
Canic/IcyDB timer inventory at active after install:
  LogicalTimerRow { owner: "canic", subsystem: "intent_cleanup", name: "run", scheduling_mode: Once, registration: Unregistered, condition: Idle, enabled: true }
  LogicalTimerRow { owner: "canic", subsystem: "log_retention", name: "run", scheduling_mode: Once, registration: Unregistered, condition: Idle, enabled: true }
  LogicalTimerRow { owner: "icydb", subsystem: "startup", name: "recovery", scheduling_mode: Continuation, registration: Scheduled, condition: Active, enabled: true }
Canic/IcyDB timer inventory at prepared before upgrade:
  LogicalTimerRow { owner: "canic", subsystem: "log_retention", name: "run", scheduling_mode: Once, registration: Unregistered, condition: Idle, enabled: true }
  LogicalTimerRow { owner: "icydb", subsystem: "startup", name: "recovery", scheduling_mode: Watchdog, registration: Unregistered, condition: Idle, enabled: true }
Canic/IcyDB timer inventory at prepared after upgrade:
  LogicalTimerRow { owner: "canic", subsystem: "log_retention", name: "run", scheduling_mode: Once, registration: Unregistered, condition: Idle, enabled: true }
  LogicalTimerRow { owner: "icydb", subsystem: "startup", name: "recovery", scheduling_mode: Watchdog, registration: Unregistered, condition: Idle, enabled: true }
Canic/IcyDB timer inventory at active before upgrade:
  LogicalTimerRow { owner: "canic", subsystem: "intent_cleanup", name: "run", scheduling_mode: Once, registration: Unregistered, condition: Idle, enabled: true }
  LogicalTimerRow { owner: "canic", subsystem: "log_retention", name: "run", scheduling_mode: Once, registration: Unregistered, condition: Idle, enabled: true }
  LogicalTimerRow { owner: "icydb", subsystem: "startup", name: "recovery", scheduling_mode: Continuation, registration: Scheduled, condition: Active, enabled: true }
Canic/IcyDB timer inventory at active after upgrade:
  LogicalTimerRow { owner: "canic", subsystem: "intent_cleanup", name: "run", scheduling_mode: Once, registration: Unregistered, condition: Idle, enabled: true }
  LogicalTimerRow { owner: "canic", subsystem: "log_retention", name: "run", scheduling_mode: Once, registration: Unregistered, condition: Idle, enabled: true }
  LogicalTimerRow { owner: "icydb", subsystem: "startup", name: "recovery", scheduling_mode: Watchdog, registration: Unregistered, condition: Idle, enabled: true }
ok

test result: ok. 2 passed; 0 failed; 0 ignored; 0 measured; 0 filtered out; finished in 30.33s

==> shared PocketIC resources after targeted canic-tests PocketIC integration proof: rss=356068 kB high_water=390720 kB threads=19
==> targeted canic-tests PocketIC integration proof done in 37s

==> workspace timing summary
kind             elapsed  result label
----             -------  ------ -----
pocketic-serial  37s      PASS   targeted canic-tests PocketIC integration proof
workspace runner wall time: 38s
WORKSPACE TESTS PASSED: all requested suites succeeded.
==> leaving Cargo build artifacts intact
==> clearing invocation-owned test scratch: test-runtime.avDBZI
