   Compiling quote v1.0.47
   Compiling proc-macro2 v1.0.107
   Compiling unicode-ident v1.0.24
   Compiling version_check v0.9.5
    Checking zeroize v1.9.0
    Checking subtle v2.6.1
    Checking typenum v1.20.1
   Compiling serde_core v1.0.229
   Compiling find-msvc-tools v0.1.11
   Compiling shlex v2.0.1
    Checking const-oid v0.9.6
   Compiling autocfg v1.5.1
   Compiling object v0.39.1
    Checking cfg-if v1.0.4
   Compiling memchr v2.8.3
   Compiling libc v0.2.189
   Compiling serde v1.0.229
   Compiling crc32fast v1.5.1
   Compiling thiserror v1.0.69
   Compiling binrw v0.15.2
   Compiling binrw_derive v0.15.2
   Compiling anyhow v1.0.104
    Checking cpufeatures v0.2.17
   Compiling either v1.18.0
    Checking rand_core v0.6.4
   Compiling paste v1.0.15
   Compiling lazy_static v1.5.0
   Compiling zerocopy v0.8.56
   Compiling thiserror v2.0.18
    Checking data-encoding v2.11.1
   Compiling array-init v2.1.0
   Compiling ic-cdk-executor v2.0.0
    Checking ic0 v1.1.0
   Compiling crossbeam-utils v0.8.22
   Compiling unicode-width v0.2.2
   Compiling rustversion v1.0.23
    Checking hex v0.4.3
   Compiling typed-arena v2.0.2
   Compiling arrayvec v0.5.2
   Compiling bytemuck v1.25.2
    Checking leb128 v0.2.7
   Compiling byteorder v1.5.0
   Compiling crossbeam-epoch v0.9.20
   Compiling strsim v0.11.1
   Compiling ident_case v1.0.1
    Checking ciborium-io v0.2.2
   Compiling crossbeam-deque v0.8.7
    Checking itoa v1.0.18
   Compiling heck v0.5.0
    Checking base16ct v0.2.0
    Checking smallvec v1.16.0
   Compiling cc v1.4.4
    Checking der v0.7.10
    Checking pin-project-lite v0.2.17
   Compiling zmij v1.0.23
   Compiling rayon-core v1.13.0
    Checking futures-sink v0.3.34
   Compiling ic-cdk-timers v1.0.0
   Compiling generic-array v0.14.9
   Compiling slotmap v1.1.1
    Checking futures-core v0.3.34
   Compiling serde_json v1.0.151
    Checking half v1.8.3
    Checking winnow v1.0.4
   Compiling num-traits v0.2.19
   Compiling pretty v0.12.5
    Checking ff v0.13.1
   Compiling linktime-proc-macro v0.2.3
    Checking slab v0.4.12
    Checking regex-syntax v0.8.11
    Checking futures-io v0.3.34
    Checking clap_lex v1.1.0
    Checking link-section v0.19.3
    Checking anstyle v1.0.14
    Checking plotters-backend v0.3.7
    Checking futures-channel v0.3.34
    Checking futures-task v0.3.34
    Checking same-file v1.0.6
    Checking toml_writer v1.1.2+spec-1.1.0
    Checking cast v0.3.0
    Checking anes v0.1.6
    Checking oorandom v11.1.5
    Checking group v0.13.0
    Checking itertools v0.13.0
    Checking clap_builder v4.6.6
    Checking plotters-svg v0.3.7
    Checking toml_parser v1.1.3+spec-1.1.0
    Checking walkdir v2.5.0
    Checking pairing v0.23.0
    Checking ctor v1.0.13
   Compiling stacker v0.1.25
   Compiling alloca v0.4.0
    Checking crypto-common v0.1.6
    Checking block-buffer v0.10.4
    Checking sec1 v0.7.3
    Checking crypto-bigint v0.5.5
   Compiling syn v2.0.119
   Compiling syn v3.0.4
    Checking digest v0.10.7
   Compiling num-integer v0.1.47
    Checking sha2 v0.10.9
    Checking hmac v0.12.1
    Checking signature v2.2.0
    Checking ic_bls12_381 v0.10.1
    Checking plotters v0.3.7
    Checking regex-automata v0.4.18
    Checking rfc6979 v0.4.0
    Checking page_size v0.6.0
    Checking ic-representation-independent-hash v3.2.0
    Checking rayon v1.12.0
    Checking criterion-plot v0.8.2
    Checking ic-verify-bls-signature v0.6.0
    Checking clap v4.6.6
    Checking elliptic-curve v0.13.8
    Checking serde_bytes v0.11.19
    Checking toml_datetime v1.1.1+spec-1.1.0
    Checking serde_spanned v1.1.1
    Checking serde_path_to_error v0.1.20
    Checking ecdsa v0.16.9
    Checking toml v1.1.5+spec-1.1.0
    Checking k256 v0.13.4
    Checking regex v1.13.1
   Compiling ar_archive_writer v0.5.3
   Compiling serde_derive v1.0.229
   Compiling futures-macro v0.3.34
   Compiling remain v0.2.16
   Compiling async-trait v0.1.92
   Compiling darling_core v0.23.0
   Compiling psm v0.1.32
    Checking futures-util v0.3.34
   Compiling thiserror-impl v1.0.69
   Compiling candid_derive v0.10.35
   Compiling thiserror-impl v2.0.18
   Compiling zerocopy-derive v0.8.56
   Compiling strum_macros v0.26.4
    Checking ic-timers v0.7.0
   Compiling darling_macro v0.23.0
    Checking strum v0.26.3
   Compiling darling v0.23.0
    Checking ic_principal v0.1.5
    Checking num-bigint v0.4.8
    Checking serde_cbor v0.11.2
    Checking ic-certification v3.2.0
    Checking ic-error-types v0.2.0
    Checking tinytemplate v1.2.1
    Checking ic-stable-structures v0.7.2
    Checking futures-executor v0.3.34
    Checking futures v0.3.34
    Checking candid v0.10.35
    Checking ic-canister-sig-creation v1.3.1
    Checking half v2.7.1
    Checking ic-signature-verification v0.3.0
    Checking ciborium-ll v0.2.2
    Checking ciborium v0.2.2
    Checking ic-memory v0.12.3
    Checking criterion v0.8.2
   Compiling canic-core v0.110.7 (/home/adam/projects/canic/crates/canic-core)
   Compiling ic-cdk-macros v0.20.2
    Checking ic-cdk v0.20.2
    Finished `dev` profile [optimized + debuginfo] target(s) in 50.94s
