workspace test inventory guard passed (39 targets: 30 parallel, 9 serial PocketIC)
PocketIC version alignment passed (16.0.0)
==> using pinned PocketIC server binary: /home/adam/.cache/canic/pocket-ic-server-16.0.0/pocket-ic
==> prefetching locked dependency graph for offline metadata checks
==> shared PocketIC server ready: http://127.0.0.1:38389/
==> targeted canic-testing-internal PocketIC proof
   Compiling canic v0.110.7 (/home/adam/projects/canic/crates/canic)
   Compiling canic-control-plane v0.110.7 (/home/adam/projects/canic/crates/canic-control-plane)
   Compiling canic-host v0.110.7 (/home/adam/projects/canic/crates/canic-host)
   Compiling canic-testing-internal v0.110.7 (/home/adam/projects/canic/crates/canic-testing-internal)
    Finished `test` profile [optimized + debuginfo] target(s) in 53.52s
     Running unittests src/lib.rs (target/debug/deps/canic_testing_internal-df76281e9aadb3a1)

running 1 test
test pic::fleet_registry::baseline::tests::published_draining_root_autonomously_reaches_external_deletion_readiness ... [FLEET]      RUN    building bootstrap wasm_store artifact
[WASM]       DONE   bootstrap Store artifact                             49.51s
[FLEET]      RUN    building PIC root wasm artifact
[WASM]       RUN    delegation_root_stub (1/1)
[WASM]       DONE   delegation_root_stub                                 30.16s
[FLEET]      RUN    finished PIC wasm build
[FLEET]      DONE   root artifacts ready                                 1m 21s
[WASM]       DONE   Fleet Coordinator artifact                           22.28s
[FLEET]      DONE   Coordinator artifact ready                           22.78s
[WASM]       RUN    delegation_issuer_stub (1/1)
[WASM]       DONE   delegation_issuer_stub                                6.55s
[FLEET]      DONE   Store and Component artifacts ready                   7.87s
[FLEET]      RUN    starting PocketIC instance
[FLEET]      READY  PocketIC instance
[FLEET]      DONE   PocketIC topology ready                               0.11s
[FLEET]      DONE   Root and Store installed                              4.47s
[FLEET]      DONE   Coordinator installed                                 1.57s
[FLEET]      DONE   Root joined and synchronized                          0.15s
[FLEET]      DONE   Component Registry activated                          3.44s
[FLEET]      DONE   fresh Fleet validated                                 0.02s
[FLEET]      DONE   fresh Fleet setup complete                           2m 01s
[WASM]       RUN    delegation_root_stub (1/2)
[WASM]       RUN    cycles_ledger_stub (2/2)
[WASM]       DONE   delegation_root_stub                                 31.68s
[WASM]       CACHE  cycles_ledger_stub                                    0.01s
[WASM]       DONE   batch: 1 built, 1 cached, 0 failed                   31.69s
ok

test result: ok. 1 passed; 0 failed; 0 ignored; 0 measured; 59 filtered out; finished in 158.87s

==> shared PocketIC resources after targeted canic-testing-internal PocketIC proof: rss=353336 kB high_water=378768 kB threads=23
==> targeted canic-testing-internal PocketIC proof done in 213s

==> workspace timing summary
kind             elapsed  result label
----             -------  ------ -----
pocketic-serial  213s     PASS   targeted canic-testing-internal PocketIC proof
workspace runner wall time: 214s
WORKSPACE TESTS PASSED: all requested suites succeeded.
==> leaving Cargo build artifacts intact
==> clearing invocation-owned test scratch: test-runtime.YM1s9c
