workspace test inventory guard passed (39 targets: 30 parallel, 9 serial PocketIC)
PocketIC version alignment passed (16.0.0)
==> using pinned PocketIC server binary: /home/adam/.cache/canic/pocket-ic-server-16.0.0/pocket-ic
==> prefetching locked dependency graph for offline metadata checks
==> shared PocketIC server ready: http://127.0.0.1:34811/
==> targeted canic-testing-internal PocketIC proof
   Compiling canic-host v0.110.7 (/home/adam/projects/canic/crates/canic-host)
   Compiling canic-testing-internal v0.110.7 (/home/adam/projects/canic/crates/canic-testing-internal)
    Finished `test` profile [optimized + debuginfo] target(s) in 46.15s
     Running unittests src/lib.rs (target/debug/deps/canic_testing_internal-df76281e9aadb3a1)

running 1 test
test pic::fleet_registry::baseline::tests::explicit_root_reinstall_retains_cycle_accounts_and_pool_control ... [FLEET]      RUN    building bootstrap wasm_store artifact
[WASM]       DONE   bootstrap Store artifact                             1m 50s
[FLEET]      RUN    building PIC root wasm artifact
[WASM]       RUN    delegation_root_stub (1/1)
[WASM]       DONE   delegation_root_stub                                 58.99s
[FLEET]      RUN    finished PIC wasm build
[FLEET]      DONE   root artifacts ready                                 2m 51s
[WASM]       DONE   Fleet Coordinator artifact                           1m 00s
[FLEET]      DONE   Coordinator artifact ready                           1m 01s
[WASM]       RUN    delegation_issuer_stub (1/1)
[WASM]       DONE   delegation_issuer_stub                               44.43s
[FLEET]      DONE   Store and Component artifacts ready                  45.78s
[FLEET]      RUN    starting PocketIC instance
[FLEET]      READY  PocketIC instance
[FLEET]      DONE   PocketIC topology ready                               0.20s
[FLEET]      DONE   Root and Store installed                              4.92s
[FLEET]      DONE   Coordinator installed                                 1.63s
[FLEET]      DONE   Root joined and synchronized                          0.17s
[FLEET]      DONE   Component Registry activated                          3.58s
[FLEET]      DONE   fresh Fleet validated                                 0.02s
[FLEET]      DONE   fresh Fleet setup complete                           4m 49s
[WASM]       RUN    delegation_root_stub (1/2)
[WASM]       RUN    cycles_ledger_stub (2/2)
[WASM]       DONE   delegation_root_stub                                 55.87s
[WASM]       CACHE  cycles_ledger_stub                                    0.01s
[WASM]       DONE   batch: 1 built, 1 cached, 0 failed                   55.88s
ok

test result: ok. 1 passed; 0 failed; 0 ignored; 0 measured; 59 filtered out; finished in 347.63s

==> shared PocketIC resources after targeted canic-testing-internal PocketIC proof: rss=388856 kB high_water=404544 kB threads=19
==> targeted canic-testing-internal PocketIC proof done in 394s

==> workspace timing summary
kind             elapsed  result label
----             -------  ------ -----
pocketic-serial  394s     PASS   targeted canic-testing-internal PocketIC proof
workspace runner wall time: 395s
WORKSPACE TESTS PASSED: all requested suites succeeded.
==> leaving Cargo build artifacts intact
==> clearing invocation-owned test scratch: test-runtime.v4ODGX
