   Compiling canic-core v0.110.14 (/home/adam/projects/canic/crates/canic-core)
    Finished `test` profile [optimized + debuginfo] target(s) in 34.56s
     Running tests/stable_memory_abi_guard.rs (target/debug/deps/stable_memory_abi_guard-0c4378efa2dcceb4)

running 3 tests
test managed_memory_guard_matches_calls_without_rejecting_observation_names ... ok
test composed_memory_runtime_has_one_package_identity ... ok
test canic_managed_runtime_code_uses_managed_explicit_stable_keys ... ok

test result: ok. 3 passed; 0 failed; 0 ignored; 0 measured; 0 filtered out; finished in 0.28s

     Running tests/timer_inventory_guard.rs (target/debug/deps/timer_inventory_guard-b72cb660c876915d)

running 15 tests
test semantic_inventory_counts_macro_generated_native_calls ... ok
test recovery_takeovers_recheck_each_owners_authoritative_domain_demand ... ok
test maintained_runtime_docs_do_not_advertise_the_removed_timer_facade ... ok
test semantic_inventory_ignores_comments_and_string_literals ... ok
test semantic_inventory_detects_raw_timer_mechanics ... ok
test semantic_inventory_detects_aliased_raw_provider_imports ... ok
test pool_and_snapshot_paths_use_exact_native_owners ... ok
test semantic_inventory_observes_native_registration_method_actions ... ok
test semantic_inventory_observes_unclassified_and_duplicate_native_calls ... ok
test semantic_inventory_rejects_aliased_provider_authority ... ok
test semantic_inventory_rejects_aliased_native_registration_actions ... ok
test semantic_inventory_rejects_value_aliased_provider_authority ... ok
test timer_provider_graph_and_manifest_consumers_are_closed ... ok
test direct_raw_timer_provider_access_is_absent_from_production ... ok
test timer_registration_custody_is_closed ... ok

test result: ok. 15 passed; 0 failed; 0 ignored; 0 measured; 0 filtered out; finished in 0.98s

