   Compiling canic-cli v0.110.14 (/home/adam/projects/canic/crates/canic-cli)
    Finished `test` profile [optimized + debuginfo] target(s) in 19.36s
     Running unittests src/lib.rs (target/debug/deps/canic_cli-adbf6164a172103e)

running 15 tests
test fleet::tests::deliberate_reinstall_cannot_replace_a_reviewed_apply_digest ... ok
test fleet::tests::ensure_defaults_to_current_fleet_document ... ok
test fleet::tests::fleet_commands_are_current_generation_and_lexicographically_ordered ... ok
test fleet::tests::ensure_requires_canonical_apply_digest ... ok
test fleet::tests::fresh_generation_requires_and_retains_exact_creation_fee_authority ... ok
test fleet::tests::generate_defaults_to_policy_seed_and_desired_paths ... ok
test fleet::tests::generate_replace_requires_canonical_digest ... ok
test fleet::tests::observation_timing_is_informational_and_preserves_failed_call_counts ... ok
test fleet::tests::phase_progress_json_has_exact_operation_authority_and_numeric_counts ... ok
test fleet::tests::text_report_distinguishes_host_creates_and_ordered_reinstall_actions ... ok
test fleet::tests::recovery_review_is_visible_in_text_json_and_typed_progress ... ok
test fleet::tests::text_report_formats_every_cycle_quantity_with_three_decimal_units ... ok
test fleet::tests::text_report_formats_pending_funding_and_unobserved_balances ... ok
test fleet::tests::generated_desired_output_requires_exact_digest_for_replacement ... ok
test fleet::tests::ensure_reopens_retained_reviewed_input_when_working_toml_is_missing ... ok

test result: ok. 15 passed; 0 failed; 0 ignored; 0 measured; 460 filtered out; finished in 0.25s

     Running tests/subcommand_order.rs (target/debug/deps/subcommand_order-551767a4595f89c0)

running 2 tests
test no_arguments_prints_help_successfully ... ok
test command_help_is_ordered_and_concise ... ok

test result: ok. 2 passed; 0 failed; 0 ignored; 0 measured; 0 filtered out; finished in 0.22s

==> leaving Cargo build artifacts intact
==> clearing invocation-owned test scratch: test-runtime.KR2V7N
